   Compiling wim-format v0.1.0 (/home/rick/projects-caddy/windows-uup/crates/wimlib-rs/wim-format)
warning: function `owned_blob_bytes` is never used
  --> wim-ffi/src/handles.rs:60:15
   |
60 | pub(crate) fn owned_blob_bytes(blob: &OwnedBlob) -> Result<std::borrow::Cow<'_, [u8]>, ParseError> {
   |               ^^^^^^^^^^^^^^^^
   |
   = note: `#[warn(dead_code)]` (part of `#[warn(unused)]`) on by default

warning: `wim-ffi` (lib) generated 1 warning
   Compiling wim-ffi v0.1.0 (/home/rick/projects-caddy/windows-uup/crates/wimlib-rs/wim-ffi)
warning: `wim-ffi` (lib test) generated 1 warning (1 duplicate)
    Finished `test` profile [unoptimized + debuginfo] target(s) in 1.34s
     Running unittests src/lib.rs (crates/wimlib-rs/target/debug/deps/wim-6d788db4876031d7)

running 14 tests
test memory::tests::invalid_query_parameters_return_zero_without_allocating ... ok
test memory::tests::lzms_estimate_changes_at_suffix_array_and_interval_width_thresholds ... ok
test memory::tests::lzx_estimate_changes_at_fast_level_and_position_width_thresholds ... ok
test memory::tests::xpress_estimate_changes_at_near_optimal_threshold ... ok
test progress::tests::byte_progress_threshold_tracks_original_terminal_and_gib_rules ... ok
test progress::tests::dispatcher_preserves_context_and_maps_every_callback_status ... ok
test progress::tests::selected_structures_match_original_64_bit_layout ... ok
test properties::tests::cached_getter_storage_survives_other_cache_insertions_and_failed_mutations ... ok
test properties::tests::platform_text_supports_utf8_names_and_tracks_indexed_paths ... ok
test properties::tests::property_validation_precedes_image_validation_and_empty_values_delete ... ok
test tests::static_strings_preserve_lifetime_and_sparse_error_values ... ok
test tests::version_uses_original_bit_layout ... ok
test text_file::tests::bom_and_initial_ascii_nul_detection_match_original ... ok
test text_file::tests::unix_utf8_copy_keeps_invalid_bytes_and_embedded_nuls ... ok

test result: ok. 14 passed; 0 failed; 0 ignored; 0 measured; 0 filtered out; finished in 0.00s

     Running tests/compress.rs (crates/wimlib-rs/target/debug/deps/compress-885eb884e04e3858)

running 2 tests
test compressor_factory_preserves_output_pointer_on_validation_failure ... ok
test compressor_reuses_handle_after_capacity_and_maximum_failures ... ok

test result: ok. 2 passed; 0 failed; 0 ignored; 0 measured; 0 filtered out; finished in 0.01s

     Running tests/decompress.rs (crates/wimlib-rs/target/debug/deps/decompress-9f3a24dc7c2b936b)

running 2 tests
test factory_preserves_failed_output_and_prioritizes_invalid_codec ... ok
test oversized_request_does_not_dereference_null_buffers ... ok

test result: ok. 2 passed; 0 failed; 0 ignored; 0 measured; 0 filtered out; finished in 0.00s

     Running tests/decompress_allocation.rs (crates/wimlib-rs/target/debug/deps/decompress_allocation-66d3fe36c5dd2a01)

running 1 test
test factory_maps_every_workspace_and_handle_allocation_failure_to_nomem ... ok

test result: ok. 1 passed; 0 failed; 0 ignored; 0 measured; 0 filtered out; finished in 0.04s

     Running tests/dir_tree.rs (crates/wimlib-rs/target/debug/deps/dir_tree-96ccfee38510dfd6)

running 3 tests
test callback_nonzero_result_stops_before_later_children ... ok
test resources_needed_checks_skipped_parent_before_children_callback ... ok
test children_and_recursive_flags_preserve_absolute_paths_and_preorder ... ok

test result: ok. 3 passed; 0 failed; 0 ignored; 0 measured; 0 filtered out; finished in 0.00s

     Running tests/export.rs (crates/wimlib-rs/target/debug/deps/export-0befdbbd8c39ab92)

running 6 tests
test invalid_flags_and_empty_same_handle_exports_follow_validation_order ... ok
test invalid_export_name_leaves_destination_unchanged ... ok
test export_suppression_boot_and_wimboot_flags_change_owned_xml ... ok
test exported_pending_metadata_survives_source_release ... ok
test repeated_and_round_trip_exports_reject_shared_image_identity ... ok
test writing_one_export_owner_materializes_the_same_root_in_every_owner ... ok

test result: ok. 6 passed; 0 failed; 0 ignored; 0 measured; 0 filtered out; finished in 0.00s

     Running tests/handles.rs (crates/wimlib-rs/target/debug/deps/handles-43ce93dc6d8c9b88)

running 3 tests
test create_failure_preserves_output_and_parameter_precedence ... ok
test invalid_open_preserves_output ... ok
test new_handles_keep_input_and_output_compression_separate ... ok

test result: ok. 3 passed; 0 failed; 0 ignored; 0 measured; 0 filtered out; finished in 0.00s

     Running tests/image_mutation.rs (crates/wimlib-rs/target/debug/deps/image_mutation-44037386e53d6ef6)

running 3 tests
test invalid_name_does_not_append_an_image_or_change_index ... ok
test empty_image_owns_a_real_security_table_and_null_root ... ok
test empty_image_deletion_aligns_xml_owned_images_and_boot_index ... ok

test result: ok. 3 passed; 0 failed; 0 ignored; 0 measured; 0 filtered out; finished in 0.00s

     Running tests/info.rs (crates/wimlib-rs/target/debug/deps/info-57e7d3a15ab5b64c)

running 3 tests
test output_compression_settings_repair_chunks_and_preserve_input_info ... ok
test integrity_presence_uses_header_offset_not_resource_size ... ok
test wim_info_has_original_layout_and_masked_mutations_are_atomic ... ok

test result: ok. 3 passed; 0 failed; 0 ignored; 0 measured; 0 filtered out; finished in 0.00s

     Running tests/lookup.rs (crates/wimlib-rs/target/debug/deps/lookup-53e8987ad35634a3)

running 2 tests
test invalid_lookup_flags_are_rejected_before_handle_access ... ok
test resource_entry_matches_host_c_layout ... ok

test result: ok. 2 passed; 0 failed; 0 ignored; 0 measured; 0 filtered out; finished in 0.00s

     Running tests/lookup_allocations.rs (crates/wimlib-rs/target/debug/deps/lookup_allocations-e6adb757bb937422)

running 1 test
test repeated_lookup_iteration_allocates_nothing ... ok

test result: ok. 1 passed; 0 failed; 0 ignored; 0 measured; 0 filtered out; finished in 0.00s

     Running tests/open_progress.rs (crates/wimlib-rs/target/debug/deps/open_progress-f44292b1072125fc)

running 2 tests
test callback_abort_and_unknown_status_leave_output_unchanged ... ok
test successful_open_reports_chunks_and_retains_borrowed_registration ... ok

test result: ok. 2 passed; 0 failed; 0 ignored; 0 measured; 0 filtered out; finished in 0.00s

     Running tests/references.rs (crates/wimlib-rs/target/debug/deps/references-57d13a2f475cf855)

running 3 tests
test null_entry_validation_precedes_any_handle_reference_changes ... ok
test handle_references_keep_data_after_source_release_and_do_not_import_images ... ok
test file_reference_failure_rolls_back_new_resources_and_success_keeps_snapshot ... ok

test result: ok. 3 passed; 0 failed; 0 ignored; 0 measured; 0 filtered out; finished in 0.00s

     Running tests/split_join.rs (crates/wimlib-rs/target/debug/deps/split_join-f4673a5744636fe3)

running 2 tests
test split_and_join_validate_empty_names_sizes_and_part_counts ... ok
test split_filenames_and_reverse_join_preserve_content_and_current_xml ... ok

test result: ok. 2 passed; 0 failed; 0 ignored; 0 measured; 0 filtered out; finished in 0.00s

     Running tests/text_file.rs (crates/wimlib-rs/target/debug/deps/text_file-de09d4208fc5292b)

running 2 tests
test malformed_utf16_keeps_both_output_parameters_unchanged ... ok
test output_length_counts_embedded_nuls_and_c_free_releases_the_allocation ... ok

test result: ok. 2 passed; 0 failed; 0 ignored; 0 measured; 0 filtered out; finished in 0.00s

     Running tests/verify.rs (crates/wimlib-rs/target/debug/deps/verify-0ea22c31352c65d9)

running 1 test
test verify_rejects_invalid_arguments_and_accepts_empty_wim ... ok

test result: ok. 1 passed; 0 failed; 0 ignored; 0 measured; 0 filtered out; finished in 0.00s

     Running tests/write.rs (crates/wimlib-rs/target/debug/deps/write-d94cb776bfdde560)

running 3 tests
test write_rejects_invalid_arguments_before_touching_output ... ok
test write_to_nonseekable_descriptor_requires_pipable_and_preserves_descriptor_ownership ... ok
test buffered_writer_persists_pending_empty_images_with_independent_solid_settings ... ok

test result: ok. 3 passed; 0 failed; 0 ignored; 0 measured; 0 filtered out; finished in 0.02s

     Running tests/xml_data.rs (crates/wimlib-rs/target/debug/deps/xml_data-8bebf185ec569fd1)

running 1 test
test new_handle_xml_returns_empty_original_resource_and_validates_outputs ... ok

test result: ok. 1 passed; 0 failed; 0 ignored; 0 measured; 0 filtered out; finished in 0.00s

     Running unittests src/lib.rs (crates/wimlib-rs/target/debug/deps/wim_format-9ab82c210701a128)

running 14 tests
test lookup::tests::absent_metadata_reconciles_first_part_image_count_and_ignores_trailing_bytes ... ok
test lookup::tests::disk_record_retains_exact_layout_and_rejects_every_truncation ... ok
test lookup::tests::filtering_does_not_bypass_uncompressed_size_validation ... ok
test lookup::tests::ignores_zero_hash_empty_wrong_part_and_unreferenced_metadata ... ok
test lookup::tests::first_duplicate_wins_and_metadata_follows_table_order ... ok
test lookup::tests::solid_blobs_use_concatenated_resource_offsets_and_descriptor_size_as_blob_length ... ok
test lookup::tests::ordinary_version_ignores_solid_flag_and_metadata_requires_single_reference ... ok
test lookup::tests::solid_metadata_and_missing_backing_resource_are_rejected ... ok
test lookup::tests::solid_overlaps_are_rejected_but_out_of_order_disjoint_blobs_are_accepted ... ok
test archive::tests::content_digest_detects_raw_resource_corruption ... ok
test repack::tests::refuses_split_or_unresolved_image_content ... ok
test repack::tests::preserves_boot_resource_and_normalizes_invalid_boot_index ... ok
test archive::tests::generated_original_resources_resolve_and_decode_in_all_layouts ... ok
test repack::tests::original_images_roundtrip_with_metadata_xml_hashes_and_integrity ... ok

test result: ok. 14 passed; 0 failed; 0 ignored; 0 measured; 0 filtered out; finished in 0.28s

     Running tests/archive_xml_stats.rs (crates/wimlib-rs/target/debug/deps/archive_xml_stats-14d682074d5585ae)

running 2 tests
test pipable_preliminary_xml_omits_stored_byte_statistics ... ok
test all_layouts_report_new_stored_bytes_before_xml ... ok

test result: ok. 2 passed; 0 failed; 0 ignored; 0 measured; 0 filtered out; finished in 0.02s

     Running tests/file_resource.rs (crates/wimlib-rs/target/debug/deps/file_resource-31234f3b2bba2254)

running 8 tests
test decreasing_selected_boundaries_fail_without_decoding ... ok
test compressed_range_reads_only_intersecting_body ... ok
test ordinary_huge_table_reads_only_two_boundaries_and_raw_selection ... ok
test sparse_raw_range_reads_only_selected_bytes ... ok
test truncated_file_span_fails_before_output_allocation ... ok
test underlying_seek_error_is_preserved ... ok
test solid_prefix_is_streamed_without_large_table_read ... ok
test original_layout_fixtures_decode_selected_chunks ... ok

test result: ok. 8 passed; 0 failed; 0 ignored; 0 measured; 0 filtered out; finished in 0.01s

     Running tests/header.rs (crates/wimlib-rs/target/debug/deps/header-34bfb90a09be3434)

running 11 tests
test basic_field_errors_match_upstream_order ... ok
test compression_precedence_and_chunk_bounds_match_c ... ok
test file_size_guard_and_zero_image_count_match_upstream ... ok
test pipable_magic_and_noncanonical_flags_are_not_rejected ... ok
test every_truncated_header_returns_eof ... ok
test reserved_bytes_roundtrip_but_canonical_writer_zeros_them ... ok
test seekable_pipable_ignores_placeholder_header_fields ... ok
test resource_uses_56_bit_size_and_preserves_unknown_flags ... ok
test seekable_pipable_retains_initial_magic_without_validating_final_magic ... ok
test upstream_header_roundtrips ... ok
test seekable_pipable_uses_final_header ... ok

test result: ok. 11 passed; 0 failed; 0 ignored; 0 measured; 0 filtered out; finished in 0.00s

     Running tests/image_build.rs (crates/wimlib-rs/target/debug/deps/image_build-390c549fc483df73)

running 3 tests
test zero_image_archive_is_writable_and_openable ... ok
test rejects_duplicate_nonempty_names_missing_blobs_and_invalid_boot_selection ... ok
test newly_built_images_preserve_streams_links_properties_and_boot ... ok

test result: ok. 3 passed; 0 failed; 0 ignored; 0 measured; 0 filtered out; finished in 0.01s

     Running tests/image_ops.rs (crates/wimlib-rs/target/debug/deps/image_ops-946ee76cdb22f538)

running 4 tests
test export_rejects_name_collision_without_changing_destination ... ok
test invalid_selection_rejected_without_output ... ok
test selected_image_preserves_xml_metadata_and_content ... ok
test export_into_empty_destination_preserves_content_and_deduplicates ... ok

test result: ok. 4 passed; 0 failed; 0 ignored; 0 measured; 0 filtered out; finished in 0.00s

     Running tests/image_resolution.rs (crates/wimlib-rs/target/debug/deps/image_resolution-9b1a1d41adb02aaa)

running 1 test
test image_resolution_obeys_numeric_precedence_and_exact_names ... ok

test result: ok. 1 passed; 0 failed; 0 ignored; 0 measured; 0 filtered out; finished in 0.00s

     Running tests/integrity.rs (crates/wimlib-rs/target/debug/deps/integrity-ee6c79fbf3db7b63)

running 9 tests
test absence_uses_offset_and_bad_coverage_is_rejected ... ok
test covered_corruption_fails_but_header_and_xml_corruption_are_outside_coverage ... ok
test archive_integrity_progress_preserves_absence_and_callback_failure_precedence ... ok
test malformed_table_fields_are_rejected ... ok
test progress_reports_initial_and_completed_chunks_and_cancels_after_chunk ... ok
test truncation_is_distinct_from_mismatch_and_initial_cancellation_wins ... ok
test upstream_accepts_nonstandard_chunk_size_and_partial_fourth_chunk ... ok
test upstream_generated_integrity_table_verifies_and_recalculates_identically ... ok
test chunk_boundaries_empty_and_partial_final_chunks_roundtrip ... ok

test result: ok. 9 passed; 0 failed; 0 ignored; 0 measured; 0 filtered out; finished in 0.00s

     Running tests/metadata.rs (crates/wimlib-rs/target/debug/deps/metadata-2c3b5fe47dcb382a)

running 10 tests
test encrypted_stream_and_empty_images_match_upstream_rules ... ok
test filters_invalid_and_duplicate_names_and_orders_utf16 ... ok
test named_and_unnamed_stream_order_matches_upstream ... ok
test hardlinks_merge_only_consistent_regular_file_data ... ok
test preserves_names_and_accepts_upstream_unchecked_terminator ... ok
test parses_original_c_metadata_losslessly ... ok
test rejects_cycles_without_recursive_stack_overflow ... ok
test security_table_checks_sizes_and_preserves_opaque_descriptors ... ok
test resolves_tagged_items_and_tolerates_malformed_tail ... ok
test truncation_and_overflow_never_panic ... ok

test result: ok. 10 passed; 0 failed; 0 ignored; 0 measured; 0 filtered out; finished in 0.00s

     Running tests/metadata_write.rs (crates/wimlib-rs/target/debug/deps/metadata_write-0df444f5c7b77dc4)

running 10 tests
test child_cycle_is_rejected ... ok
test duplicate_names_are_rejected ... ok
test odd_utf16_names_are_rejected ... ok
test invalid_security_id_normalizes_when_imported ... ok
test newly_constructed_named_stream_writes_upstream_terminator_and_alignment ... ok
test original_metadata_lossless_write_preserves_every_byte ... ok
test owned_original_metadata_preserves_visible_inode_fields ... ok
test unreachable_nodes_are_rejected ... ok
test rebuilt_offsets_retain_nested_tree_and_hardlinks ... ok
test windows_opaque_fields_survive_construction ... ok

test result: ok. 10 passed; 0 failed; 0 ignored; 0 measured; 0 filtered out; finished in 0.00s

     Running tests/ntfs_upcase.rs (crates/wimlib-rs/target/debug/deps/ntfs_upcase-a9ebde024c9e2096)

running 1 test
test native_ntfs_uppercase_preserves_windows_specific_mappings ... FAILED

failures:

---- native_ntfs_uppercase_preserves_windows_specific_mappings stdout ----

thread 'native_ntfs_uppercase_preserves_windows_specific_mappings' (5680) panicked at wim-format/tests/ntfs_upcase.rs:6:5:
assertion `left == right` failed
  left: 962
 right: 931
note: run with `RUST_BACKTRACE=1` environment variable to display a backtrace


failures:
    native_ntfs_uppercase_preserves_windows_specific_mappings

test result: FAILED. 0 passed; 1 failed; 0 ignored; 0 measured; 0 filtered out; finished in 0.00s

error: test failed, to rerun pass `-p wim-format --test ntfs_upcase`
