
running 25 tests
test blob_index::tests::growth_reinserts_old_head_chains_instead_of_sorting_hashes ... ok
test blob_index::tests::unlink_reinsert_and_checkpoint_preserve_actual_history ... ok
test memory::tests::invalid_query_parameters_return_zero_without_allocating ... ok
test memory::tests::lzms_estimate_changes_at_suffix_array_and_interval_width_thresholds ... ok
test memory::tests::lzx_estimate_changes_at_fast_level_and_position_width_thresholds ... ok
test memory::tests::xpress_estimate_changes_at_near_optimal_threshold ... ok
test extract::unix::tests::stream_totals_count_identical_files_once_per_inode_and_ignore_named_streams ... ok
test progress::tests::byte_progress_threshold_tracks_original_terminal_and_gib_rules ... ok
test progress::tests::dispatcher_preserves_context_and_maps_every_callback_status ... ok
test progress::tests::selected_structures_match_original_64_bit_layout ... ok
test test_support::generate::tests::generated_graphs_and_payloads_match_original_seed_images ... ignored, requires independently original-generated seed0..7 WIMs
test properties::tests::cached_getter_storage_survives_other_cache_insertions_and_failed_mutations ... ok
test properties::tests::platform_text_supports_utf8_names_and_tracks_indexed_paths ... ok
test properties::tests::property_validation_precedes_image_validation_and_empty_values_delete ... ok
test test_support::random::tests::overflowing_seed_uses_wrapping_original_arithmetic ... ok
test test_support::random::tests::wide_draw_consumes_high_half_before_low_half ... ok
test test_support::random::tests::zero_seed_matches_original_lcg_transitions ... ok
test tests::static_strings_preserve_lifetime_and_sparse_error_values ... ok
test tests::version_uses_original_bit_layout ... ok
test blob_index::tests::allocator_callbacks_can_traverse_during_real_reserve_growth_and_release ... ok
test text_file::tests::bom_and_initial_ascii_nul_detection_match_original ... ok
test test_support::tests::rejects_changed_hardlink_equivalence_even_with_identical_data ... ok
test test_support::tests::compares_stream_hashes_and_platform_timestamp_policies ... ok
test text_file::tests::unix_utf8_copy_keeps_invalid_bytes_and_embedded_nuls ... ok
test blob_index::tests::original_c_growth_unlink_and_failed_growth_chains_match ... ok

test result: ok. 24 passed; 0 failed; 1 ignored; 0 measured; 0 filtered out; finished in 0.00s


running 7 tests
test grafting_at_image_root_clears_long_and_dos_names ... ok
test overlay_remaps_and_deduplicates_branch_security_descriptors ... ok
test configuration_excludes_subtrees_and_keeps_exception_ancestors ... ok
test deferred_reader_reports_original_truncation_and_missing_source_errors ... ok
test mapped_branch_root_clears_dos_name_and_preserves_child_dos_name ... ok
test root_symlinks_are_dereferenced_and_absolute_child_links_are_fixed ... ok
test scan_retains_shared_hardlink_streams_and_reads_later_source_contents ... ok

test result: ok. 7 passed; 0 failed; 0 ignored; 0 measured; 0 filtered out; finished in 0.00s


running 6 tests
test invalid_flags_and_empty_same_handle_exports_follow_validation_order ... ok
test invalid_export_name_leaves_destination_unchanged ... ok
test repeated_and_round_trip_exports_reject_shared_image_identity ... ok
test exported_pending_metadata_survives_source_release ... ok
test export_suppression_boot_and_wimboot_flags_change_owned_xml ... ok
test writing_one_export_owner_materializes_the_same_root_in_every_owner ... ok

test result: ok. 6 passed; 0 failed; 0 ignored; 0 measured; 0 filtered out; finished in 0.00s


running 3 tests
test invalid_name_does_not_append_an_image_or_change_index ... ok
test empty_image_owns_a_real_security_table_and_null_root ... ok
test empty_image_deletion_aligns_xml_owned_images_and_boot_index ... ok

test result: ok. 3 passed; 0 failed; 0 ignored; 0 measured; 0 filtered out; finished in 0.00s


running 2 tests
test invalid_lookup_flags_are_rejected_before_handle_access ... ok
test resource_entry_matches_host_c_layout ... ok

test result: ok. 2 passed; 0 failed; 0 ignored; 0 measured; 0 filtered out; finished in 0.00s


running 1 test
test repeated_lookup_iteration_allocates_nothing ... ok

test result: ok. 1 passed; 0 failed; 0 ignored; 0 measured; 0 filtered out; finished in 0.00s


running 3 tests
test null_entry_validation_precedes_any_handle_reference_changes ... ok
test handle_references_keep_data_after_source_release_and_do_not_import_images ... ok
test file_reference_failure_rolls_back_new_resources_and_success_keeps_snapshot ... ok

test result: ok. 3 passed; 0 failed; 0 ignored; 0 measured; 0 filtered out; finished in 0.00s


running 1 test
test template_copies_real_checksum_without_opening_deleted_capture_source ... ok

test result: ok. 1 passed; 0 failed; 0 ignored; 0 measured; 0 filtered out; finished in 0.00s


running 3 tests
test update_command_layout_matches_original_linux_x64_probe ... ok
test failed_batch_restores_empty_image_after_captured_tree_attachment ... ok
test cancellation_at_each_command_boundary_restores_metadata_and_blob_counts ... ok

test result: ok. 3 passed; 0 failed; 0 ignored; 0 measured; 0 filtered out; finished in 0.00s


running 1 test
test canonical_path_allocation_failure_preserves_image_and_allows_retry ... ok

test result: ok. 1 passed; 0 failed; 0 ignored; 0 measured; 0 filtered out; finished in 0.00s

