2026-10-04 12:08:55, Info                  DISM   PID=3924 TID=6880 Scratch directory set to 'C:\WINDOWS\SystemTemp\'. - CDISMManager::put_ScratchDir
2026-10-04 12:08:55, Info                  DISM   PID=3924 TID=6880 DismCore.dll version: 10.0.26100.7920 - CDISMManager::FinalConstruct
2026-10-04 12:08:55, Info                  DISM   Initialized Panther logging at C:\wim-uup-validation-1791110582335113548\servicing\logs\dism-5.log
2026-10-04 12:08:55, Info                  DISM   PID=3924 TID=6880 Successfully loaded the ImageSession at "C:\WINDOWS\system32\Dism" - CDISMManager::LoadLocalImageSession
2026-10-04 12:08:55, Info                  DISM   Initialized Panther logging at C:\wim-uup-validation-1791110582335113548\servicing\logs\dism-5.log
2026-10-04 12:08:55, Info                  DISM   DISM Provider Store: PID=3924 TID=6880 Found and Initialized the DISM Logger. - CDISMProviderStore::Internal_InitializeLogger
2026-10-04 12:08:55, Info                  DISM   Initialized Panther logging at C:\wim-uup-validation-1791110582335113548\servicing\logs\dism-5.log
2026-10-04 12:08:55, Info                  DISM   DISM Manager: PID=3924 TID=6880 Successfully created the local image session and provider store. - CDISMManager::CreateLocalImageSession
2026-10-04 12:08:55, Info                  DISM   DISM.EXE: 
2026-10-04 12:08:55, Info                  DISM   DISM.EXE: <----- Starting Dism.exe session ----->
2026-10-04 12:08:55, Info                  DISM   DISM.EXE: 
2026-10-04 12:08:55, Info                  DISM   DISM.EXE: Host machine information: OS Version=10.0.26200, Running architecture=amd64, Number of processors=4
2026-10-04 12:08:55, Info                  DISM   DISM.EXE: Instance information: Parent process=C:\wim-uup-validation-1791110582335113548\servicing-fixed.exe, Parent process PID=6172
2026-10-04 12:08:55, Info                  DISM   DISM.EXE: Dism.exe version: 10.0.26100.5074
2026-10-04 12:08:55, Info                  DISM   DISM.EXE: Executing command line: "dism.exe" /Image:C:\wim-uup-validation-1791110582335113548\servicing\mount /Get-PackageInfo /PackagePath:D:\UUPs\SSU-19041.7714-x64.cab /LogPath:C:\wim-uup-validation-1791110582335113548\servicing\logs\dism-5.log /English /NoRestart
2026-10-04 12:08:55, Info                  DISM   DISM FFU Provider: PID=3924 TID=6880 [C:\wim-uup-validation-1791110582335113548\servicing\mount] is not recognized by the DISM FFU provider. - CFfuImage::Initialize
2026-10-04 12:08:55, Info                  DISM   DISM Imaging Provider: PID=3924 TID=6880 The provider FfuManager does not support CreateDismImage on C:\wim-uup-validation-1791110582335113548\servicing\mount - CGenericImagingManager::CreateDismImage
2026-10-04 12:08:55, Info                  DISM   DISM VHD Provider: PID=3924 TID=6880 [C:\wim-uup-validation-1791110582335113548\servicing\mount] is not recognized by the DISM VHD provider. - CVhdImage::Initialize
2026-10-04 12:08:55, Info                  DISM   DISM Imaging Provider: PID=3924 TID=6880 The provider VHDManager does not support CreateDismImage on C:\wim-uup-validation-1791110582335113548\servicing\mount - CGenericImagingManager::CreateDismImage
2026-10-04 12:08:55, Info                  DISM   DISM Manager: PID=3924 TID=6880 physical location path: C:\wim-uup-validation-1791110582335113548\servicing\mount - CDISMManager::CreateImageSession
2026-10-04 12:08:55, Info                  DISM   DISM Manager: PID=3924 TID=6880 Event name for current DISM session is Global\__?_Volume{f8ca6cb5-12a2-470c-bfdf-fe35d8c84a63}__1343813490_65536_193084 - CDISMManager::CheckSessionAndLock
2026-10-04 12:08:55, Info                  DISM   DISM Manager: PID=3924 TID=6880 Create session event 0x2b8 for current DISM session and event name is Global\__?_Volume{f8ca6cb5-12a2-470c-bfdf-fe35d8c84a63}__1343813490_65536_193084  - CDISMManager::CheckSessionAndLock
2026-10-04 12:08:55, Info                  DISM   DISM Manager: PID=3924 TID=6880 Copying DISM from "C:\wim-uup-validation-1791110582335113548\servicing\mount\Windows\System32\Dism" - CDISMManager::CreateImageSessionFromLocation
2026-10-04 12:08:55, Info                  DISM   DISM Manager: PID=3924 TID=6880 Successfully loaded the ImageSession at "C:\WINDOWS\SystemTemp\8B868EE6-E0F5-48F9-9258-FEE3F2607838" - CDISMManager::LoadRemoteImageSession
2026-10-04 12:08:55, Info                  DISM   DISM Image Session: PID=1084 TID=5216 Instantiating the Provider Store. - CDISMImageSession::get_ProviderStore
2026-10-04 12:08:55, Info                  DISM   DISM Provider Store: PID=1084 TID=5216 Initializing a provider store for the IMAGE session type. - CDISMProviderStore::Final_OnConnect
2026-10-04 12:08:55, Info                  DISM   DISM Provider Store: PID=1084 TID=5216 Connecting to the provider located at C:\WINDOWS\SystemTemp\8B868EE6-E0F5-48F9-9258-FEE3F2607838\OSProvider.dll. - CDISMProviderStore::Internal_LoadProvider
2026-10-04 12:08:55, Info                  DISM   DISM OS Provider: PID=1084 TID=5216 Defaulting SystemPath to C:\wim-uup-validation-1791110582335113548\servicing\mount - CDISMOSServiceManager::Final_OnConnect
2026-10-04 12:08:55, Info                  DISM   DISM OS Provider: PID=1084 TID=5216 Defaulting Windows folder to C:\wim-uup-validation-1791110582335113548\servicing\mount\Windows - CDISMOSServiceManager::Final_OnConnect
2026-10-04 12:08:55, Info                  DISM   DISM Provider Store: PID=1084 TID=5216 Attempting to initialize the logger from the Image Session. - CDISMProviderStore::Final_OnConnect
2026-10-04 12:08:55, Info                  DISM   DISM Provider Store: PID=1084 TID=5216 Connecting to the provider located at C:\WINDOWS\SystemTemp\8B868EE6-E0F5-48F9-9258-FEE3F2607838\LogProvider.dll. - CDISMProviderStore::Internal_LoadProvider
2026-10-04 12:08:55, Info                  DISM   Initialized Panther logging at C:\wim-uup-validation-1791110582335113548\servicing\logs\dism-5.log
2026-10-04 12:08:55, Info                  DISM   DISM Provider Store: PID=1084 TID=5216 Found and Initialized the DISM Logger. - CDISMProviderStore::Internal_InitializeLogger
2026-10-04 12:08:55, Warning               DISM   DISM Provider Store: PID=1084 TID=5216 Failed to load the provider: C:\WINDOWS\SystemTemp\8B868EE6-E0F5-48F9-9258-FEE3F2607838\PEProvider.dll. - CDISMProviderStore::Internal_GetProvider(hr:0x8007007e)
2026-10-04 12:08:55, Info                  DISM   DISM Provider Store: PID=1084 TID=5216 Failed to get and initialize the PE Provider.  Continuing by assuming that it is not a WinPE image. - CDISMProviderStore::Final_OnConnect
2026-10-04 12:08:55, Info                  DISM   DISM Provider Store: PID=1084 TID=5216 Finished initializing the Provider Map. - CDISMProviderStore::Final_OnConnect
2026-10-04 12:08:55, Info                  DISM   Initialized Panther logging at C:\wim-uup-validation-1791110582335113548\servicing\logs\dism-5.log
2026-10-04 12:08:55, Info                  DISM   Initialized Panther logging at C:\wim-uup-validation-1791110582335113548\servicing\logs\dism-5.log
2026-10-04 12:08:55, Info                  DISM   DISM Manager: PID=3924 TID=6880 Image session successfully loaded from location: C:\WINDOWS\SystemTemp\8B868EE6-E0F5-48F9-9258-FEE3F2607838 - CDISMManager::CreateImageSession
2026-10-04 12:08:55, Info                  DISM   DISM OS Provider: PID=1084 TID=5828 Setting SystemPath to C:\wim-uup-validation-1791110582335113548\servicing\mount - CDISMOSServiceManager::SetSystemPath
2026-10-04 12:08:55, Info                  DISM   DISM.EXE: Target image information: OS Version=10.0.19041.1, Image architecture=amd64
2026-10-04 12:08:55, Info                  DISM   DISM.EXE: Image session version: 10.0.19041.1
2026-10-04 12:08:55, Info                  DISM   DISM Provider Store: PID=1084 TID=5828 Getting the collection of providers from an image provider store type. - CDISMProviderStore::GetProviderCollection
2026-10-04 12:08:55, Info                  DISM   DISM Provider Store: PID=1084 TID=5828 Connecting to the provider located at C:\WINDOWS\SystemTemp\8B868EE6-E0F5-48F9-9258-FEE3F2607838\CbsProvider.dll. - CDISMProviderStore::Internal_LoadProvider
2026-10-04 12:08:55, Info                  DISM   DISM Provider Store: PID=1084 TID=5828 Encountered a servicing provider, performing additional servicing initializations. - CDISMProviderStore::Internal_LoadProvider
2026-10-04 12:08:55, Info                  CSI    00000001 Shim considered [l:178]'\??\C:\wim-uup-validation-1791110582335113548\servicing\mount\Windows\Servicing\amd64_microsoft-windows-servicingstack_31bf3856ad364e35_10.0.19041.1_none_bf506ecc66a800df\wcp.dll' : got STATUS_OBJECT_PATH_NOT_FOUND
2026-10-04 12:08:55, Info                  CSI    00000002 Shim considered [l:175]'\??\C:\wim-uup-validation-1791110582335113548\servicing\mount\Windows\WinSxS\amd64_microsoft-windows-servicingstack_31bf3856ad364e35_10.0.19041.1_none_bf506ecc66a800df\wcp.dll' : got STATUS_SUCCESS
2026-10-04 12:08:55, Info                  DISM   DISM OS Provider: PID=1084 TID=5828 Determined System directory to be C:\wim-uup-validation-1791110582335113548\servicing\mount\Windows\System32 - CDISMOSServiceManager::get_SystemDirectory
2026-10-04 12:08:55, Info                  DISM   DISM Package Manager: PID=1084 TID=5828 Finished initializing the CbsConUI Handler. - CCbsConUIHandler::Initialize
2026-10-04 12:08:55, Info                  CSI    00000001 Shim considered [l:178]'\??\C:\wim-uup-validation-1791110582335113548\servicing\mount\Windows\Servicing\amd64_microsoft-windows-servicingstack_31bf3856ad364e35_10.0.19041.1_none_bf506ecc66a800df\wcp.dll' : got STATUS_OBJECT_PATH_NOT_FOUND
2026-10-04 12:08:55, Info                  CSI    00000002 Shim considered [l:175]'\??\C:\wim-uup-validation-1791110582335113548\servicing\mount\Windows\WinSxS\amd64_microsoft-windows-servicingstack_31bf3856ad364e35_10.0.19041.1_none_bf506ecc66a800df\wcp.dll' : got STATUS_SUCCESS
2026-10-04 12:08:55, Info                  CSI    00000001 Shim considered [l:178]'\??\C:\wim-uup-validation-1791110582335113548\servicing\mount\Windows\Servicing\amd64_microsoft-windows-servicingstack_31bf3856ad364e35_10.0.19041.1_none_bf506ecc66a800df\wcp.dll' : got STATUS_OBJECT_PATH_NOT_FOUND
2026-10-04 12:08:55, Info                  CSI    00000002 Shim considered [l:175]'\??\C:\wim-uup-validation-1791110582335113548\servicing\mount\Windows\WinSxS\amd64_microsoft-windows-servicingstack_31bf3856ad364e35_10.0.19041.1_none_bf506ecc66a800df\wcp.dll' : got STATUS_SUCCESS
2026-10-04 12:08:55, Info                  CBS    Universal Time is: 2026-10-04 12:08:55.942
2026-10-04 12:08:55, Info                  CBS    Failed to find a matching version for servicing stack: C:\wim-uup-validation-1791110582335113548\servicing\mount\Windows\WinSxS\amd64_microsoft-windows-servicingstack_31bf3856ad364e35_10.0.19041.1_none_bf506ecc66a800df\ [HRESULT = 0x80070490 - ERROR_NOT_FOUND]
2026-10-04 12:08:55, Info                  CBS    Failed to find servicing stack directory in online store. [HRESULT = 0x80070490 - ERROR_NOT_FOUND]
2026-10-04 12:08:55, Info                  CBS    Offline servicing, using stack version from: C:\wim-uup-validation-1791110582335113548\servicing\mount\Windows\WinSxS\amd64_microsoft-windows-servicingstack_31bf3856ad364e35_10.0.19041.1_none_bf506ecc66a800df\cbscore.dll
2026-10-04 12:08:55, Info                  CBS    Loaded Servicing Stack v10.0.19041.1 with Core: C:\wim-uup-validation-1791110582335113548\servicing\mount\Windows\WinSxS\amd64_microsoft-windows-servicingstack_31bf3856ad364e35_10.0.19041.1_none_bf506ecc66a800df\cbscore.dll
2026-10-04 12:08:55, Info                  CBS    Setting core mode: CbsCoreModeOffline
2026-10-04 12:08:55, Info                  CSI    00000001@2026/10/4:12:08:55.945 WcpInitialize: wcp.dll version 10.0.19041.1 (WinBuild.160101.0800)
2026-10-04 12:08:55, Info                  CBS    Lock: New lock added: CCbsSessionManager, level: 11, total lock:9
2026-10-04 12:08:55, Info                  CBS    Lock: New lock added: CSIInventoryCriticalSection, level: 64, total lock:10
2026-10-04 12:08:55, Info                  DISM   DISM Package Manager: PID=1084 TID=5828 Loaded servicing stack for offline use only. - CDISMPackageManager::CreateCbsSession
2026-10-04 12:08:55, Info                  CBS    Lazy store initialization mode
2026-10-04 12:08:55, Info                  DISM   DISM Provider Store: PID=1084 TID=5828 Connecting to the provider located at C:\WINDOWS\SystemTemp\8B868EE6-E0F5-48F9-9258-FEE3F2607838\MsiProvider.dll. - CDISMProviderStore::Internal_LoadProvider
2026-10-04 12:08:55, Info                  DISM   DISM Provider Store: PID=1084 TID=5828 Encountered a servicing provider, performing additional servicing initializations. - CDISMProviderStore::Internal_LoadProvider
2026-10-04 12:08:55, Info                  DISM   DISM Provider Store: PID=1084 TID=5828 Connecting to the provider located at C:\WINDOWS\SystemTemp\8B868EE6-E0F5-48F9-9258-FEE3F2607838\IntlProvider.dll. - CDISMProviderStore::Internal_LoadProvider
2026-10-04 12:08:55, Info                  DISM   DISM Provider Store: PID=1084 TID=5828 Encountered a servicing provider, performing additional servicing initializations. - CDISMProviderStore::Internal_LoadProvider
2026-10-04 12:08:55, Info                  DISM   DISM Provider Store: PID=1084 TID=5828 Connecting to the provider located at C:\WINDOWS\SystemTemp\8B868EE6-E0F5-48F9-9258-FEE3F2607838\IBSProvider.dll. - CDISMProviderStore::Internal_LoadProvider
2026-10-04 12:08:55, Info                  DISM   DISM Provider Store: PID=1084 TID=5828 Encountered a servicing provider, performing additional servicing initializations. - CDISMProviderStore::Internal_LoadProvider
2026-10-04 12:08:55, Info                  DISM   DISM Provider Store: PID=1084 TID=5828 Connecting to the provider located at C:\WINDOWS\SystemTemp\8B868EE6-E0F5-48F9-9258-FEE3F2607838\DmiProvider.dll. - CDISMProviderStore::Internal_LoadProvider
2026-10-04 12:08:55, Info                  DISM   DISM Provider Store: PID=1084 TID=5828 Encountered a servicing provider, performing additional servicing initializations. - CDISMProviderStore::Internal_LoadProvider
2026-10-04 12:08:55, Info                  CSI    00000001 Shim considered [l:178]'\??\C:\wim-uup-validation-1791110582335113548\servicing\mount\Windows\Servicing\amd64_microsoft-windows-servicingstack_31bf3856ad364e35_10.0.19041.1_none_bf506ecc66a800df\wcp.dll' : got STATUS_OBJECT_PATH_NOT_FOUND
2026-10-04 12:08:55, Info                  CSI    00000002 Shim considered [l:175]'\??\C:\wim-uup-validation-1791110582335113548\servicing\mount\Windows\WinSxS\amd64_microsoft-windows-servicingstack_31bf3856ad364e35_10.0.19041.1_none_bf506ecc66a800df\wcp.dll' : got STATUS_SUCCESS
2026-10-04 12:08:56, Info                  DISM   DISM Driver Manager: PID=1084 TID=5828 Further logs for driver related operations can be found in the target operating system at %WINDIR%\inf\setupapi.offline.log - CDriverManager::Initialize
2026-10-04 12:08:56, Info                  DISM   DISM Provider Store: PID=1084 TID=5828 Connecting to the provider located at C:\WINDOWS\SystemTemp\8B868EE6-E0F5-48F9-9258-FEE3F2607838\UnattendProvider.dll. - CDISMProviderStore::Internal_LoadProvider
2026-10-04 12:08:56, Info                  DISM   DISM Provider Store: PID=1084 TID=5828 Encountered a servicing provider, performing additional servicing initializations. - CDISMProviderStore::Internal_LoadProvider
2026-10-04 12:08:56, Info                  DISM   DISM Provider Store: PID=1084 TID=5828 Connecting to the provider located at C:\WINDOWS\SystemTemp\8B868EE6-E0F5-48F9-9258-FEE3F2607838\SmiProvider.dll. - CDISMProviderStore::Internal_LoadProvider
2026-10-04 12:08:56, Info                  DISM   DISM Provider Store: PID=1084 TID=5828 Encountered a servicing provider, performing additional servicing initializations. - CDISMProviderStore::Internal_LoadProvider
2026-10-04 12:08:56, Warning               DISM   DISM Provider Store: PID=1084 TID=5828 Failed to load the provider: C:\WINDOWS\SystemTemp\8B868EE6-E0F5-48F9-9258-FEE3F2607838\EmbeddedProvider.dll. - CDISMProviderStore::Internal_GetProvider(hr:0x8007007e)
2026-10-04 12:08:56, Info                  DISM   DISM Provider Store: PID=1084 TID=5828 Connecting to the provider located at C:\WINDOWS\SystemTemp\8B868EE6-E0F5-48F9-9258-FEE3F2607838\AppxProvider.dll. - CDISMProviderStore::Internal_LoadProvider
2026-10-04 12:08:56, Info                  DISM   DISM Provider Store: PID=1084 TID=5828 Encountered a servicing provider, performing additional servicing initializations. - CDISMProviderStore::Internal_LoadProvider
2026-10-04 12:08:56, Info                  DISM   DISM Provider Store: PID=1084 TID=5828 Connecting to the provider located at C:\WINDOWS\SystemTemp\8B868EE6-E0F5-48F9-9258-FEE3F2607838\ProvProvider.dll. - CDISMProviderStore::Internal_LoadProvider
2026-10-04 12:08:56, Info                  DISM   DISM Provider Store: PID=1084 TID=5828 Encountered a servicing provider, performing additional servicing initializations. - CDISMProviderStore::Internal_LoadProvider
2026-10-04 12:08:56, Info                  DISM   DISM Provider Store: PID=1084 TID=5828 Connecting to the provider located at C:\WINDOWS\SystemTemp\8B868EE6-E0F5-48F9-9258-FEE3F2607838\AssocProvider.dll. - CDISMProviderStore::Internal_LoadProvider
2026-10-04 12:08:56, Info                  DISM   DISM Provider Store: PID=1084 TID=5828 Encountered a servicing provider, performing additional servicing initializations. - CDISMProviderStore::Internal_LoadProvider
2026-10-04 12:08:56, Info                  DISM   DISM Provider Store: PID=1084 TID=5828 Connecting to the provider located at C:\WINDOWS\SystemTemp\8B868EE6-E0F5-48F9-9258-FEE3F2607838\GenericProvider.dll. - CDISMProviderStore::Internal_LoadProvider
2026-10-04 12:08:56, Info                  DISM   DISM Provider Store: PID=1084 TID=5828 Encountered a servicing provider, performing additional servicing initializations. - CDISMProviderStore::Internal_LoadProvider
2026-10-04 12:08:56, Info                  DISM   DISM Provider Store: PID=1084 TID=5828 Connecting to the provider located at C:\WINDOWS\SystemTemp\8B868EE6-E0F5-48F9-9258-FEE3F2607838\OfflineSetupProvider.dll. - CDISMProviderStore::Internal_LoadProvider
2026-10-04 12:08:56, Info                  DISM   DISM Provider Store: PID=1084 TID=5828 Encountered a servicing provider, performing additional servicing initializations. - CDISMProviderStore::Internal_LoadProvider
2026-10-04 12:08:56, Info                  DISM   DISM Provider Store: PID=1084 TID=5828 Connecting to the provider located at C:\WINDOWS\SystemTemp\8B868EE6-E0F5-48F9-9258-FEE3F2607838\SysprepProvider.dll. - CDISMProviderStore::Internal_LoadProvider
2026-10-04 12:08:56, Info                  DISM   DISM Provider Store: PID=1084 TID=5828 Encountered a servicing provider, performing additional servicing initializations. - CDISMProviderStore::Internal_LoadProvider
2026-10-04 12:08:56, Info                  DISM   DISM Provider Store: PID=1084 TID=5828 Connecting to the provider located at C:\WINDOWS\SystemTemp\8B868EE6-E0F5-48F9-9258-FEE3F2607838\TransmogProvider.dll. - CDISMProviderStore::Internal_LoadProvider
2026-10-04 12:08:56, Info                  DISM   DISM Provider Store: PID=1084 TID=5828 Encountered a servicing provider, performing additional servicing initializations. - CDISMProviderStore::Internal_LoadProvider
2026-10-04 12:08:56, Info                  DISM   DISM Transmog Provider: PID=1084 TID=5828 Current image session is [OFFLINE] - CTransmogManager::GetMode
2026-10-04 12:08:56, Info                  DISM   DISM Transmog Provider: PID=1084 TID=5828 Determined WinDir path = [C:\wim-uup-validation-1791110582335113548\servicing\mount\Windows] - CTransmogManager::GetWinDirPath
2026-10-04 12:08:56, Info                  DISM   DISM Transmog Provider: PID=1084 TID=5828 GetProductType: ProductType = [WinNT] - CTransmogManager::GetProductType
2026-10-04 12:08:56, Info                  DISM   DISM Transmog Provider: PID=1084 TID=5828 Product Type: [WinNT] - CTransmogManager::Initialize
2026-10-04 12:08:56, Info                  DISM   DISM Transmog Provider: PID=1084 TID=5828 Product Type ServerNT : [No] - CTransmogManager::Initialize
2026-10-04 12:08:56, Info                  DISM   DISM Provider Store: PID=1084 TID=5828 Connecting to the provider located at C:\WINDOWS\SystemTemp\8B868EE6-E0F5-48F9-9258-FEE3F2607838\SetupPlatformProvider.dll. - CDISMProviderStore::Internal_LoadProvider
2026-10-04 12:08:56, Info                  DISM   DISM Provider Store: PID=1084 TID=5828 Encountered a servicing provider, performing additional servicing initializations. - CDISMProviderStore::Internal_LoadProvider
2026-10-04 12:08:56, Info                  DISM   DISM Package Manager: PID=1084 TID=5216 Processing the top level command token(get-packageinfo). - CPackageManagerCLIHandler::Private_ValidateCmdLine
2026-10-04 12:08:56, Info                  DISM   DISM Package Manager: PID=1084 TID=5216 Attempting to route to appropriate command handler. - CPackageManagerCLIHandler::ExecuteCmdLine
2026-10-04 12:08:56, Info                  DISM   DISM Package Manager: PID=1084 TID=5216 Routing the command... - CPackageManagerCLIHandler::ExecuteCmdLine
2026-10-04 12:08:56, Info                  DISM   DISM Package Manager: PID=1084 TID=5216 Encountered the option "packagepath" with value "D:\UUPs\SSU-19041.7714-x64.cab" - CPackageManagerCLIHandler::Private_GetPackagesFromCommandLine
2026-10-04 12:08:56, Info                  CBS    Lazy store initialization mode, fully initialize.
2026-10-04 12:08:56, Info                  CBS    Offline image is writable
2026-10-04 12:08:56, Info                  CBS    Loading offline registry hive: SOFTWARE, into registry key '{bf1a281b-ad7b-4476-ac95-f47682990ce7}C:/wim-uup-validation-1791110582335113548/servicing/mount/Windows/System32/config/SOFTWARE' from path '\\?\C:\wim-uup-validation-1791110582335113548\servicing\mount\Windows\System32\config\SOFTWARE'.
2026-10-04 12:08:56, Info                  CBS    Loading offline registry hive: SYSTEM, into registry key '{bf1a281b-ad7b-4476-ac95-f47682990ce7}C:/wim-uup-validation-1791110582335113548/servicing/mount/Windows/System32/config/SYSTEM' from path '\\?\C:\wim-uup-validation-1791110582335113548\servicing\mount\Windows\System32\config\SYSTEM'.
2026-10-04 12:08:56, Info                  CBS    Loading offline registry hive: SECURITY, into registry key '{bf1a281b-ad7b-4476-ac95-f47682990ce7}C:/wim-uup-validation-1791110582335113548/servicing/mount/Windows/System32/config/SECURITY' from path '\\?\C:\wim-uup-validation-1791110582335113548\servicing\mount\Windows\System32\config\SECURITY'.
2026-10-04 12:08:56, Info                  CBS    Loading offline registry hive: SAM, into registry key '{bf1a281b-ad7b-4476-ac95-f47682990ce7}C:/wim-uup-validation-1791110582335113548/servicing/mount/Windows/System32/config/SAM' from path '\\?\C:\wim-uup-validation-1791110582335113548\servicing\mount\Windows\System32\config\SAM'.
2026-10-04 12:08:56, Info                  CBS    Loading offline registry hive: COMPONENTS, into registry key '{bf1a281b-ad7b-4476-ac95-f47682990ce7}C:/wim-uup-validation-1791110582335113548/servicing/mount/Windows/System32/config/COMPONENTS' from path '\\?\C:\wim-uup-validation-1791110582335113548\servicing\mount\Windows\System32\config\COMPONENTS'.
2026-10-04 12:08:56, Info                  CBS    Loading offline registry hive: DRIVERS, into registry key '{bf1a281b-ad7b-4476-ac95-f47682990ce7}C:/wim-uup-validation-1791110582335113548/servicing/mount/Windows/System32/config/DRIVERS' from path '\\?\C:\wim-uup-validation-1791110582335113548\servicing\mount\Windows\System32\config\DRIVERS'.
2026-10-04 12:08:56, Info                  CBS    Loading offline registry hive: DEFAULT, into registry key '{bf1a281b-ad7b-4476-ac95-f47682990ce7}C:/wim-uup-validation-1791110582335113548/servicing/mount/Windows/System32/config/DEFAULT' from path '\\?\C:\wim-uup-validation-1791110582335113548\servicing\mount\Windows\System32\config\DEFAULT'.
2026-10-04 12:08:56, Info                  CBS    Loading offline registry hive: ntuser.dat, into registry key '{bf1a281b-ad7b-4476-ac95-f47682990ce7}C:/wim-uup-validation-1791110582335113548/servicing/mount/Users/Default/ntuser.dat' from path '\\?\C:\wim-uup-validation-1791110582335113548\servicing\mount\Users\Default\ntuser.dat'.
2026-10-04 12:08:56, Info                  CBS    Loading offline registry hive: schema.dat, into registry key '{bf1a281b-ad7b-4476-ac95-f47682990ce7}C:/wim-uup-validation-1791110582335113548/servicing/mount/Windows/system32/smi/store/Machine/schema.dat' from path '\\?\C:\wim-uup-validation-1791110582335113548\servicing\mount\Windows\system32\smi\store\Machine\schema.dat'.
2026-10-04 12:08:56, Info                  CSI    00000002 CSI Store 2149262752944 initialized
2026-10-04 12:08:56, Info                  CBS    Build: 19041.1.amd64fre.vb_release.191206-1406
2026-10-04 12:08:56, Info                  CBS    Session: 1084_5334015 initialized by client DISM Package Manager Provider, external staging directory: (null), external registry directory: (null)
2026-10-04 12:08:56, Info                  DPX    Started DPX phase: Resume and Download Job
2026-10-04 12:08:56, Info                  DPX    Started DPX phase: Apply Deltas Provided In File
2026-10-04 12:08:56, Info                  DPX    Ended DPX phase: Apply Deltas Provided In File
2026-10-04 12:08:56, Info                  DPX    Started DPX phase: Apply Deltas Provided In File
2026-10-04 12:08:56, Info                  DPX    Ended DPX phase: Apply Deltas Provided In File
2026-10-04 12:08:56, Info                  DPX    CJob::Resume completed with status: 0x0
2026-10-04 12:08:56, Info                  DPX    Ended DPX phase: Resume and Download Job
2026-10-04 12:08:56, Info                  CBS    Opened cabinet package, package directory: \\?\D:\UUPs\, sandbox location: \\?\C:\WINDOWS\SystemTemp\BC209317-72EE-433E-89CC-61065D8D5BD5\, cabinet location: \\?\D:\UUPs\SSU-19041.7714-x64.cab, manifest location: \\?\C:\WINDOWS\SystemTemp\BC209317-72EE-433E-89CC-61065D8D5BD5\update.mum
2026-10-04 12:08:56, Info                  DPX    Started DPX phase: Resume and Download Job
2026-10-04 12:08:56, Info                  DPX    Started DPX phase: Apply Deltas Provided In File
2026-10-04 12:08:56, Info                  DPX    Ended DPX phase: Apply Deltas Provided In File
2026-10-04 12:08:56, Info                  DPX    CJob::Resume completed with status: 0x0
2026-10-04 12:08:56, Info                  DPX    Ended DPX phase: Resume and Download Job
2026-10-04 12:08:56, Info                  DPX    Extraction of file: update.ses failed because it is not present in the container (\\?\D:\UUPs\SSU-19041.7714-x64.cab).
2026-10-04 12:08:56, Info                  DPX    DpxException hr=0x80070002 code=0x020109
2026-10-04 12:08:56, Info                  CBS    Not able to add file to extract: update.ses [HRESULT = 0x80070002 - ERROR_FILE_NOT_FOUND]
2026-10-04 12:08:56, Info                  CBS    Appl: detect Parent, Package: Package_for_ServicingStack_7714~31bf3856ad364e35~amd64~~19041.7714.1.3, Parent: Microsoft-Windows-CoreCountrySpecificEdition~31bf3856ad364e35~amd64~~10.0.19041.1, Disposition = Detect, VersionComp: EQ, BuildComp: EQ, RevisionComp: GE, Exist: present
2026-10-04 12:08:56, Info                  CBS    Appl: detectParent: no parent found, go absent
2026-10-04 12:08:56, Info                  CBS    Appl: detect Parent, Package: Package_for_ServicingStack_7714~31bf3856ad364e35~amd64~~19041.7714.1.3, Parent: Microsoft-Windows-CoreEdition~31bf3856ad364e35~amd64~~10.0.19041.1, Disposition = Detect, VersionComp: EQ, BuildComp: EQ, RevisionComp: GE, Exist: present
2026-10-04 12:08:56, Info                  CBS    Appl: detectParent: no parent found, go absent
2026-10-04 12:08:56, Info                  CBS    Appl: detect Parent, Package: Package_for_ServicingStack_7714~31bf3856ad364e35~amd64~~19041.7714.1.3, Parent: Microsoft-Windows-CoreNEdition~31bf3856ad364e35~amd64~~10.0.19041.1, Disposition = Detect, VersionComp: EQ, BuildComp: EQ, RevisionComp: GE, Exist: present
2026-10-04 12:08:56, Info                  CBS    Appl: detectParent: no parent found, go absent
2026-10-04 12:08:56, Info                  CBS    Appl: detect Parent, Package: Package_for_ServicingStack_7714~31bf3856ad364e35~amd64~~19041.7714.1.3, Parent: Microsoft-Windows-EnterpriseEvalEdition~31bf3856ad364e35~amd64~~10.0.19041.1, Disposition = Detect, VersionComp: EQ, BuildComp: EQ, RevisionComp: GE, Exist: present
2026-10-04 12:08:56, Info                  CBS    Appl: detectParent: no parent found, go absent
2026-10-04 12:08:56, Info                  CBS    Appl: detect Parent, Package: Package_for_ServicingStack_7714~31bf3856ad364e35~amd64~~19041.7714.1.3, Parent: Microsoft-Windows-EnterpriseGEdition~31bf3856ad364e35~amd64~~10.0.19041.1, Disposition = Detect, VersionComp: EQ, BuildComp: EQ, RevisionComp: GE, Exist: present
2026-10-04 12:08:56, Info                  CBS    Appl: detectParent: no parent found, go absent
2026-10-04 12:08:56, Info                  CBS    Appl: detect Parent, Package: Package_for_ServicingStack_7714~31bf3856ad364e35~amd64~~19041.7714.1.3, Parent: Microsoft-Windows-EnterpriseSEdition~31bf3856ad364e35~amd64~~10.0.19041.1, Disposition = Detect, VersionComp: EQ, BuildComp: EQ, RevisionComp: GE, Exist: present
2026-10-04 12:08:56, Info                  CBS    Appl: detectParent: no parent found, go absent
2026-10-04 12:08:56, Info                  CBS    Appl: detect Parent, Package: Package_for_ServicingStack_7714~31bf3856ad364e35~amd64~~19041.7714.1.3, Parent: Microsoft-Windows-EnterpriseSEvalEdition~31bf3856ad364e35~amd64~~10.0.19041.1, Disposition = Detect, VersionComp: EQ, BuildComp: EQ, RevisionComp: GE, Exist: present
2026-10-04 12:08:56, Info                  CBS    Appl: detectParent: no parent found, go absent
2026-10-04 12:08:56, Info                  CBS    Appl: detect Parent, Package: Package_for_ServicingStack_7714~31bf3856ad364e35~amd64~~19041.7714.1.3, Parent: Microsoft-Windows-EnterpriseSNEdition~31bf3856ad364e35~amd64~~10.0.19041.1, Disposition = Detect, VersionComp: EQ, BuildComp: EQ, RevisionComp: GE, Exist: present
2026-10-04 12:08:56, Info                  CBS    Appl: detectParent: no parent found, go absent
2026-10-04 12:08:56, Info                  CBS    Appl: detect Parent, Package: Package_for_ServicingStack_7714~31bf3856ad364e35~amd64~~19041.7714.1.3, Parent: Microsoft-Windows-EnterpriseSNEvalEdition~31bf3856ad364e35~amd64~~10.0.19041.1, Disposition = Detect, VersionComp: EQ, BuildComp: EQ, RevisionComp: GE, Exist: present
2026-10-04 12:08:56, Info                  CBS    Appl: detectParent: no parent found, go absent
2026-10-04 12:08:56, Info                  CBS    Appl: detect Parent, Package: Package_for_ServicingStack_7714~31bf3856ad364e35~amd64~~19041.7714.1.3, Parent: Microsoft-Windows-PPIProEdition~31bf3856ad364e35~amd64~~10.0.19041.1, Disposition = Detect, VersionComp: EQ, BuildComp: EQ, RevisionComp: GE, Exist: present
2026-10-04 12:08:56, Info                  CBS    Appl: detectParent: no parent found, go absent
2026-10-04 12:08:56, Info                  CBS    Appl: detect Parent, Package: Package_for_ServicingStack_7714~31bf3856ad364e35~amd64~~19041.7714.1.3, Parent: Microsoft-Windows-ProfessionalEdition~31bf3856ad364e35~amd64~~10.0.19041.1, Disposition = Detect, VersionComp: EQ, BuildComp: EQ, RevisionComp: GE, Exist: present
2026-10-04 12:08:56, Info                  CBS    Appl: detectParent: parent found: Microsoft-Windows-ProfessionalEdition~31bf3856ad364e35~amd64~~10.0.19041.1, state: Installed
2026-10-04 12:08:56, Info                  CBS    Appl: Evaluating package applicability for package Package_for_ServicingStack_7714~31bf3856ad364e35~amd64~~19041.7714.1.3, applicable state: Installed
2026-10-04 12:08:56, Info                  CBS    External EvaluateApplicability, package: Package_for_ServicingStack_7714~31bf3856ad364e35~amd64~~19041.7714.1.3, package applicable State: Installed, highest update applicable state: Installed, resulting applicable state:Installed
2026-10-04 12:08:56, Info                  CBS    External EvaluateApplicability, package: Package_for_ServicingStack_7714~31bf3856ad364e35~amd64~~19041.7714.1.3, package applicable State: Installed, highest update applicable state: Installed, resulting applicable state:Installed
2026-10-04 12:08:56, Info                  DISM   DISM Package Manager: PID=1084 TID=5216 Package Package_for_ServicingStack_7714~31bf3856ad364e35~amd64~~19041.7714.1.3 with CBS state 0(CbsInstallStateAbsent) being mapped to dism state 1(DISM_INSTALL_STATE_NOTPRESENT) - CDISMPackage::LogInstallStateMapping
2026-10-04 12:08:56, Info                  DISM   DISM Provider Store: PID=1084 TID=5216 Found the OSServices.  Waiting to finalize it until all other providers are unloaded. - CDISMProviderStore::Final_OnDisconnect
2026-10-04 12:08:56, Info                  DISM   DISM Provider Store: PID=1084 TID=5216 Found the OSServices.  Waiting to finalize it until all other providers are unloaded. - CDISMProviderStore::Final_OnDisconnect
2026-10-04 12:08:56, Info                  DISM   DISM Provider Store: PID=1084 TID=5216 Found the PE Provider.  Waiting to finalize it until all other providers are unloaded. - CDISMProviderStore::Final_OnDisconnect
2026-10-04 12:08:56, Info                  DISM   DISM Provider Store: PID=1084 TID=5216 Finalizing the servicing provider(DISM Package Manager) - CDISMProviderStore::Internal_DisconnectProvider
2026-10-04 12:08:56, Info                  CBS    Deleting directory: \\?\C:\wim-uup-validation-1791110582335113548\servicing\mount\Windows\CbsTemp\1084_5334015\
2026-10-04 12:08:56, Info                  CBS    Moving directory from \\?\C:\wim-uup-validation-1791110582335113548\servicing\mount\Windows\CbsTemp\1084_5334015\ to \\?\C:\wim-uup-validation-1791110582335113548\servicing\mount\Windows\CbsTemp\1084_5334015\{78C73CDE-AF76-4A3E-B9F2-27833DF3BE92}
2026-10-04 12:08:56, Info                  CBS    Failed to move \\?\C:\wim-uup-validation-1791110582335113548\servicing\mount\Windows\CbsTemp\1084_5334015\ to temp directory \\?\C:\wim-uup-validation-1791110582335113548\servicing\mount\Windows\CbsTemp\1084_5334015\{78C73CDE-AF76-4A3E-B9F2-27833DF3BE92} [HRESULT = 0x80070057 - E_INVALIDARG]
2026-10-04 12:08:56, Info                  CBS    Failed moving directory: \\?\C:\wim-uup-validation-1791110582335113548\servicing\mount\Windows\CbsTemp\1084_5334015\ to temp, will delete in-place instead [HRESULT = 0x80070057 - E_INVALIDARG]
2026-10-04 12:08:56, Info                  CBS    Deletion of: \\?\C:\wim-uup-validation-1791110582335113548\servicing\mount\Windows\CbsTemp\1084_5334015\ successful
2026-10-04 12:08:56, Info                  CBS    Force unloading offline registry hive: {bf1a281b-ad7b-4476-ac95-f47682990ce7}C:/wim-uup-validation-1791110582335113548/servicing/mount/Windows/System32/config/SOFTWARE
2026-10-04 12:08:56, Info                  CBS    Force unloading offline registry hive: {bf1a281b-ad7b-4476-ac95-f47682990ce7}C:/wim-uup-validation-1791110582335113548/servicing/mount/Windows/System32/config/SYSTEM
2026-10-04 12:08:56, Info                  CBS    Force unloading offline registry hive: {bf1a281b-ad7b-4476-ac95-f47682990ce7}C:/wim-uup-validation-1791110582335113548/servicing/mount/Windows/System32/config/SECURITY
2026-10-04 12:08:56, Info                  CBS    Force unloading offline registry hive: {bf1a281b-ad7b-4476-ac95-f47682990ce7}C:/wim-uup-validation-1791110582335113548/servicing/mount/Windows/System32/config/SAM
2026-10-04 12:08:56, Info                  CBS    Force unloading offline registry hive: {bf1a281b-ad7b-4476-ac95-f47682990ce7}C:/wim-uup-validation-1791110582335113548/servicing/mount/Windows/System32/config/COMPONENTS
2026-10-04 12:08:56, Info                  CBS    Force unloading offline registry hive: {bf1a281b-ad7b-4476-ac95-f47682990ce7}C:/wim-uup-validation-1791110582335113548/servicing/mount/Windows/System32/config/DRIVERS
2026-10-04 12:08:56, Info                  CBS    Force unloading offline registry hive: {bf1a281b-ad7b-4476-ac95-f47682990ce7}C:/wim-uup-validation-1791110582335113548/servicing/mount/Windows/System32/config/DEFAULT
2026-10-04 12:08:56, Info                  CBS    Force unloading offline registry hive: {bf1a281b-ad7b-4476-ac95-f47682990ce7}C:/wim-uup-validation-1791110582335113548/servicing/mount/Users/Default/ntuser.dat
2026-10-04 12:08:56, Info                  CBS    Force unloading offline registry hive: {bf1a281b-ad7b-4476-ac95-f47682990ce7}C:/wim-uup-validation-1791110582335113548/servicing/mount/Windows/system32/smi/store/Machine/schema.dat
2026-10-04 12:08:56, Info                  CSI    00000003 Direct SIL provider: Number of files opened: 4.
2026-10-04 12:08:56, Info                  DISM   DISM Package Manager: PID=1084 TID=5216 Finalizing CBS core. - CDISMPackageManager::Finalize
2026-10-04 12:08:56, Info                  CBS    CbsCoreFinalize: ExecutionEngineFinalize
2026-10-04 12:08:56, Info                  CBS    Execution Engine Finalize
2026-10-04 12:08:56, Info                  CBS    Execution Engine Finalize
2026-10-04 12:08:56, Info                  CBS    CbsCoreFinalize: ComponentAnalyzerFinalize
2026-10-04 12:08:56, Info                  CBS    CbsCoreFinalize: PackageTrackerFinalize
2026-10-04 12:08:56, Info                  CBS    CbsCoreFinalize: CoreResourcesUnload
2026-10-04 12:08:56, Info                  CBS    CbsCoreFinalize: SessionManagerFinalize
2026-10-04 12:08:56, Info                  CBS    Lock: Lock removed: CSIInventoryCriticalSection, level: 64, total lock:10
2026-10-04 12:08:56, Info                  CBS    Lock: Lock removed: CCbsSessionManager, level: 11, total lock:9
2026-10-04 12:08:56, Info                  CBS    CbsCoreFinalize: CapabilityManagerFinalize
2026-10-04 12:08:56, Info                  CBS    CbsCoreFinalize: GetPublicObjectMonitor::Audit
2026-10-04 12:08:56, Info                  CBS    CbsCoreFinalize: PublicObjectMonitorFinalize
2026-10-04 12:08:56, Info                  CBS    CbsCoreFinalize: Enter vCoreInitializeLock
2026-10-04 12:08:56, Info                  CBS    CbsCoreFinalize: WcpUnload
2026-10-04 12:08:56, Info                  CBS    CbsCoreFinalize: DrupUnload
2026-10-04 12:08:56, Info                  CBS    CbsCoreFinalize: CfgMgr32Unload
2026-10-04 12:08:56, Info                  CBS    CbsCoreFinalize: DpxUnload
2026-10-04 12:08:56, Info                  CBS    CbsCoreFinalize: SrUnload
2026-10-04 12:08:56, Info                  CBS    CbsCoreFinalize: CbsEsdUnload
2026-10-04 12:08:56, Info                  CBS    CbsCoreFinalize: CbsTraceInfoUninitialize
2026-10-04 12:08:56, Info                  CBS    CbsCoreFinalize: CbsEventUnregister
2026-10-04 12:08:56, Info                  CBS    CbsCoreFinalize: AppContainerUnload
2026-10-04 12:08:56, Info                  CBS    CbsCoreFinalize: WdsUnload, logging from cbscore will end.
2026-10-04 12:08:56, Info                  DISM   DISM Provider Store: PID=1084 TID=5216 Disconnecting Provider: DISM Package Manager - CDISMProviderStore::Internal_DisconnectProvider
2026-10-04 12:08:56, Info                  DISM   DISM Provider Store: PID=1084 TID=5216 Finalizing the servicing provider(MsiManager) - CDISMProviderStore::Internal_DisconnectProvider
2026-10-04 12:08:56, Info                  DISM   DISM Provider Store: PID=1084 TID=5216 Disconnecting Provider: MsiManager - CDISMProviderStore::Internal_DisconnectProvider
2026-10-04 12:08:56, Info                  DISM   DISM Provider Store: PID=1084 TID=5216 Finalizing the servicing provider(IntlManager) - CDISMProviderStore::Internal_DisconnectProvider
2026-10-04 12:08:56, Info                  DISM   DISM Provider Store: PID=1084 TID=5216 Disconnecting Provider: IntlManager - CDISMProviderStore::Internal_DisconnectProvider
2026-10-04 12:08:56, Info                  DISM   DISM Provider Store: PID=1084 TID=5216 Finalizing the servicing provider(IBSManager) - CDISMProviderStore::Internal_DisconnectProvider
2026-10-04 12:08:56, Info                  DISM   DISM Provider Store: PID=1084 TID=5216 Disconnecting Provider: IBSManager - CDISMProviderStore::Internal_DisconnectProvider
2026-10-04 12:08:56, Info                  DISM   DISM Provider Store: PID=1084 TID=5216 Finalizing the servicing provider(DriverManager) - CDISMProviderStore::Internal_DisconnectProvider
2026-10-04 12:08:56, Info                  DISM   DISM Provider Store: PID=1084 TID=5216 Disconnecting Provider: DriverManager - CDISMProviderStore::Internal_DisconnectProvider
2026-10-04 12:08:56, Info                  DISM   DISM Provider Store: PID=1084 TID=5216 Finalizing the servicing provider(DISM Unattend Manager) - CDISMProviderStore::Internal_DisconnectProvider
2026-10-04 12:08:56, Info                  DISM   DISM Provider Store: PID=1084 TID=5216 Disconnecting Provider: DISM Unattend Manager - CDISMProviderStore::Internal_DisconnectProvider
2026-10-04 12:08:56, Info                  DISM   DISM Provider Store: PID=1084 TID=5216 Finalizing the servicing provider(SmiManager) - CDISMProviderStore::Internal_DisconnectProvider
2026-10-04 12:08:56, Info                  DISM   DISM Provider Store: PID=1084 TID=5216 Disconnecting Provider: SmiManager - CDISMProviderStore::Internal_DisconnectProvider
2026-10-04 12:08:56, Info                  DISM   DISM Provider Store: PID=1084 TID=5216 Finalizing the servicing provider(AppxManager) - CDISMProviderStore::Internal_DisconnectProvider
2026-10-04 12:08:56, Info                  DISM   DISM Provider Store: PID=1084 TID=5216 Disconnecting Provider: AppxManager - CDISMProviderStore::Internal_DisconnectProvider
2026-10-04 12:08:56, Info                  DISM   DISM Provider Store: PID=1084 TID=5216 Finalizing the servicing provider(ProvManager) - CDISMProviderStore::Internal_DisconnectProvider
2026-10-04 12:08:56, Info                  DISM   DISM Provider Store: PID=1084 TID=5216 Disconnecting Provider: ProvManager - CDISMProviderStore::Internal_DisconnectProvider
2026-10-04 12:08:56, Info                  DISM   DISM Provider Store: PID=1084 TID=5216 Finalizing the servicing provider(AssocManager) - CDISMProviderStore::Internal_DisconnectProvider
2026-10-04 12:08:56, Info                  DISM   DISM Provider Store: PID=1084 TID=5216 Disconnecting Provider: AssocManager - CDISMProviderStore::Internal_DisconnectProvider
2026-10-04 12:08:56, Info                  DISM   DISM Provider Store: PID=1084 TID=5216 Finalizing the servicing provider(GenericManager) - CDISMProviderStore::Internal_DisconnectProvider
2026-10-04 12:08:56, Info                  DISM   DISM Provider Store: PID=1084 TID=5216 Disconnecting Provider: GenericManager - CDISMProviderStore::Internal_DisconnectProvider
2026-10-04 12:08:56, Info                  DISM   DISM Provider Store: PID=1084 TID=5216 Finalizing the servicing provider(OfflineSetupManager) - CDISMProviderStore::Internal_DisconnectProvider
2026-10-04 12:08:56, Info                  DISM   DISM Provider Store: PID=1084 TID=5216 Disconnecting Provider: OfflineSetupManager - CDISMProviderStore::Internal_DisconnectProvider
2026-10-04 12:08:56, Info                  DISM   DISM Provider Store: PID=1084 TID=5216 Finalizing the servicing provider(SysprepManager) - CDISMProviderStore::Internal_DisconnectProvider
2026-10-04 12:08:56, Info                  DISM   DISM Provider Store: PID=1084 TID=5216 Disconnecting Provider: SysprepManager - CDISMProviderStore::Internal_DisconnectProvider
2026-10-04 12:08:56, Info                  DISM   DISM Provider Store: PID=1084 TID=5216 Finalizing the servicing provider(Edition Manager) - CDISMProviderStore::Internal_DisconnectProvider
2026-10-04 12:08:56, Info                  DISM   DISM Provider Store: PID=1084 TID=5216 Disconnecting Provider: Edition Manager - CDISMProviderStore::Internal_DisconnectProvider
2026-10-04 12:08:56, Info                  DISM   DISM Provider Store: PID=1084 TID=5216 Finalizing the servicing provider(SetupPlatformManager) - CDISMProviderStore::Internal_DisconnectProvider
2026-10-04 12:08:56, Info                  DISM   DISM Provider Store: PID=1084 TID=5216 Disconnecting Provider: SetupPlatformManager - CDISMProviderStore::Internal_DisconnectProvider
2026-10-04 12:08:56, Info                  DISM   DISM Provider Store: PID=1084 TID=5216 Releasing the local reference to OSServices. - CDISMProviderStore::Internal_DisconnectProvider
2026-10-04 12:08:56, Info                  DISM   DISM Provider Store: PID=1084 TID=5216 Disconnecting Provider: OSServices - CDISMProviderStore::Internal_DisconnectProvider
2026-10-04 12:08:56, Info                  DISM   Offline Registry: PID=1084 TID=5216 Hive is not mounted at HKLM\{bf1a281b-ad7b-4476-ac95-f47682990ce7}C:/wim-uup-validation-1791110582335113548/servicing/mount/Windows/system32/config/SOFTWARE. - CRegistryMapping::Init
2026-10-04 12:08:56, Info                  DISM   Offline Registry: PID=1084 TID=5216 Hive is not mounted at HKLM\{bf1a281b-ad7b-4476-ac95-f47682990ce7}C:/wim-uup-validation-1791110582335113548/servicing/mount/Windows/system32/config/SYSTEM. - CRegistryMapping::Init
2026-10-04 12:08:56, Info                  DISM   Offline Registry: PID=1084 TID=5216 Hive is not mounted at HKLM\{bf1a281b-ad7b-4476-ac95-f47682990ce7}C:/wim-uup-validation-1791110582335113548/servicing/mount/Windows/system32/config/SECURITY. - CRegistryMapping::Init
2026-10-04 12:08:56, Info                  DISM   Offline Registry: PID=1084 TID=5216 Hive is not mounted at HKLM\{bf1a281b-ad7b-4476-ac95-f47682990ce7}C:/wim-uup-validation-1791110582335113548/servicing/mount/Windows/system32/config/SAM. - CRegistryMapping::Init
2026-10-04 12:08:56, Info                  DISM   Offline Registry: PID=1084 TID=5216 Hive is not mounted at HKLM\{bf1a281b-ad7b-4476-ac95-f47682990ce7}C:/wim-uup-validation-1791110582335113548/servicing/mount/Windows/system32/config/DEFAULT. - CRegistryMapping::Init
2026-10-04 12:08:56, Info                  DISM   Offline Registry: PID=1084 TID=5216 Hive is not mounted at HKLM\{bf1a281b-ad7b-4476-ac95-f47682990ce7}C:/wim-uup-validation-1791110582335113548/servicing/mount/Users/Default/NTUSER.DAT. - CRegistryMapping::Init
2026-10-04 12:08:56, Info                  DISM   Offline Registry: PID=1084 TID=5216 Hive is not mounted at HKLM\{bf1a281b-ad7b-4476-ac95-f47682990ce7}C:/wim-uup-validation-1791110582335113548/servicing/mount/Windows/system32/config/COMPONENTS. - CRegistryMapping::Init
2026-10-04 12:08:56, Info                  DISM   Offline Registry: PID=1084 TID=5216 Hive is not mounted at HKLM\{bf1a281b-ad7b-4476-ac95-f47682990ce7}C:/wim-uup-validation-1791110582335113548/servicing/mount/Windows/system32/config/DRIVERS. - CRegistryMapping::Init
2026-10-04 12:08:56, Info                  DISM   DISM OS Provider: PID=1084 TID=5216 Successfully unloaded all registry hives. - CDISMOSServiceManager::Final_OnDisconnect
2026-10-04 12:08:56, Info                  DISM   DISM Provider Store: PID=1084 TID=5216 Releasing the local reference to DISMLogger.  Stop logging. - CDISMProviderStore::Internal_DisconnectProvider
2026-10-04 12:08:56, Info                  DISM   DISM Manager: PID=3924 TID=6880 Closing session event handle 0x2b8 - CDISMManager::CleanupImageSessionEntry
2026-10-04 12:08:56, Info                  DISM   DISM Manager: DeletePath: Attempting to obliterate [C:\WINDOWS\SystemTemp\8B868EE6-E0F5-48F9-9258-FEE3F2607838] (final path [\\?\Volume{f8ca6cb5-12a2-470c-bfdf-fe35d8c84a63}\Windows\SystemTemp\8B868EE6-E0F5-48F9-9258-FEE3F2607838]).
2026-10-04 12:08:56, Info                  DISM   DISM.EXE: Image session has been closed. Reboot required=no.
2026-10-04 12:08:56, Info                  DISM   DISM.EXE: 
2026-10-04 12:08:56, Info                  DISM   DISM.EXE: <----- Ending Dism.exe session ----->
2026-10-04 12:08:56, Info                  DISM   DISM.EXE: 
