create -1 16 1
create-null -1 24
create 0 0 0
create-null 0 24
create 1 0 0
create-null 1 24
create 2 0 0
create-null 2 24
create 3 0 0
create-null 3 24
create 4 16 1
create-null 4 24
create 100 16 1
create-null 100 24
null -1 24 1
empty -1 24 1
null 0 24 1
empty 0 24 1
null 1 24 1
empty 1 24 1
null 2 24 1
empty 2 24 1
null 3 24 1
empty 3 24 1
null 4 24 1
empty 4 24 1
null 5 24 1
empty 5 24 1
null 6 24 1
empty 6 24 1
null 7 24 1
empty 7 24 1
null 8 24 1
empty 8 24 1
null 9 24 1
empty 9 24 1
null 10 24 1
empty 10 24 1
null 11 24 1
empty 11 24 1
null 12 24 1
empty 12 24 1
null 13 24 1
empty 13 24 1
null 14 24 1
empty 14 24 1
null 15 24 1
empty 15 24 1
null 16 24 1
empty 16 24 1
open 1 0 0 0
open 1 1 0 0
open 1 2 0 0
open 1 3 0 0
open 1 4 0 0
open 1 5 0 0
open 1 6 0 0
open 1 7 0 0
open 1 8 24 1
open 2 0 0 0
open 2 1 19 1
open 2 2 0 0
open 2 3 19 1
open 2 4 0 0
open 2 5 19 1
open 2 6 0 0
open 2 7 19 1
open 2 8 24 1
open 3 0 47 1
open 3 1 47 1
open 3 2 47 1
open 3 3 47 1
open 3 4 47 1
open 3 5 47 1
open 3 6 47 1
open 3 7 47 1
open 3 8 24 1
