Microsoft (R) File Expansion Utility
Copyright (c) Microsoft Corporation. All rights reserved.

Adding C:\wim-uup-validation-1791110582335113548\assembly\feature-5\$filehashes$.dat to Extraction Queue
Adding C:\wim-uup-validation-1791110582335113548\assembly\feature-5\amd64_languagefeatures-wo..aking-en-deployment_31bf3856ad364e35_10.0.19041.1_none_47b66b77ed9687cf.manifest to Extraction Queue
Adding C:\wim-uup-validation-1791110582335113548\assembly\feature-5\amd64_languagefeatures-wo..n-legacy-deployment_31bf3856ad364e35_10.0.19041.1_none_b8b9834632814225.manifest to Extraction Queue
Adding C:\wim-uup-validation-1791110582335113548\assembly\feature-5\amd64_microsoft-windows-h..ictionaries-english_31bf3856ad364e35_10.0.19041.1_none_6a4c808676fd0f02.manifest to Extraction Queue
Adding C:\wim-uup-validation-1791110582335113548\assembly\feature-5\amd64_microsoft-windows-h..naries-english-main_31bf3856ad364e35_10.0.19041.1_none_f8eb1ee600e11c86\MsHy7en.lex to Extraction Queue
Adding C:\wim-uup-validation-1791110582335113548\assembly\feature-5\amd64_microsoft-windows-h..naries-english-main_31bf3856ad364e35_10.0.19041.1_none_f8eb1ee600e11c86.manifest to Extraction Queue
Adding C:\wim-uup-validation-1791110582335113548\assembly\feature-5\amd64_microsoft-windows-h..tionaries-directory_31bf3856ad364e35_10.0.19041.1_none_92fce59bf642e26f.manifest to Extraction Queue
Adding C:\wim-uup-validation-1791110582335113548\assembly\feature-5\amd64_microsoft-windows-naturallanguage6-0009_31bf3856ad364e35_10.0.19041.1_none_f3d1e9b900cd14b8\NlsData0009.dll to Extraction Queue
Adding C:\wim-uup-validation-1791110582335113548\assembly\feature-5\amd64_microsoft-windows-naturallanguage6-0009_31bf3856ad364e35_10.0.19041.1_none_f3d1e9b900cd14b8\NlsLexicons0009.dll to Extraction Queue
Adding C:\wim-uup-validation-1791110582335113548\assembly\feature-5\amd64_microsoft-windows-naturallanguage6-0009_31bf3856ad364e35_10.0.19041.1_none_f3d1e9b900cd14b8.manifest to Extraction Queue
Adding C:\wim-uup-validation-1791110582335113548\assembly\feature-5\amd64_microsoft-windows-s..ates-english-update_31bf3856ad364e35_10.0.19041.1_none_7589dc4fe9ce57c8\MsSp7en-US.dub to Extraction Queue
Adding C:\wim-uup-validation-1791110582335113548\assembly\feature-5\amd64_microsoft-windows-s..ates-english-update_31bf3856ad364e35_10.0.19041.1_none_7589dc4fe9ce57c8.manifest to Extraction Queue
Adding C:\wim-uup-validation-1791110582335113548\assembly\feature-5\amd64_microsoft-windows-s..english-autocorrect_31bf3856ad364e35_10.0.19041.1_none_9360429648adc720\MsSp7en-US.acl to Extraction Queue
Adding C:\wim-uup-validation-1791110582335113548\assembly\feature-5\amd64_microsoft-windows-s..english-autocorrect_31bf3856ad364e35_10.0.19041.1_none_9360429648adc720.manifest to Extraction Queue
Adding C:\wim-uup-validation-1791110582335113548\assembly\feature-5\amd64_microsoft-windows-s..ited-states-english_31bf3856ad364e35_10.0.19041.1_none_3b74ea8c462df9a4.manifest to Extraction Queue
Adding C:\wim-uup-validation-1791110582335113548\assembly\feature-5\amd64_microsoft-windows-s..states-english-main_31bf3856ad364e35_10.0.19041.1_none_61f05777503fd472\datadict.0409.dat to Extraction Queue
Adding C:\wim-uup-validation-1791110582335113548\assembly\feature-5\amd64_microsoft-windows-s..states-english-main_31bf3856ad364e35_10.0.19041.1_none_61f05777503fd472\datamap.0409.dat to Extraction Queue
Adding C:\wim-uup-validation-1791110582335113548\assembly\feature-5\amd64_microsoft-windows-s..states-english-main_31bf3856ad364e35_10.0.19041.1_none_61f05777503fd472\ExpressiveInput.0409.lex to Extraction Queue
Adding C:\wim-uup-validation-1791110582335113548\assembly\feature-5\amd64_microsoft-windows-s..states-english-main_31bf3856ad364e35_10.0.19041.1_none_61f05777503fd472\MsSp7en-US.lex to Extraction Queue
Adding C:\wim-uup-validation-1791110582335113548\assembly\feature-5\amd64_microsoft-windows-s..states-english-main_31bf3856ad364e35_10.0.19041.1_none_61f05777503fd472.manifest to Extraction Queue
Adding C:\wim-uup-validation-1791110582335113548\assembly\feature-5\amd64_microsoft-windows-s..tes-english-fluency_31bf3856ad364e35_10.0.19041.1_none_bee9a2a610bd5f07\.config to Extraction Queue
Adding C:\wim-uup-validation-1791110582335113548\assembly\feature-5\amd64_microsoft-windows-s..tes-english-fluency_31bf3856ad364e35_10.0.19041.1_none_bee9a2a610bd5f07\charactermap.json to Extraction Queue
Adding C:\wim-uup-validation-1791110582335113548\assembly\feature-5\amd64_microsoft-windows-s..tes-english-fluency_31bf3856ad364e35_10.0.19041.1_none_bee9a2a610bd5f07\emoji_bg_c.lm2 to Extraction Queue
Adding C:\wim-uup-validation-1791110582335113548\assembly\feature-5\amd64_microsoft-windows-s..tes-english-fluency_31bf3856ad364e35_10.0.19041.1_none_bee9a2a610bd5f07\en_US.lm to Extraction Queue
Adding C:\wim-uup-validation-1791110582335113548\assembly\feature-5\amd64_microsoft-windows-s..tes-english-fluency_31bf3856ad364e35_10.0.19041.1_none_bee9a2a610bd5f07\en_US_word_c.lm1 to Extraction Queue
Adding C:\wim-uup-validation-1791110582335113548\assembly\feature-5\amd64_microsoft-windows-s..tes-english-fluency_31bf3856ad364e35_10.0.19041.1_none_bee9a2a610bd5f07\ime.json to Extraction Queue
Adding C:\wim-uup-validation-1791110582335113548\assembly\feature-5\amd64_microsoft-windows-s..tes-english-fluency_31bf3856ad364e35_10.0.19041.1_none_bee9a2a610bd5f07\punctuation.json to Extraction Queue
Adding C:\wim-uup-validation-1791110582335113548\assembly\feature-5\amd64_microsoft-windows-s..tes-english-fluency_31bf3856ad364e35_10.0.19041.1_none_bee9a2a610bd5f07.manifest to Extraction Queue
Adding C:\wim-uup-validation-1791110582335113548\assembly\feature-5\amd64_microsoft-windows-s..tionaries-directory_31bf3856ad364e35_10.0.19041.1_none_f44488fa84ef68b2.manifest to Extraction Queue
Adding C:\wim-uup-validation-1791110582335113548\assembly\feature-5\amd64_microsoft-windows-t..ction-en-deployment_31bf3856ad364e35_10.0.19041.1_none_9c09b8aaec70ef07.manifest to Extraction Queue
Adding C:\wim-uup-validation-1791110582335113548\assembly\feature-5\amd64_microsoft-windows-t..predictionengine.en_31bf3856ad364e35_10.0.19041.1_none_ae8ad7796a27314e\lm.en-001.dat to Extraction Queue
Adding C:\wim-uup-validation-1791110582335113548\assembly\feature-5\amd64_microsoft-windows-t..predictionengine.en_31bf3856ad364e35_10.0.19041.1_none_ae8ad7796a27314e\lm.en-AU.dat to Extraction Queue
Adding C:\wim-uup-validation-1791110582335113548\assembly\feature-5\amd64_microsoft-windows-t..predictionengine.en_31bf3856ad364e35_10.0.19041.1_none_ae8ad7796a27314e\lm.en-CA.dat to Extraction Queue
Adding C:\wim-uup-validation-1791110582335113548\assembly\feature-5\amd64_microsoft-windows-t..predictionengine.en_31bf3856ad364e35_10.0.19041.1_none_ae8ad7796a27314e\lm.en-GB.dat to Extraction Queue
Adding C:\wim-uup-validation-1791110582335113548\assembly\feature-5\amd64_microsoft-windows-t..predictionengine.en_31bf3856ad364e35_10.0.19041.1_none_ae8ad7796a27314e\lm.en-grammar.dat to Extraction Queue
Adding C:\wim-uup-validation-1791110582335113548\assembly\feature-5\amd64_microsoft-windows-t..predictionengine.en_31bf3856ad364e35_10.0.19041.1_none_ae8ad7796a27314e\lm.en-US.dat to Extraction Queue
Adding C:\wim-uup-validation-1791110582335113548\assembly\feature-5\amd64_microsoft-windows-t..predictionengine.en_31bf3856ad364e35_10.0.19041.1_none_ae8ad7796a27314e\lm.en.dat to Extraction Queue
Adding C:\wim-uup-validation-1791110582335113548\assembly\feature-5\amd64_microsoft-windows-t..predictionengine.en_31bf3856ad364e35_10.0.19041.1_none_ae8ad7796a27314e.manifest to Extraction Queue
Adding C:\wim-uup-validation-1791110582335113548\assembly\feature-5\amd64_microsoft-windows-w..aker7-mswb7-english_31bf3856ad364e35_10.0.19041.1_none_b06687e378a7d85e.manifest to Extraction Queue
Adding C:\wim-uup-validation-1791110582335113548\assembly\feature-5\amd64_microsoft-windows-w..akerstemmer-english_31bf3856ad364e35_10.0.19041.1_none_be27e066ad160d15.manifest to Extraction Queue
Adding C:\wim-uup-validation-1791110582335113548\assembly\feature-5\amd64_microsoft-windows-wordbreaker7-english_31bf3856ad364e35_10.0.19041.1_none_fd424f9af59e3fa1\prm0009.dll to Extraction Queue
Adding C:\wim-uup-validation-1791110582335113548\assembly\feature-5\amd64_microsoft-windows-wordbreaker7-english_31bf3856ad364e35_10.0.19041.1_none_fd424f9af59e3fa1.manifest to Extraction Queue
Adding C:\wim-uup-validation-1791110582335113548\assembly\feature-5\LanguageFeatures-WordBreaking-en-legacy-Package~31bf3856ad364e35~amd64~~10.0.19041.1.cat to Extraction Queue
Adding C:\wim-uup-validation-1791110582335113548\assembly\feature-5\LanguageFeatures-WordBreaking-en-legacy-Package~31bf3856ad364e35~amd64~~10.0.19041.1.mum to Extraction Queue
Adding C:\wim-uup-validation-1791110582335113548\assembly\feature-5\LanguageFeatures-WordBreaking-en-legacy-WOW64-Package~31bf3856ad364e35~wow64~~10.0.19041.1.cat to Extraction Queue
Adding C:\wim-uup-validation-1791110582335113548\assembly\feature-5\LanguageFeatures-WordBreaking-en-legacy-WOW64-Package~31bf3856ad364e35~wow64~~10.0.19041.1.mum to Extraction Queue
Adding C:\wim-uup-validation-1791110582335113548\assembly\feature-5\LanguageFeatures-WordBreaking-en-Package~31bf3856ad364e35~amd64~~10.0.19041.1.cat to Extraction Queue
Adding C:\wim-uup-validation-1791110582335113548\assembly\feature-5\LanguageFeatures-WordBreaking-en-Package~31bf3856ad364e35~amd64~~10.0.19041.1.mum to Extraction Queue
Adding C:\wim-uup-validation-1791110582335113548\assembly\feature-5\LanguageFeatures-WordBreaking-en-WOW64-Package~31bf3856ad364e35~wow64~~10.0.19041.1.cat to Extraction Queue
Adding C:\wim-uup-validation-1791110582335113548\assembly\feature-5\LanguageFeatures-WordBreaking-en-WOW64-Package~31bf3856ad364e35~wow64~~10.0.19041.1.mum to Extraction Queue
Adding C:\wim-uup-validation-1791110582335113548\assembly\feature-5\Microsoft-Windows-Hyphenation-Dictionaries-en-Package~31bf3856ad364e35~amd64~~10.0.19041.1.cat to Extraction Queue
Adding C:\wim-uup-validation-1791110582335113548\assembly\feature-5\Microsoft-Windows-Hyphenation-Dictionaries-en-Package~31bf3856ad364e35~amd64~~10.0.19041.1.mum to Extraction Queue
Adding C:\wim-uup-validation-1791110582335113548\assembly\feature-5\Microsoft-Windows-LanguageFeatures-Basic-en-us-Package~31bf3856ad364e35~amd64~~10.0.19041.1.cat to Extraction Queue
Adding C:\wim-uup-validation-1791110582335113548\assembly\feature-5\Microsoft-Windows-LanguageFeatures-Basic-en-us-Package~31bf3856ad364e35~amd64~~10.0.19041.1.mum to Extraction Queue
Adding C:\wim-uup-validation-1791110582335113548\assembly\feature-5\Microsoft-Windows-LanguageFeatures-Basic-en-us-Package~31bf3856ad364e35~wow64~~10.0.19041.1.cat to Extraction Queue
Adding C:\wim-uup-validation-1791110582335113548\assembly\feature-5\Microsoft-Windows-LanguageFeatures-Basic-en-us-Package~31bf3856ad364e35~wow64~~10.0.19041.1.mum to Extraction Queue
Adding C:\wim-uup-validation-1791110582335113548\assembly\feature-5\Microsoft-Windows-Spelling-Dictionaries-en-us-Package~31bf3856ad364e35~amd64~~10.0.19041.1.cat to Extraction Queue
Adding C:\wim-uup-validation-1791110582335113548\assembly\feature-5\Microsoft-Windows-Spelling-Dictionaries-en-us-Package~31bf3856ad364e35~amd64~~10.0.19041.1.mum to Extraction Queue
Adding C:\wim-uup-validation-1791110582335113548\assembly\feature-5\Microsoft-Windows-TextPrediction-Dictionaries-en-Package~31bf3856ad364e35~amd64~~10.0.19041.1.cat to Extraction Queue
Adding C:\wim-uup-validation-1791110582335113548\assembly\feature-5\Microsoft-Windows-TextPrediction-Dictionaries-en-Package~31bf3856ad364e35~amd64~~10.0.19041.1.mum to Extraction Queue
Adding C:\wim-uup-validation-1791110582335113548\assembly\feature-5\update.cat to Extraction Queue
Adding C:\wim-uup-validation-1791110582335113548\assembly\feature-5\update.mum to Extraction Queue
Adding C:\wim-uup-validation-1791110582335113548\assembly\feature-5\wow64_languagefeatures-wo..cy-wow64-deployment_31bf3856ad364e35_10.0.19041.1_none_2b79aaabbf2eeaf2.manifest to Extraction Queue
Adding C:\wim-uup-validation-1791110582335113548\assembly\feature-5\wow64_languagefeatures-wo..en-wow64-deployment_31bf3856ad364e35_10.0.19041.1_none_ef396b3325089724.manifest to Extraction Queue
Adding C:\wim-uup-validation-1791110582335113548\assembly\feature-5\wow64_microsoft-windows-naturallanguage6-0009_31bf3856ad364e35_10.0.19041.1_none_fe26940b352dd6b3\NlsData0009.dll to Extraction Queue
Adding C:\wim-uup-validation-1791110582335113548\assembly\feature-5\wow64_microsoft-windows-naturallanguage6-0009_31bf3856ad364e35_10.0.19041.1_none_fe26940b352dd6b3.manifest to Extraction Queue
Adding C:\wim-uup-validation-1791110582335113548\assembly\feature-5\wow64_microsoft-windows-w..aker7-mswb7-english_31bf3856ad364e35_10.0.19041.1_none_babb3235ad089a59.manifest to Extraction Queue
Adding C:\wim-uup-validation-1791110582335113548\assembly\feature-5\wow64_microsoft-windows-wordbreaker7-english_31bf3856ad364e35_10.0.19041.1_none_0796f9ed29ff019c.manifest to Extraction Queue

Expanding Files ....

Expanding Files Complete ...
68 files total.
