Microsoft (R) File Expansion Utility
Copyright (c) Microsoft Corporation. All rights reserved.

Adding C:\wim-uup-validation-1791110582335113548\assembly\feature-19\$filehashes$.dat to Extraction Queue
Adding C:\wim-uup-validation-1791110582335113548\assembly\feature-19\amd64_microsoft-windows-u..-desktop-deployment_31bf3856ad364e35_10.0.19041.1_none_a8faad768c293361.manifest to Extraction Queue
Adding C:\wim-uup-validation-1791110582335113548\assembly\feature-19\amd64_microsoft-windows-userexperience-desktop_31bf3856ad364e35_10.0.19041.1_none_3ca230f968a4d3c5\AppxBlockMap.xml to Extraction Queue
Adding C:\wim-uup-validation-1791110582335113548\assembly\feature-19\amd64_microsoft-windows-userexperience-desktop_31bf3856ad364e35_10.0.19041.1_none_3ca230f968a4d3c5\AppxManifest.xml to Extraction Queue
Adding C:\wim-uup-validation-1791110582335113548\assembly\feature-19\amd64_microsoft-windows-userexperience-desktop_31bf3856ad364e35_10.0.19041.1_none_3ca230f968a4d3c5\AppxMetadata\CodeIntegrity.cat to Extraction Queue
Adding C:\wim-uup-validation-1791110582335113548\assembly\feature-19\amd64_microsoft-windows-userexperience-desktop_31bf3856ad364e35_10.0.19041.1_none_3ca230f968a4d3c5\AppxSignature.p7x to Extraction Queue
Adding C:\wim-uup-validation-1791110582335113548\assembly\feature-19\amd64_microsoft-windows-userexperience-desktop_31bf3856ad364e35_10.0.19041.1_none_3ca230f968a4d3c5\Assets\LockScreenLogo.scale-200.png to Extraction Queue
Adding C:\wim-uup-validation-1791110582335113548\assembly\feature-19\amd64_microsoft-windows-userexperience-desktop_31bf3856ad364e35_10.0.19041.1_none_3ca230f968a4d3c5\Assets\SplashScreen.scale-200.png to Extraction Queue
Adding C:\wim-uup-validation-1791110582335113548\assembly\feature-19\amd64_microsoft-windows-userexperience-desktop_31bf3856ad364e35_10.0.19041.1_none_3ca230f968a4d3c5\Assets\Square150x150Logo.scale-200.png to Extraction Queue
Adding C:\wim-uup-validation-1791110582335113548\assembly\feature-19\amd64_microsoft-windows-userexperience-desktop_31bf3856ad364e35_10.0.19041.1_none_3ca230f968a4d3c5\Assets\Square44x44Logo.scale-200.png to Extraction Queue
Adding C:\wim-uup-validation-1791110582335113548\assembly\feature-19\amd64_microsoft-windows-userexperience-desktop_31bf3856ad364e35_10.0.19041.1_none_3ca230f968a4d3c5\Assets\StoreLogo.png to Extraction Queue
Adding C:\wim-uup-validation-1791110582335113548\assembly\feature-19\amd64_microsoft-windows-userexperience-desktop_31bf3856ad364e35_10.0.19041.1_none_3ca230f968a4d3c5\Assets\StoreLogo.scale-100.png to Extraction Queue
Adding C:\wim-uup-validation-1791110582335113548\assembly\feature-19\amd64_microsoft-windows-userexperience-desktop_31bf3856ad364e35_10.0.19041.1_none_3ca230f968a4d3c5\InputApp\Assets\BadgeLogo.scale-100.png to Extraction Queue
Adding C:\wim-uup-validation-1791110582335113548\assembly\feature-19\amd64_microsoft-windows-userexperience-desktop_31bf3856ad364e35_10.0.19041.1_none_3ca230f968a4d3c5\InputApp\Assets\BadgeLogo.scale-125.png to Extraction Queue
Adding C:\wim-uup-validation-1791110582335113548\assembly\feature-19\amd64_microsoft-windows-userexperience-desktop_31bf3856ad364e35_10.0.19041.1_none_3ca230f968a4d3c5\InputApp\Assets\BadgeLogo.scale-150.png to Extraction Queue
Adding C:\wim-uup-validation-1791110582335113548\assembly\feature-19\amd64_microsoft-windows-userexperience-desktop_31bf3856ad364e35_10.0.19041.1_none_3ca230f968a4d3c5\InputApp\Assets\BadgeLogo.scale-200.png to Extraction Queue
Adding C:\wim-uup-validation-1791110582335113548\assembly\feature-19\amd64_microsoft-windows-userexperience-desktop_31bf3856ad364e35_10.0.19041.1_none_3ca230f968a4d3c5\InputApp\Assets\BadgeLogo.scale-400.png to Extraction Queue
Adding C:\wim-uup-validation-1791110582335113548\assembly\feature-19\amd64_microsoft-windows-userexperience-desktop_31bf3856ad364e35_10.0.19041.1_none_3ca230f968a4d3c5\InputApp\Assets\Fonts\AXPMDL2.ttf to Extraction Queue
Adding C:\wim-uup-validation-1791110582335113548\assembly\feature-19\amd64_microsoft-windows-userexperience-desktop_31bf3856ad364e35_10.0.19041.1_none_3ca230f968a4d3c5\InputApp\Assets\Fonts\CloudAnimation.ttf to Extraction Queue
Adding C:\wim-uup-validation-1791110582335113548\assembly\feature-19\amd64_microsoft-windows-userexperience-desktop_31bf3856ad364e35_10.0.19041.1_none_3ca230f968a4d3c5\InputApp\Assets\Fonts\ECMDL2.ttf to Extraction Queue
Adding C:\wim-uup-validation-1791110582335113548\assembly\feature-19\amd64_microsoft-windows-userexperience-desktop_31bf3856ad364e35_10.0.19041.1_none_3ca230f968a4d3c5\InputApp\Assets\Fonts\ESIPMDL2.ttf to Extraction Queue
Adding C:\wim-uup-validation-1791110582335113548\assembly\feature-19\amd64_microsoft-windows-userexperience-desktop_31bf3856ad364e35_10.0.19041.1_none_3ca230f968a4d3c5\InputApp\Assets\Fonts\GetSMDL.ttf to Extraction Queue
Adding C:\wim-uup-validation-1791110582335113548\assembly\feature-19\amd64_microsoft-windows-userexperience-desktop_31bf3856ad364e35_10.0.19041.1_none_3ca230f968a4d3c5\InputApp\Assets\Fonts\HandwritingMixedInput.ttf to Extraction Queue
Adding C:\wim-uup-validation-1791110582335113548\assembly\feature-19\amd64_microsoft-windows-userexperience-desktop_31bf3856ad364e35_10.0.19041.1_none_3ca230f968a4d3c5\InputApp\Assets\KbdAccentPicker.wav to Extraction Queue
Adding C:\wim-uup-validation-1791110582335113548\assembly\feature-19\amd64_microsoft-windows-userexperience-desktop_31bf3856ad364e35_10.0.19041.1_none_3ca230f968a4d3c5\InputApp\Assets\KbdFunction.wav to Extraction Queue
Adding C:\wim-uup-validation-1791110582335113548\assembly\feature-19\amd64_microsoft-windows-userexperience-desktop_31bf3856ad364e35_10.0.19041.1_none_3ca230f968a4d3c5\InputApp\Assets\KbdKeyTap.wav to Extraction Queue
Adding C:\wim-uup-validation-1791110582335113548\assembly\feature-19\amd64_microsoft-windows-userexperience-desktop_31bf3856ad364e35_10.0.19041.1_none_3ca230f968a4d3c5\InputApp\Assets\KbdSpacebar.wav to Extraction Queue
Adding C:\wim-uup-validation-1791110582335113548\assembly\feature-19\amd64_microsoft-windows-userexperience-desktop_31bf3856ad364e35_10.0.19041.1_none_3ca230f968a4d3c5\InputApp\Assets\KbdSwipeGesture.wav to Extraction Queue
Adding C:\wim-uup-validation-1791110582335113548\assembly\feature-19\amd64_microsoft-windows-userexperience-desktop_31bf3856ad364e35_10.0.19041.1_none_3ca230f968a4d3c5\InputApp\Assets\Ninja\CategorySticker.png to Extraction Queue
Adding C:\wim-uup-validation-1791110582335113548\assembly\feature-19\amd64_microsoft-windows-userexperience-desktop_31bf3856ad364e35_10.0.19041.1_none_3ca230f968a4d3c5\InputApp\Assets\SplashScreen.scale-100.png to Extraction Queue
Adding C:\wim-uup-validation-1791110582335113548\assembly\feature-19\amd64_microsoft-windows-userexperience-desktop_31bf3856ad364e35_10.0.19041.1_none_3ca230f968a4d3c5\InputApp\Assets\SplashScreen.scale-125.png to Extraction Queue
Adding C:\wim-uup-validation-1791110582335113548\assembly\feature-19\amd64_microsoft-windows-userexperience-desktop_31bf3856ad364e35_10.0.19041.1_none_3ca230f968a4d3c5\InputApp\Assets\SplashScreen.scale-150.png to Extraction Queue
Adding C:\wim-uup-validation-1791110582335113548\assembly\feature-19\amd64_microsoft-windows-userexperience-desktop_31bf3856ad364e35_10.0.19041.1_none_3ca230f968a4d3c5\InputApp\Assets\SplashScreen.scale-200.png to Extraction Queue
Adding C:\wim-uup-validation-1791110582335113548\assembly\feature-19\amd64_microsoft-windows-userexperience-desktop_31bf3856ad364e35_10.0.19041.1_none_3ca230f968a4d3c5\InputApp\Assets\SplashScreen.scale-400.png to Extraction Queue
Adding C:\wim-uup-validation-1791110582335113548\assembly\feature-19\amd64_microsoft-windows-userexperience-desktop_31bf3856ad364e35_10.0.19041.1_none_3ca230f968a4d3c5\InputApp\Assets\SquareLogo150x150.scale-100.png to Extraction Queue
Adding C:\wim-uup-validation-1791110582335113548\assembly\feature-19\amd64_microsoft-windows-userexperience-desktop_31bf3856ad364e35_10.0.19041.1_none_3ca230f968a4d3c5\InputApp\Assets\SquareLogo150x150.scale-200.png to Extraction Queue
Adding C:\wim-uup-validation-1791110582335113548\assembly\feature-19\amd64_microsoft-windows-userexperience-desktop_31bf3856ad364e35_10.0.19041.1_none_3ca230f968a4d3c5\InputApp\Assets\SquareLogo150x150.scale-400.png to Extraction Queue
Adding C:\wim-uup-validation-1791110582335113548\assembly\feature-19\amd64_microsoft-windows-userexperience-desktop_31bf3856ad364e35_10.0.19041.1_none_3ca230f968a4d3c5\InputApp\Assets\SquareLogo310x310.scale-100.png to Extraction Queue
Adding C:\wim-uup-validation-1791110582335113548\assembly\feature-19\amd64_microsoft-windows-userexperience-desktop_31bf3856ad364e35_10.0.19041.1_none_3ca230f968a4d3c5\InputApp\Assets\SquareLogo310x310.scale-200.png to Extraction Queue
Adding C:\wim-uup-validation-1791110582335113548\assembly\feature-19\amd64_microsoft-windows-userexperience-desktop_31bf3856ad364e35_10.0.19041.1_none_3ca230f968a4d3c5\InputApp\Assets\SquareLogo310x310.scale-400.png to Extraction Queue
Adding C:\wim-uup-validation-1791110582335113548\assembly\feature-19\amd64_microsoft-windows-userexperience-desktop_31bf3856ad364e35_10.0.19041.1_none_3ca230f968a4d3c5\InputApp\Assets\SquareLogo44x44.scale-100.png to Extraction Queue
Adding C:\wim-uup-validation-1791110582335113548\assembly\feature-19\amd64_microsoft-windows-userexperience-desktop_31bf3856ad364e35_10.0.19041.1_none_3ca230f968a4d3c5\InputApp\Assets\SquareLogo44x44.scale-200.png to Extraction Queue
Adding C:\wim-uup-validation-1791110582335113548\assembly\feature-19\amd64_microsoft-windows-userexperience-desktop_31bf3856ad364e35_10.0.19041.1_none_3ca230f968a4d3c5\InputApp\Assets\SquareLogo44x44.scale-400.png to Extraction Queue
Adding C:\wim-uup-validation-1791110582335113548\assembly\feature-19\amd64_microsoft-windows-userexperience-desktop_31bf3856ad364e35_10.0.19041.1_none_3ca230f968a4d3c5\InputApp\Assets\SquareLogo71x71.scale-100.png to Extraction Queue
Adding C:\wim-uup-validation-1791110582335113548\assembly\feature-19\amd64_microsoft-windows-userexperience-desktop_31bf3856ad364e35_10.0.19041.1_none_3ca230f968a4d3c5\InputApp\Assets\SquareLogo71x71.scale-200.png to Extraction Queue
Adding C:\wim-uup-validation-1791110582335113548\assembly\feature-19\amd64_microsoft-windows-userexperience-desktop_31bf3856ad364e35_10.0.19041.1_none_3ca230f968a4d3c5\InputApp\Assets\SquareLogo71x71.scale-400.png to Extraction Queue
Adding C:\wim-uup-validation-1791110582335113548\assembly\feature-19\amd64_microsoft-windows-userexperience-desktop_31bf3856ad364e35_10.0.19041.1_none_3ca230f968a4d3c5\InputApp\Assets\StoreLogo.scale-100.png to Extraction Queue
Adding C:\wim-uup-validation-1791110582335113548\assembly\feature-19\amd64_microsoft-windows-userexperience-desktop_31bf3856ad364e35_10.0.19041.1_none_3ca230f968a4d3c5\InputApp\Assets\StoreLogo.scale-125.png to Extraction Queue
Adding C:\wim-uup-validation-1791110582335113548\assembly\feature-19\amd64_microsoft-windows-userexperience-desktop_31bf3856ad364e35_10.0.19041.1_none_3ca230f968a4d3c5\InputApp\Assets\StoreLogo.scale-150.png to Extraction Queue
Adding C:\wim-uup-validation-1791110582335113548\assembly\feature-19\amd64_microsoft-windows-userexperience-desktop_31bf3856ad364e35_10.0.19041.1_none_3ca230f968a4d3c5\InputApp\Assets\StoreLogo.scale-200.png to Extraction Queue
Adding C:\wim-uup-validation-1791110582335113548\assembly\feature-19\amd64_microsoft-windows-userexperience-desktop_31bf3856ad364e35_10.0.19041.1_none_3ca230f968a4d3c5\InputApp\Assets\StoreLogo.scale-400.png to Extraction Queue
Adding C:\wim-uup-validation-1791110582335113548\assembly\feature-19\amd64_microsoft-windows-userexperience-desktop_31bf3856ad364e35_10.0.19041.1_none_3ca230f968a4d3c5\InputApp\Assets\WideLogo310x150.scale-100.png to Extraction Queue
Adding C:\wim-uup-validation-1791110582335113548\assembly\feature-19\amd64_microsoft-windows-userexperience-desktop_31bf3856ad364e35_10.0.19041.1_none_3ca230f968a4d3c5\InputApp\Assets\WideLogo310x150.scale-200.png to Extraction Queue
Adding C:\wim-uup-validation-1791110582335113548\assembly\feature-19\amd64_microsoft-windows-userexperience-desktop_31bf3856ad364e35_10.0.19041.1_none_3ca230f968a4d3c5\InputApp\Assets\WideLogo310x150.scale-400.png to Extraction Queue
Adding C:\wim-uup-validation-1791110582335113548\assembly\feature-19\amd64_microsoft-windows-userexperience-desktop_31bf3856ad364e35_10.0.19041.1_none_3ca230f968a4d3c5\InputApp\InputApp\Assets\BadgeLogo.scale-100.png to Extraction Queue
Adding C:\wim-uup-validation-1791110582335113548\assembly\feature-19\amd64_microsoft-windows-userexperience-desktop_31bf3856ad364e35_10.0.19041.1_none_3ca230f968a4d3c5\InputApp\InputApp\Assets\BadgeLogo.scale-125.png to Extraction Queue
Adding C:\wim-uup-validation-1791110582335113548\assembly\feature-19\amd64_microsoft-windows-userexperience-desktop_31bf3856ad364e35_10.0.19041.1_none_3ca230f968a4d3c5\InputApp\InputApp\Assets\BadgeLogo.scale-150.png to Extraction Queue
Adding C:\wim-uup-validation-1791110582335113548\assembly\feature-19\amd64_microsoft-windows-userexperience-desktop_31bf3856ad364e35_10.0.19041.1_none_3ca230f968a4d3c5\InputApp\InputApp\Assets\BadgeLogo.scale-200.png to Extraction Queue
Adding C:\wim-uup-validation-1791110582335113548\assembly\feature-19\amd64_microsoft-windows-userexperience-desktop_31bf3856ad364e35_10.0.19041.1_none_3ca230f968a4d3c5\InputApp\InputApp\Assets\BadgeLogo.scale-400.png to Extraction Queue
Adding C:\wim-uup-validation-1791110582335113548\assembly\feature-19\amd64_microsoft-windows-userexperience-desktop_31bf3856ad364e35_10.0.19041.1_none_3ca230f968a4d3c5\InputApp\InputApp\Assets\Fonts\AXPMDL2.ttf to Extraction Queue
Adding C:\wim-uup-validation-1791110582335113548\assembly\feature-19\amd64_microsoft-windows-userexperience-desktop_31bf3856ad364e35_10.0.19041.1_none_3ca230f968a4d3c5\InputApp\InputApp\Assets\Fonts\CloudAnimation.ttf to Extraction Queue
Adding C:\wim-uup-validation-1791110582335113548\assembly\feature-19\amd64_microsoft-windows-userexperience-desktop_31bf3856ad364e35_10.0.19041.1_none_3ca230f968a4d3c5\InputApp\InputApp\Assets\Fonts\ECMDL2.ttf to Extraction Queue
Adding C:\wim-uup-validation-1791110582335113548\assembly\feature-19\amd64_microsoft-windows-userexperience-desktop_31bf3856ad364e35_10.0.19041.1_none_3ca230f968a4d3c5\InputApp\InputApp\Assets\Fonts\ESIPMDL2.ttf to Extraction Queue
Adding C:\wim-uup-validation-1791110582335113548\assembly\feature-19\amd64_microsoft-windows-userexperience-desktop_31bf3856ad364e35_10.0.19041.1_none_3ca230f968a4d3c5\InputApp\InputApp\Assets\Fonts\GetSMDL.ttf to Extraction Queue
Adding C:\wim-uup-validation-1791110582335113548\assembly\feature-19\amd64_microsoft-windows-userexperience-desktop_31bf3856ad364e35_10.0.19041.1_none_3ca230f968a4d3c5\InputApp\InputApp\Assets\Fonts\HandwritingMixedInput.ttf to Extraction Queue
Adding C:\wim-uup-validation-1791110582335113548\assembly\feature-19\amd64_microsoft-windows-userexperience-desktop_31bf3856ad364e35_10.0.19041.1_none_3ca230f968a4d3c5\InputApp\InputApp\Assets\KbdAccentPicker.wav to Extraction Queue
Adding C:\wim-uup-validation-1791110582335113548\assembly\feature-19\amd64_microsoft-windows-userexperience-desktop_31bf3856ad364e35_10.0.19041.1_none_3ca230f968a4d3c5\InputApp\InputApp\Assets\KbdFunction.wav to Extraction Queue
Adding C:\wim-uup-validation-1791110582335113548\assembly\feature-19\amd64_microsoft-windows-userexperience-desktop_31bf3856ad364e35_10.0.19041.1_none_3ca230f968a4d3c5\InputApp\InputApp\Assets\KbdKeyTap.wav to Extraction Queue
Adding C:\wim-uup-validation-1791110582335113548\assembly\feature-19\amd64_microsoft-windows-userexperience-desktop_31bf3856ad364e35_10.0.19041.1_none_3ca230f968a4d3c5\InputApp\InputApp\Assets\KbdSpacebar.wav to Extraction Queue
Adding C:\wim-uup-validation-1791110582335113548\assembly\feature-19\amd64_microsoft-windows-userexperience-desktop_31bf3856ad364e35_10.0.19041.1_none_3ca230f968a4d3c5\InputApp\InputApp\Assets\KbdSwipeGesture.wav to Extraction Queue
Adding C:\wim-uup-validation-1791110582335113548\assembly\feature-19\amd64_microsoft-windows-userexperience-desktop_31bf3856ad364e35_10.0.19041.1_none_3ca230f968a4d3c5\InputApp\InputApp\Assets\Ninja\CategorySticker.png to Extraction Queue
Adding C:\wim-uup-validation-1791110582335113548\assembly\feature-19\amd64_microsoft-windows-userexperience-desktop_31bf3856ad364e35_10.0.19041.1_none_3ca230f968a4d3c5\InputApp\InputApp\Assets\SplashScreen.scale-100.png to Extraction Queue
Adding C:\wim-uup-validation-1791110582335113548\assembly\feature-19\amd64_microsoft-windows-userexperience-desktop_31bf3856ad364e35_10.0.19041.1_none_3ca230f968a4d3c5\InputApp\InputApp\Assets\SplashScreen.scale-125.png to Extraction Queue
Adding C:\wim-uup-validation-1791110582335113548\assembly\feature-19\amd64_microsoft-windows-userexperience-desktop_31bf3856ad364e35_10.0.19041.1_none_3ca230f968a4d3c5\InputApp\InputApp\Assets\SplashScreen.scale-150.png to Extraction Queue
Adding C:\wim-uup-validation-1791110582335113548\assembly\feature-19\amd64_microsoft-windows-userexperience-desktop_31bf3856ad364e35_10.0.19041.1_none_3ca230f968a4d3c5\InputApp\InputApp\Assets\SplashScreen.scale-200.png to Extraction Queue
Adding C:\wim-uup-validation-1791110582335113548\assembly\feature-19\amd64_microsoft-windows-userexperience-desktop_31bf3856ad364e35_10.0.19041.1_none_3ca230f968a4d3c5\InputApp\InputApp\Assets\SplashScreen.scale-400.png to Extraction Queue
Adding C:\wim-uup-validation-1791110582335113548\assembly\feature-19\amd64_microsoft-windows-userexperience-desktop_31bf3856ad364e35_10.0.19041.1_none_3ca230f968a4d3c5\InputApp\InputApp\Assets\SquareLogo150x150.scale-100.png to Extraction Queue
Adding C:\wim-uup-validation-1791110582335113548\assembly\feature-19\amd64_microsoft-windows-userexperience-desktop_31bf3856ad364e35_10.0.19041.1_none_3ca230f968a4d3c5\InputApp\InputApp\Assets\SquareLogo150x150.scale-200.png to Extraction Queue
Adding C:\wim-uup-validation-1791110582335113548\assembly\feature-19\amd64_microsoft-windows-userexperience-desktop_31bf3856ad364e35_10.0.19041.1_none_3ca230f968a4d3c5\InputApp\InputApp\Assets\SquareLogo150x150.scale-400.png to Extraction Queue
Adding C:\wim-uup-validation-1791110582335113548\assembly\feature-19\amd64_microsoft-windows-userexperience-desktop_31bf3856ad364e35_10.0.19041.1_none_3ca230f968a4d3c5\InputApp\InputApp\Assets\SquareLogo310x310.scale-100.png to Extraction Queue
Adding C:\wim-uup-validation-1791110582335113548\assembly\feature-19\amd64_microsoft-windows-userexperience-desktop_31bf3856ad364e35_10.0.19041.1_none_3ca230f968a4d3c5\InputApp\InputApp\Assets\SquareLogo310x310.scale-200.png to Extraction Queue
Adding C:\wim-uup-validation-1791110582335113548\assembly\feature-19\amd64_microsoft-windows-userexperience-desktop_31bf3856ad364e35_10.0.19041.1_none_3ca230f968a4d3c5\InputApp\InputApp\Assets\SquareLogo310x310.scale-400.png to Extraction Queue
Adding C:\wim-uup-validation-1791110582335113548\assembly\feature-19\amd64_microsoft-windows-userexperience-desktop_31bf3856ad364e35_10.0.19041.1_none_3ca230f968a4d3c5\InputApp\InputApp\Assets\SquareLogo44x44.scale-100.png to Extraction Queue
Adding C:\wim-uup-validation-1791110582335113548\assembly\feature-19\amd64_microsoft-windows-userexperience-desktop_31bf3856ad364e35_10.0.19041.1_none_3ca230f968a4d3c5\InputApp\InputApp\Assets\SquareLogo44x44.scale-200.png to Extraction Queue
Adding C:\wim-uup-validation-1791110582335113548\assembly\feature-19\amd64_microsoft-windows-userexperience-desktop_31bf3856ad364e35_10.0.19041.1_none_3ca230f968a4d3c5\InputApp\InputApp\Assets\SquareLogo44x44.scale-400.png to Extraction Queue
Adding C:\wim-uup-validation-1791110582335113548\assembly\feature-19\amd64_microsoft-windows-userexperience-desktop_31bf3856ad364e35_10.0.19041.1_none_3ca230f968a4d3c5\InputApp\InputApp\Assets\SquareLogo71x71.scale-100.png to Extraction Queue
Adding C:\wim-uup-validation-1791110582335113548\assembly\feature-19\amd64_microsoft-windows-userexperience-desktop_31bf3856ad364e35_10.0.19041.1_none_3ca230f968a4d3c5\InputApp\InputApp\Assets\SquareLogo71x71.scale-200.png to Extraction Queue
Adding C:\wim-uup-validation-1791110582335113548\assembly\feature-19\amd64_microsoft-windows-userexperience-desktop_31bf3856ad364e35_10.0.19041.1_none_3ca230f968a4d3c5\InputApp\InputApp\Assets\SquareLogo71x71.scale-400.png to Extraction Queue
Adding C:\wim-uup-validation-1791110582335113548\assembly\feature-19\amd64_microsoft-windows-userexperience-desktop_31bf3856ad364e35_10.0.19041.1_none_3ca230f968a4d3c5\InputApp\InputApp\Assets\StoreLogo.scale-100.png to Extraction Queue
Adding C:\wim-uup-validation-1791110582335113548\assembly\feature-19\amd64_microsoft-windows-userexperience-desktop_31bf3856ad364e35_10.0.19041.1_none_3ca230f968a4d3c5\InputApp\InputApp\Assets\StoreLogo.scale-125.png to Extraction Queue
Adding C:\wim-uup-validation-1791110582335113548\assembly\feature-19\amd64_microsoft-windows-userexperience-desktop_31bf3856ad364e35_10.0.19041.1_none_3ca230f968a4d3c5\InputApp\InputApp\Assets\StoreLogo.scale-150.png to Extraction Queue
Adding C:\wim-uup-validation-1791110582335113548\assembly\feature-19\amd64_microsoft-windows-userexperience-desktop_31bf3856ad364e35_10.0.19041.1_none_3ca230f968a4d3c5\InputApp\InputApp\Assets\StoreLogo.scale-200.png to Extraction Queue
Adding C:\wim-uup-validation-1791110582335113548\assembly\feature-19\amd64_microsoft-windows-userexperience-desktop_31bf3856ad364e35_10.0.19041.1_none_3ca230f968a4d3c5\InputApp\InputApp\Assets\StoreLogo.scale-400.png to Extraction Queue
Adding C:\wim-uup-validation-1791110582335113548\assembly\feature-19\amd64_microsoft-windows-userexperience-desktop_31bf3856ad364e35_10.0.19041.1_none_3ca230f968a4d3c5\InputApp\InputApp\Assets\WideLogo310x150.scale-100.png to Extraction Queue
Adding C:\wim-uup-validation-1791110582335113548\assembly\feature-19\amd64_microsoft-windows-userexperience-desktop_31bf3856ad364e35_10.0.19041.1_none_3ca230f968a4d3c5\InputApp\InputApp\Assets\WideLogo310x150.scale-200.png to Extraction Queue
Adding C:\wim-uup-validation-1791110582335113548\assembly\feature-19\amd64_microsoft-windows-userexperience-desktop_31bf3856ad364e35_10.0.19041.1_none_3ca230f968a4d3c5\InputApp\InputApp\Assets\WideLogo310x150.scale-400.png to Extraction Queue
Adding C:\wim-uup-validation-1791110582335113548\assembly\feature-19\amd64_microsoft-windows-userexperience-desktop_31bf3856ad364e35_10.0.19041.1_none_3ca230f968a4d3c5\InputApp\InputApp.dll to Extraction Queue
Adding C:\wim-uup-validation-1791110582335113548\assembly\feature-19\amd64_microsoft-windows-userexperience-desktop_31bf3856ad364e35_10.0.19041.1_none_3ca230f968a4d3c5\InputApp\LayoutData.dll to Extraction Queue
Adding C:\wim-uup-validation-1791110582335113548\assembly\feature-19\amd64_microsoft-windows-userexperience-desktop_31bf3856ad364e35_10.0.19041.1_none_3ca230f968a4d3c5\InputApp\LayoutData.winmd to Extraction Queue
Adding C:\wim-uup-validation-1791110582335113548\assembly\feature-19\amd64_microsoft-windows-userexperience-desktop_31bf3856ad364e35_10.0.19041.1_none_3ca230f968a4d3c5\InputApp\SuggestionUI.dll to Extraction Queue
Adding C:\wim-uup-validation-1791110582335113548\assembly\feature-19\amd64_microsoft-windows-userexperience-desktop_31bf3856ad364e35_10.0.19041.1_none_3ca230f968a4d3c5\InputApp\SuggestionUI.winmd to Extraction Queue
Adding C:\wim-uup-validation-1791110582335113548\assembly\feature-19\amd64_microsoft-windows-userexperience-desktop_31bf3856ad364e35_10.0.19041.1_none_3ca230f968a4d3c5\InputApp\TextInput.dll to Extraction Queue
Adding C:\wim-uup-validation-1791110582335113548\assembly\feature-19\amd64_microsoft-windows-userexperience-desktop_31bf3856ad364e35_10.0.19041.1_none_3ca230f968a4d3c5\InputApp\TextInput.winmd to Extraction Queue
Adding C:\wim-uup-validation-1791110582335113548\assembly\feature-19\amd64_microsoft-windows-userexperience-desktop_31bf3856ad364e35_10.0.19041.1_none_3ca230f968a4d3c5\InputApp\TextInputCommon.dll to Extraction Queue
Adding C:\wim-uup-validation-1791110582335113548\assembly\feature-19\amd64_microsoft-windows-userexperience-desktop_31bf3856ad364e35_10.0.19041.1_none_3ca230f968a4d3c5\InputApp\TextInputCommon.winmd to Extraction Queue
Adding C:\wim-uup-validation-1791110582335113548\assembly\feature-19\amd64_microsoft-windows-userexperience-desktop_31bf3856ad364e35_10.0.19041.1_none_3ca230f968a4d3c5\InputApp\TextInputHost.exe to Extraction Queue
Adding C:\wim-uup-validation-1791110582335113548\assembly\feature-19\amd64_microsoft-windows-userexperience-desktop_31bf3856ad364e35_10.0.19041.1_none_3ca230f968a4d3c5\resources.pri to Extraction Queue
Adding C:\wim-uup-validation-1791110582335113548\assembly\feature-19\amd64_microsoft-windows-userexperience-desktop_31bf3856ad364e35_10.0.19041.1_none_3ca230f968a4d3c5\ScreenClipping\Assets\LockScreenLogo.scale-200.png to Extraction Queue
Adding C:\wim-uup-validation-1791110582335113548\assembly\feature-19\amd64_microsoft-windows-userexperience-desktop_31bf3856ad364e35_10.0.19041.1_none_3ca230f968a4d3c5\ScreenClipping\Assets\SplashScreen.scale-200.png to Extraction Queue
Adding C:\wim-uup-validation-1791110582335113548\assembly\feature-19\amd64_microsoft-windows-userexperience-desktop_31bf3856ad364e35_10.0.19041.1_none_3ca230f968a4d3c5\ScreenClipping\Assets\Square150x150Logo.scale-200.png to Extraction Queue
Adding C:\wim-uup-validation-1791110582335113548\assembly\feature-19\amd64_microsoft-windows-userexperience-desktop_31bf3856ad364e35_10.0.19041.1_none_3ca230f968a4d3c5\ScreenClipping\Assets\Square44x44Logo.scale-200.png to Extraction Queue
Adding C:\wim-uup-validation-1791110582335113548\assembly\feature-19\amd64_microsoft-windows-userexperience-desktop_31bf3856ad364e35_10.0.19041.1_none_3ca230f968a4d3c5\ScreenClipping\Assets\Square44x44Logo.targetsize-24_altform-unplated.png to Extraction Queue
Adding C:\wim-uup-validation-1791110582335113548\assembly\feature-19\amd64_microsoft-windows-userexperience-desktop_31bf3856ad364e35_10.0.19041.1_none_3ca230f968a4d3c5\ScreenClipping\Assets\StoreLogo.png to Extraction Queue
Adding C:\wim-uup-validation-1791110582335113548\assembly\feature-19\amd64_microsoft-windows-userexperience-desktop_31bf3856ad364e35_10.0.19041.1_none_3ca230f968a4d3c5\ScreenClipping\Assets\Wide310x150Logo.scale-200.png to Extraction Queue
Adding C:\wim-uup-validation-1791110582335113548\assembly\feature-19\amd64_microsoft-windows-userexperience-desktop_31bf3856ad364e35_10.0.19041.1_none_3ca230f968a4d3c5\ScreenClipping\ScreenClipping\Assets\Fonts\strgmdl2.2.42.ttf to Extraction Queue
Adding C:\wim-uup-validation-1791110582335113548\assembly\feature-19\amd64_microsoft-windows-userexperience-desktop_31bf3856ad364e35_10.0.19041.1_none_3ca230f968a4d3c5\ScreenClipping\ScreenClipping\Assets\LockScreenLogo.scale-200.png to Extraction Queue
Adding C:\wim-uup-validation-1791110582335113548\assembly\feature-19\amd64_microsoft-windows-userexperience-desktop_31bf3856ad364e35_10.0.19041.1_none_3ca230f968a4d3c5\ScreenClipping\ScreenClipping\Assets\Sounds\camerashutter.wav to Extraction Queue
Adding C:\wim-uup-validation-1791110582335113548\assembly\feature-19\amd64_microsoft-windows-userexperience-desktop_31bf3856ad364e35_10.0.19041.1_none_3ca230f968a4d3c5\ScreenClipping\ScreenClipping\Assets\SplashScreen.scale-200.png to Extraction Queue
Adding C:\wim-uup-validation-1791110582335113548\assembly\feature-19\amd64_microsoft-windows-userexperience-desktop_31bf3856ad364e35_10.0.19041.1_none_3ca230f968a4d3c5\ScreenClipping\ScreenClipping\Assets\Square150x150Logo.scale-200.png to Extraction Queue
Adding C:\wim-uup-validation-1791110582335113548\assembly\feature-19\amd64_microsoft-windows-userexperience-desktop_31bf3856ad364e35_10.0.19041.1_none_3ca230f968a4d3c5\ScreenClipping\ScreenClipping\Assets\Square44x44Logo.scale-200.png to Extraction Queue
Adding C:\wim-uup-validation-1791110582335113548\assembly\feature-19\amd64_microsoft-windows-userexperience-desktop_31bf3856ad364e35_10.0.19041.1_none_3ca230f968a4d3c5\ScreenClipping\ScreenClipping\Assets\Square44x44Logo.targetsize-24_altform-unplated.png to Extraction Queue
Adding C:\wim-uup-validation-1791110582335113548\assembly\feature-19\amd64_microsoft-windows-userexperience-desktop_31bf3856ad364e35_10.0.19041.1_none_3ca230f968a4d3c5\ScreenClipping\ScreenClipping\Assets\StoreLogo.png to Extraction Queue
Adding C:\wim-uup-validation-1791110582335113548\assembly\feature-19\amd64_microsoft-windows-userexperience-desktop_31bf3856ad364e35_10.0.19041.1_none_3ca230f968a4d3c5\ScreenClipping\ScreenClipping\Assets\Wide310x150Logo.scale-200.png to Extraction Queue
Adding C:\wim-uup-validation-1791110582335113548\assembly\feature-19\amd64_microsoft-windows-userexperience-desktop_31bf3856ad364e35_10.0.19041.1_none_3ca230f968a4d3c5\ScreenClipping\ScreenClipping.dll to Extraction Queue
Adding C:\wim-uup-validation-1791110582335113548\assembly\feature-19\amd64_microsoft-windows-userexperience-desktop_31bf3856ad364e35_10.0.19041.1_none_3ca230f968a4d3c5\ScreenClipping\ScreenClipping.winmd to Extraction Queue
Adding C:\wim-uup-validation-1791110582335113548\assembly\feature-19\amd64_microsoft-windows-userexperience-desktop_31bf3856ad364e35_10.0.19041.1_none_3ca230f968a4d3c5\ScreenClipping\ScreenClippingHost.exe to Extraction Queue
Adding C:\wim-uup-validation-1791110582335113548\assembly\feature-19\amd64_microsoft-windows-userexperience-desktop_31bf3856ad364e35_10.0.19041.1_none_3ca230f968a4d3c5.manifest to Extraction Queue
Adding C:\wim-uup-validation-1791110582335113548\assembly\feature-19\Microsoft-Windows-UserExperience-Desktop-Package~31bf3856ad364e35~amd64~~10.0.19041.1.cat to Extraction Queue
Adding C:\wim-uup-validation-1791110582335113548\assembly\feature-19\Microsoft-Windows-UserExperience-Desktop-Package~31bf3856ad364e35~amd64~~10.0.19041.1.mum to Extraction Queue
Adding C:\wim-uup-validation-1791110582335113548\assembly\feature-19\update.cat to Extraction Queue
Adding C:\wim-uup-validation-1791110582335113548\assembly\feature-19\update.mum to Extraction Queue

Expanding Files ....

Expanding Files Complete ...
131 files total.
