Microsoft (R) File Expansion Utility
Copyright (c) Microsoft Corporation. All rights reserved.

Adding C:\wim-uup-validation-1791110582335113548\assembly\feature-8\$filehashes$.dat to Extraction Queue
Adding C:\wim-uup-validation-1791110582335113548\assembly\feature-8\amd64_microsoft-windows-l..ch-en-us-deployment_31bf3856ad364e35_10.0.19041.1_none_d1cbec64a537bb20.manifest to Extraction Queue
Adding C:\wim-uup-validation-1791110582335113548\assembly\feature-8\amd64_microsoft-windows-s..ortedlanguage_en-us_31bf3856ad364e35_10.0.19041.1_none_e87682199787f295\SpeechUXRes.dll to Extraction Queue
Adding C:\wim-uup-validation-1791110582335113548\assembly\feature-8\amd64_microsoft-windows-s..ortedlanguage_en-us_31bf3856ad364e35_10.0.19041.1_none_e87682199787f295.manifest to Extraction Queue
Adding C:\wim-uup-validation-1791110582335113548\assembly\feature-8\amd64_microsoft-windows-s..zer-en-us-n-onecore_31bf3856ad364e35_10.0.19041.1_none_6c080513cf20aab5\AI041033.am to Extraction Queue
Adding C:\wim-uup-validation-1791110582335113548\assembly\feature-8\amd64_microsoft-windows-s..zer-en-us-n-onecore_31bf3856ad364e35_10.0.19041.1_none_6c080513cf20aab5\c1033.fe to Extraction Queue
Adding C:\wim-uup-validation-1791110582335113548\assembly\feature-8\amd64_microsoft-windows-s..zer-en-us-n-onecore_31bf3856ad364e35_10.0.19041.1_none_6c080513cf20aab5\DictationCommands.0409.grxml to Extraction Queue
Adding C:\wim-uup-validation-1791110582335113548\assembly\feature-8\amd64_microsoft-windows-s..zer-en-us-n-onecore_31bf3856ad364e35_10.0.19041.1_none_6c080513cf20aab5\l1033.cw to Extraction Queue
Adding C:\wim-uup-validation-1791110582335113548\assembly\feature-8\amd64_microsoft-windows-s..zer-en-us-n-onecore_31bf3856ad364e35_10.0.19041.1_none_6c080513cf20aab5\l1033.ini to Extraction Queue
Adding C:\wim-uup-validation-1791110582335113548\assembly\feature-8\amd64_microsoft-windows-s..zer-en-us-n-onecore_31bf3856ad364e35_10.0.19041.1_none_6c080513cf20aab5\l1033.phn to Extraction Queue
Adding C:\wim-uup-validation-1791110582335113548\assembly\feature-8\amd64_microsoft-windows-s..zer-en-us-n-onecore_31bf3856ad364e35_10.0.19041.1_none_6c080513cf20aab5\l1033.smp to Extraction Queue
Adding C:\wim-uup-validation-1791110582335113548\assembly\feature-8\amd64_microsoft-windows-s..zer-en-us-n-onecore_31bf3856ad364e35_10.0.19041.1_none_6c080513cf20aab5\l1033.wwd to Extraction Queue
Adding C:\wim-uup-validation-1791110582335113548\assembly\feature-8\amd64_microsoft-windows-s..zer-en-us-n-onecore_31bf3856ad364e35_10.0.19041.1_none_6c080513cf20aab5\lsr1033.lxa to Extraction Queue
Adding C:\wim-uup-validation-1791110582335113548\assembly\feature-8\amd64_microsoft-windows-s..zer-en-us-n-onecore_31bf3856ad364e35_10.0.19041.1_none_6c080513cf20aab5\r1033sr.lxa to Extraction Queue
Adding C:\wim-uup-validation-1791110582335113548\assembly\feature-8\amd64_microsoft-windows-s..zer-en-us-n-onecore_31bf3856ad364e35_10.0.19041.1_none_6c080513cf20aab5\SpellingGrammar.0409.grxml to Extraction Queue
Adding C:\wim-uup-validation-1791110582335113548\assembly\feature-8\amd64_microsoft-windows-s..zer-en-us-n-onecore_31bf3856ad364e35_10.0.19041.1_none_6c080513cf20aab5\tn1033.bin to Extraction Queue
Adding C:\wim-uup-validation-1791110582335113548\assembly\feature-8\amd64_microsoft-windows-s..zer-en-us-n-onecore_31bf3856ad364e35_10.0.19041.1_none_6c080513cf20aab5\Tokens_SR_en-US-N.xml to Extraction Queue
Adding C:\wim-uup-validation-1791110582335113548\assembly\feature-8\amd64_microsoft-windows-s..zer-en-us-n-onecore_31bf3856ad364e35_10.0.19041.1_none_6c080513cf20aab5\VES-Disambiguation.0409.grxml to Extraction Queue
Adding C:\wim-uup-validation-1791110582335113548\assembly\feature-8\amd64_microsoft-windows-s..zer-en-us-n-onecore_31bf3856ad364e35_10.0.19041.1_none_6c080513cf20aab5\VES-SeeItSayIt.0409.grxml to Extraction Queue
Adding C:\wim-uup-validation-1791110582335113548\assembly\feature-8\amd64_microsoft-windows-s..zer-en-us-n-onecore_31bf3856ad364e35_10.0.19041.1_none_6c080513cf20aab5\VES-Select.0409.grxml to Extraction Queue
Adding C:\wim-uup-validation-1791110582335113548\assembly\feature-8\amd64_microsoft-windows-s..zer-en-us-n-onecore_31bf3856ad364e35_10.0.19041.1_none_6c080513cf20aab5.manifest to Extraction Queue
Adding C:\wim-uup-validation-1791110582335113548\assembly\feature-8\amd64_microsoft-windows-speechrecognizer-en-us_31bf3856ad364e35_10.0.19041.1_none_6cffd7588bca3338\af031033.am to Extraction Queue
Adding C:\wim-uup-validation-1791110582335113548\assembly\feature-8\amd64_microsoft-windows-speechrecognizer-en-us_31bf3856ad364e35_10.0.19041.1_none_6cffd7588bca3338\ai031033.am to Extraction Queue
Adding C:\wim-uup-validation-1791110582335113548\assembly\feature-8\amd64_microsoft-windows-speechrecognizer-en-us_31bf3856ad364e35_10.0.19041.1_none_6cffd7588bca3338\am031033.am to Extraction Queue
Adding C:\wim-uup-validation-1791110582335113548\assembly\feature-8\amd64_microsoft-windows-speechrecognizer-en-us_31bf3856ad364e35_10.0.19041.1_none_6cffd7588bca3338\c1033dsk.fe to Extraction Queue
Adding C:\wim-uup-validation-1791110582335113548\assembly\feature-8\amd64_microsoft-windows-speechrecognizer-en-us_31bf3856ad364e35_10.0.19041.1_none_6cffd7588bca3338\grph1033.lxa to Extraction Queue
Adding C:\wim-uup-validation-1791110582335113548\assembly\feature-8\amd64_microsoft-windows-speechrecognizer-en-us_31bf3856ad364e35_10.0.19041.1_none_6cffd7588bca3338\l1033.cw to Extraction Queue
Adding C:\wim-uup-validation-1791110582335113548\assembly\feature-8\amd64_microsoft-windows-speechrecognizer-en-us_31bf3856ad364e35_10.0.19041.1_none_6cffd7588bca3338\l1033.dlm to Extraction Queue
Adding C:\wim-uup-validation-1791110582335113548\assembly\feature-8\amd64_microsoft-windows-speechrecognizer-en-us_31bf3856ad364e35_10.0.19041.1_none_6cffd7588bca3338\l1033.ini to Extraction Queue
Adding C:\wim-uup-validation-1791110582335113548\assembly\feature-8\amd64_microsoft-windows-speechrecognizer-en-us_31bf3856ad364e35_10.0.19041.1_none_6cffd7588bca3338\l1033.mllr to Extraction Queue
Adding C:\wim-uup-validation-1791110582335113548\assembly\feature-8\amd64_microsoft-windows-speechrecognizer-en-us_31bf3856ad364e35_10.0.19041.1_none_6cffd7588bca3338\l1033.ngr to Extraction Queue
Adding C:\wim-uup-validation-1791110582335113548\assembly\feature-8\amd64_microsoft-windows-speechrecognizer-en-us_31bf3856ad364e35_10.0.19041.1_none_6cffd7588bca3338\l1033.phn to Extraction Queue
Adding C:\wim-uup-validation-1791110582335113548\assembly\feature-8\amd64_microsoft-windows-speechrecognizer-en-us_31bf3856ad364e35_10.0.19041.1_none_6cffd7588bca3338\l1033.smp to Extraction Queue
Adding C:\wim-uup-validation-1791110582335113548\assembly\feature-8\amd64_microsoft-windows-speechrecognizer-en-us_31bf3856ad364e35_10.0.19041.1_none_6cffd7588bca3338\l1033.wwd to Extraction Queue
Adding C:\wim-uup-validation-1791110582335113548\assembly\feature-8\amd64_microsoft-windows-speechrecognizer-en-us_31bf3856ad364e35_10.0.19041.1_none_6cffd7588bca3338\lsr1033.lxa to Extraction Queue
Adding C:\wim-uup-validation-1791110582335113548\assembly\feature-8\amd64_microsoft-windows-speechrecognizer-en-us_31bf3856ad364e35_10.0.19041.1_none_6cffd7588bca3338\p1033.dlm to Extraction Queue
Adding C:\wim-uup-validation-1791110582335113548\assembly\feature-8\amd64_microsoft-windows-speechrecognizer-en-us_31bf3856ad364e35_10.0.19041.1_none_6cffd7588bca3338\p1033.ngr to Extraction Queue
Adding C:\wim-uup-validation-1791110582335113548\assembly\feature-8\amd64_microsoft-windows-speechrecognizer-en-us_31bf3856ad364e35_10.0.19041.1_none_6cffd7588bca3338\s1033.dlm to Extraction Queue
Adding C:\wim-uup-validation-1791110582335113548\assembly\feature-8\amd64_microsoft-windows-speechrecognizer-en-us_31bf3856ad364e35_10.0.19041.1_none_6cffd7588bca3338\s1033.ngr to Extraction Queue
Adding C:\wim-uup-validation-1791110582335113548\assembly\feature-8\amd64_microsoft-windows-speechrecognizer-en-us_31bf3856ad364e35_10.0.19041.1_none_6cffd7588bca3338\t1033.dlm to Extraction Queue
Adding C:\wim-uup-validation-1791110582335113548\assembly\feature-8\amd64_microsoft-windows-speechrecognizer-en-us_31bf3856ad364e35_10.0.19041.1_none_6cffd7588bca3338\t1033.ngr to Extraction Queue
Adding C:\wim-uup-validation-1791110582335113548\assembly\feature-8\amd64_microsoft-windows-speechrecognizer-en-us_31bf3856ad364e35_10.0.19041.1_none_6cffd7588bca3338\tn1033.bin to Extraction Queue
Adding C:\wim-uup-validation-1791110582335113548\assembly\feature-8\amd64_microsoft-windows-speechrecognizer-en-us_31bf3856ad364e35_10.0.19041.1_none_6cffd7588bca3338\u1033.dlm to Extraction Queue
Adding C:\wim-uup-validation-1791110582335113548\assembly\feature-8\amd64_microsoft-windows-speechrecognizer-en-us_31bf3856ad364e35_10.0.19041.1_none_6cffd7588bca3338\u1033.ngr to Extraction Queue
Adding C:\wim-uup-validation-1791110582335113548\assembly\feature-8\amd64_microsoft-windows-speechrecognizer-en-us_31bf3856ad364e35_10.0.19041.1_none_6cffd7588bca3338\wp1033.bin to Extraction Queue
Adding C:\wim-uup-validation-1791110582335113548\assembly\feature-8\amd64_microsoft-windows-speechrecognizer-en-us_31bf3856ad364e35_10.0.19041.1_none_6cffd7588bca3338.manifest to Extraction Queue
Adding C:\wim-uup-validation-1791110582335113548\assembly\feature-8\amd64_microsoft-windows-voiceactivation-en-us_31bf3856ad364e35_10.0.19041.1_none_abe7654b92798b46\sidubm.table to Extraction Queue
Adding C:\wim-uup-validation-1791110582335113548\assembly\feature-8\amd64_microsoft-windows-voiceactivation-en-us_31bf3856ad364e35_10.0.19041.1_none_abe7654b92798b46\Tokens_VoiceActivation_en-US.xml to Extraction Queue
Adding C:\wim-uup-validation-1791110582335113548\assembly\feature-8\amd64_microsoft-windows-voiceactivation-en-us_31bf3856ad364e35_10.0.19041.1_none_abe7654b92798b46\VoiceActivation_en-US.dat to Extraction Queue
Adding C:\wim-uup-validation-1791110582335113548\assembly\feature-8\amd64_microsoft-windows-voiceactivation-en-us_31bf3856ad364e35_10.0.19041.1_none_abe7654b92798b46\VoiceActivation_en-US.dat.prev to Extraction Queue
Adding C:\wim-uup-validation-1791110582335113548\assembly\feature-8\amd64_microsoft-windows-voiceactivation-en-us_31bf3856ad364e35_10.0.19041.1_none_abe7654b92798b46\VoiceActivation_HW_en-US.dat to Extraction Queue
Adding C:\wim-uup-validation-1791110582335113548\assembly\feature-8\amd64_microsoft-windows-voiceactivation-en-us_31bf3856ad364e35_10.0.19041.1_none_abe7654b92798b46.manifest to Extraction Queue
Adding C:\wim-uup-validation-1791110582335113548\assembly\feature-8\Microsoft-Windows-LanguageFeatures-Speech-en-us-Package~31bf3856ad364e35~amd64~~10.0.19041.1.cat to Extraction Queue
Adding C:\wim-uup-validation-1791110582335113548\assembly\feature-8\Microsoft-Windows-LanguageFeatures-Speech-en-us-Package~31bf3856ad364e35~amd64~~10.0.19041.1.mum to Extraction Queue
Adding C:\wim-uup-validation-1791110582335113548\assembly\feature-8\Microsoft-Windows-LanguageFeatures-Speech-en-us-Package~31bf3856ad364e35~wow64~~10.0.19041.1.cat to Extraction Queue
Adding C:\wim-uup-validation-1791110582335113548\assembly\feature-8\Microsoft-Windows-LanguageFeatures-Speech-en-us-Package~31bf3856ad364e35~wow64~~10.0.19041.1.mum to Extraction Queue
Adding C:\wim-uup-validation-1791110582335113548\assembly\feature-8\update.cat to Extraction Queue
Adding C:\wim-uup-validation-1791110582335113548\assembly\feature-8\update.mum to Extraction Queue
Adding C:\wim-uup-validation-1791110582335113548\assembly\feature-8\wow64_microsoft-windows-l..od-wow64-deployment_31bf3856ad364e35_10.0.19041.1_none_78d81c3e23776227.manifest to Extraction Queue
Adding C:\wim-uup-validation-1791110582335113548\assembly\feature-8\wow64_microsoft-windows-s..zer-en-us-n-onecore_31bf3856ad364e35_10.0.19041.1_none_765caf6603816cb0\DictationCommands.0409.grxml to Extraction Queue
Adding C:\wim-uup-validation-1791110582335113548\assembly\feature-8\wow64_microsoft-windows-s..zer-en-us-n-onecore_31bf3856ad364e35_10.0.19041.1_none_765caf6603816cb0\SpellingGrammar.0409.grxml to Extraction Queue
Adding C:\wim-uup-validation-1791110582335113548\assembly\feature-8\wow64_microsoft-windows-s..zer-en-us-n-onecore_31bf3856ad364e35_10.0.19041.1_none_765caf6603816cb0\Tokens_SR_en-US-N.xml to Extraction Queue
Adding C:\wim-uup-validation-1791110582335113548\assembly\feature-8\wow64_microsoft-windows-s..zer-en-us-n-onecore_31bf3856ad364e35_10.0.19041.1_none_765caf6603816cb0\VES-Disambiguation.0409.grxml to Extraction Queue
Adding C:\wim-uup-validation-1791110582335113548\assembly\feature-8\wow64_microsoft-windows-s..zer-en-us-n-onecore_31bf3856ad364e35_10.0.19041.1_none_765caf6603816cb0\VES-SeeItSayIt.0409.grxml to Extraction Queue
Adding C:\wim-uup-validation-1791110582335113548\assembly\feature-8\wow64_microsoft-windows-s..zer-en-us-n-onecore_31bf3856ad364e35_10.0.19041.1_none_765caf6603816cb0\VES-Select.0409.grxml to Extraction Queue
Adding C:\wim-uup-validation-1791110582335113548\assembly\feature-8\wow64_microsoft-windows-s..zer-en-us-n-onecore_31bf3856ad364e35_10.0.19041.1_none_765caf6603816cb0.manifest to Extraction Queue
Adding C:\wim-uup-validation-1791110582335113548\assembly\feature-8\wow64_microsoft-windows-speechrecognizer-en-us_31bf3856ad364e35_10.0.19041.1_none_775481aac02af533.manifest to Extraction Queue

Expanding Files ....

Expanding Files Complete ...
67 files total.
