warning: unused import: `encode_resource_with_progress`
  --> wim-ffi/src/write_plan.rs:23:68
   |
23 |     resource_write::{encode_resource, encode_resource_from_chunks, encode_resource_with_progress},
   |                                                                    ^^^^^^^^^^^^^^^^^^^^^^^^^^^^^
   |
   = note: `#[warn(unused_imports)]` (part of `#[warn(unused)]`) on by default

warning: `wim-ffi` (lib) generated 1 warning (run `cargo fix --lib -p wim-ffi` to apply 1 suggestion)
   Compiling wim-ffi v0.1.0 (/home/rick/projects-caddy/windows-uup/crates/wimlib-rs/wim-ffi)
error[E0609]: no field `image_owners` on type `WimHandle`
  --> wim-ffi/tests/image_owners.rs:19:51
   |
19 |         assert_eq!(Arc::strong_count(&(&(*source).image_owners)[1]), 3);
   |                                                   ^^^^^^^^^^^^ unknown field
   |
   = note: available fields are: `progress`, `identity`, `header`, `xml`, `backing` ... and 10 others

error[E0609]: no field `image_owners` on type `WimHandle`
  --> wim-ffi/tests/image_owners.rs:20:51
   |
20 |         assert_eq!(Arc::strong_count(&(&(*source).image_owners)[0]), 1);
   |                                                   ^^^^^^^^^^^^ unknown field
   |
   = note: available fields are: `progress`, `identity`, `header`, `xml`, `backing` ... and 10 others

error[E0609]: no field `image_owners` on type `WimHandle`
  --> wim-ffi/tests/image_owners.rs:22:51
   |
22 |         assert_eq!(Arc::strong_count(&(&(*source).image_owners)[1]), 2);
   |                                                   ^^^^^^^^^^^^ unknown field
   |
   = note: available fields are: `progress`, `identity`, `header`, `xml`, `backing` ... and 10 others

error[E0609]: no field `image_owners` on type `WimHandle`
  --> wim-ffi/tests/image_owners.rs:24:51
   |
24 |         assert_eq!(Arc::strong_count(&(&(*source).image_owners)[1]), 1);
   |                                                   ^^^^^^^^^^^^ unknown field
   |
   = note: available fields are: `progress`, `identity`, `header`, `xml`, `backing` ... and 10 others

error[E0609]: no field `image_owners` on type `WimHandle`
  --> wim-ffi/tests/image_owners.rs:26:30
   |
26 |         assert_eq!((*source).image_owners.len(), 1);
   |                              ^^^^^^^^^^^^ unknown field
   |
   = note: available fields are: `progress`, `identity`, `header`, `xml`, `backing` ... and 10 others

For more information about this error, try `rustc --explain E0609`.
error: could not compile `wim-ffi` (test "image_owners") due to 5 previous errors
