Microsoft (R) File Expansion Utility
Copyright (c) Microsoft Corporation. All rights reserved.

Adding C:\wim-uup-validation-1791090913159215058\assembly\feature-4\$filehashes$.dat to Extraction Queue
Adding C:\wim-uup-validation-1791090913159215058\assembly\feature-4\amd64_microsoft-windows-i..ckage-ua-deployment_31bf3856ad364e35_10.0.19041.1_none_65a616996277ef5b.manifest to Extraction Queue
Adding C:\wim-uup-validation-1791090913159215058\assembly\feature-4\amd64_microsoft-windows-i..etexplorer-optional_31bf3856ad364e35_11.0.19041.1_none_8298e4b5b7fd2c26\iexplore.exe to Extraction Queue
Adding C:\wim-uup-validation-1791090913159215058\assembly\feature-4\amd64_microsoft-windows-i..etexplorer-optional_31bf3856ad364e35_11.0.19041.1_none_8298e4b5b7fd2c26.manifest to Extraction Queue
Adding C:\wim-uup-validation-1791090913159215058\assembly\feature-4\amd64_microsoft-windows-i..ntrolpanel-optional_31bf3856ad364e35_11.0.19041.1_none_579c0ba3230ec558.manifest to Extraction Queue
Adding C:\wim-uup-validation-1791090913159215058\assembly\feature-4\amd64_microsoft-windows-i..optional-deployment_31bf3856ad364e35_11.0.19041.1_none_9764808a1ab89c7b.manifest to Extraction Queue
Adding C:\wim-uup-validation-1791090913159215058\assembly\feature-4\amd64_microsoft-windows-i..s-platform-optional_31bf3856ad364e35_11.0.19041.1_none_fd7b3e3690f3f159.manifest to Extraction Queue
Adding C:\wim-uup-validation-1791090913159215058\assembly\feature-4\amd64_microsoft-windows-ieframe-optional_31bf3856ad364e35_11.0.19041.1_none_cf15b463b0235838.manifest to Extraction Queue
Adding C:\wim-uup-validation-1791090913159215058\assembly\feature-4\Microsoft-Windows-InternetExplorer-Optional-Package~31bf3856ad364e35~amd64~~11.0.19041.1.cat to Extraction Queue
Adding C:\wim-uup-validation-1791090913159215058\assembly\feature-4\Microsoft-Windows-InternetExplorer-Optional-Package~31bf3856ad364e35~amd64~~11.0.19041.1.mum to Extraction Queue
Adding C:\wim-uup-validation-1791090913159215058\assembly\feature-4\Microsoft-Windows-InternetExplorer-Package-ua~31bf3856ad364e35~amd64~~10.0.19041.1.cat to Extraction Queue
Adding C:\wim-uup-validation-1791090913159215058\assembly\feature-4\Microsoft-Windows-InternetExplorer-Package-ua~31bf3856ad364e35~amd64~~10.0.19041.1.mum to Extraction Queue
Adding C:\wim-uup-validation-1791090913159215058\assembly\feature-4\update.cat to Extraction Queue
Adding C:\wim-uup-validation-1791090913159215058\assembly\feature-4\update.mum to Extraction Queue
Adding C:\wim-uup-validation-1791090913159215058\assembly\feature-4\wow64_microsoft-windows-i..etexplorer-optional_31bf3856ad364e35_11.0.19041.1_none_8ced8f07ec5dee21\iexplore.exe to Extraction Queue
Adding C:\wim-uup-validation-1791090913159215058\assembly\feature-4\wow64_microsoft-windows-i..etexplorer-optional_31bf3856ad364e35_11.0.19041.1_none_8ced8f07ec5dee21.manifest to Extraction Queue
Adding C:\wim-uup-validation-1791090913159215058\assembly\feature-4\wow64_microsoft-windows-i..optional-deployment_31bf3856ad364e35_11.0.19041.1_none_a1b92adc4f195e76.manifest to Extraction Queue
Adding C:\wim-uup-validation-1791090913159215058\assembly\feature-4\wow64_microsoft-windows-i..s-platform-optional_31bf3856ad364e35_11.0.19041.1_none_07cfe888c554b354.manifest to Extraction Queue
Adding C:\wim-uup-validation-1791090913159215058\assembly\feature-4\wow64_microsoft-windows-ieframe-optional_31bf3856ad364e35_11.0.19041.1_none_d96a5eb5e4841a33.manifest to Extraction Queue
Adding C:\wim-uup-validation-1791090913159215058\assembly\feature-4\x86_microsoft-windows-i..ntrolpanel-optional_31bf3856ad364e35_11.0.19041.1_none_fb7d701f6ab15422.manifest to Extraction Queue

Expanding Files ....

Expanding Files Complete ...
20 files total.
