Microsoft (R) File Expansion Utility
Copyright (c) Microsoft Corporation. All rights reserved.

Adding C:\wim-uup-validation-1791110582335113548\assembly\feature-9\$filehashes$.dat to Extraction Queue
Adding C:\wim-uup-validation-1791110582335113548\assembly\feature-9\amd64_microsoft-windows-l..ch-en-us-deployment_31bf3856ad364e35_10.0.19041.1_none_68886e8838dcfd24.manifest to Extraction Queue
Adding C:\wim-uup-validation-1791110582335113548\assembly\feature-9\amd64_microsoft-windows-t..peech-en-us-onecore_31bf3856ad364e35_10.0.19041.1_none_b1edff6d283a640a\enUS.Address.dat to Extraction Queue
Adding C:\wim-uup-validation-1791110582335113548\assembly\feature-9\amd64_microsoft-windows-t..peech-en-us-onecore_31bf3856ad364e35_10.0.19041.1_none_b1edff6d283a640a\enUS.CompanyName.dat to Extraction Queue
Adding C:\wim-uup-validation-1791110582335113548\assembly\feature-9\amd64_microsoft-windows-t..peech-en-us-onecore_31bf3856ad364e35_10.0.19041.1_none_b1edff6d283a640a\enUS.Computer.dat to Extraction Queue
Adding C:\wim-uup-validation-1791110582335113548\assembly\feature-9\amd64_microsoft-windows-t..peech-en-us-onecore_31bf3856ad364e35_10.0.19041.1_none_b1edff6d283a640a\enUS.Media.dat to Extraction Queue
Adding C:\wim-uup-validation-1791110582335113548\assembly\feature-9\amd64_microsoft-windows-t..peech-en-us-onecore_31bf3856ad364e35_10.0.19041.1_none_b1edff6d283a640a\enUS.Message.dat to Extraction Queue
Adding C:\wim-uup-validation-1791110582335113548\assembly\feature-9\amd64_microsoft-windows-t..peech-en-us-onecore_31bf3856ad364e35_10.0.19041.1_none_b1edff6d283a640a\enUS.Name.dat to Extraction Queue
Adding C:\wim-uup-validation-1791110582335113548\assembly\feature-9\amd64_microsoft-windows-t..peech-en-us-onecore_31bf3856ad364e35_10.0.19041.1_none_b1edff6d283a640a\M1033David.APM to Extraction Queue
Adding C:\wim-uup-validation-1791110582335113548\assembly\feature-9\amd64_microsoft-windows-t..peech-en-us-onecore_31bf3856ad364e35_10.0.19041.1_none_b1edff6d283a640a\M1033David.BEP to Extraction Queue
Adding C:\wim-uup-validation-1791110582335113548\assembly\feature-9\amd64_microsoft-windows-t..peech-en-us-onecore_31bf3856ad364e35_10.0.19041.1_none_b1edff6d283a640a\M1033David.INI to Extraction Queue
Adding C:\wim-uup-validation-1791110582335113548\assembly\feature-9\amd64_microsoft-windows-t..peech-en-us-onecore_31bf3856ad364e35_10.0.19041.1_none_b1edff6d283a640a\M1033David.keyboard.NU2 to Extraction Queue
Adding C:\wim-uup-validation-1791110582335113548\assembly\feature-9\amd64_microsoft-windows-t..peech-en-us-onecore_31bf3856ad364e35_10.0.19041.1_none_b1edff6d283a640a\M1033David.keyboard.RAD to Extraction Queue
Adding C:\wim-uup-validation-1791110582335113548\assembly\feature-9\amd64_microsoft-windows-t..peech-en-us-onecore_31bf3856ad364e35_10.0.19041.1_none_b1edff6d283a640a\M1033David.keyboard.UNT to Extraction Queue
Adding C:\wim-uup-validation-1791110582335113548\assembly\feature-9\amd64_microsoft-windows-t..peech-en-us-onecore_31bf3856ad364e35_10.0.19041.1_none_b1edff6d283a640a\M1033David.keyboard.WIH to Extraction Queue
Adding C:\wim-uup-validation-1791110582335113548\assembly\feature-9\amd64_microsoft-windows-t..peech-en-us-onecore_31bf3856ad364e35_10.0.19041.1_none_b1edff6d283a640a\M1033David.keyboard.WVE to Extraction Queue
Adding C:\wim-uup-validation-1791110582335113548\assembly\feature-9\amd64_microsoft-windows-t..peech-en-us-onecore_31bf3856ad364e35_10.0.19041.1_none_b1edff6d283a640a\M1033Eva.ACL to Extraction Queue
Adding C:\wim-uup-validation-1791110582335113548\assembly\feature-9\amd64_microsoft-windows-t..peech-en-us-onecore_31bf3856ad364e35_10.0.19041.1_none_b1edff6d283a640a\M1033Eva.APM to Extraction Queue
Adding C:\wim-uup-validation-1791110582335113548\assembly\feature-9\amd64_microsoft-windows-t..peech-en-us-onecore_31bf3856ad364e35_10.0.19041.1_none_b1edff6d283a640a\M1033Eva.BEP to Extraction Queue
Adding C:\wim-uup-validation-1791110582335113548\assembly\feature-9\amd64_microsoft-windows-t..peech-en-us-onecore_31bf3856ad364e35_10.0.19041.1_none_b1edff6d283a640a\M1033Eva.BR2 to Extraction Queue
Adding C:\wim-uup-validation-1791110582335113548\assembly\feature-9\amd64_microsoft-windows-t..peech-en-us-onecore_31bf3856ad364e35_10.0.19041.1_none_b1edff6d283a640a\M1033Eva.HEQ to Extraction Queue
Adding C:\wim-uup-validation-1791110582335113548\assembly\feature-9\amd64_microsoft-windows-t..peech-en-us-onecore_31bf3856ad364e35_10.0.19041.1_none_b1edff6d283a640a\M1033Eva.INI to Extraction Queue
Adding C:\wim-uup-validation-1791110582335113548\assembly\feature-9\amd64_microsoft-windows-t..peech-en-us-onecore_31bf3856ad364e35_10.0.19041.1_none_b1edff6d283a640a\M1033Eva.NNM to Extraction Queue
Adding C:\wim-uup-validation-1791110582335113548\assembly\feature-9\amd64_microsoft-windows-t..peech-en-us-onecore_31bf3856ad364e35_10.0.19041.1_none_b1edff6d283a640a\M1033Eva.tbtdirection.TNU to Extraction Queue
Adding C:\wim-uup-validation-1791110582335113548\assembly\feature-9\amd64_microsoft-windows-t..peech-en-us-onecore_31bf3856ad364e35_10.0.19041.1_none_b1edff6d283a640a\M1033Eva.tbtdirection.UNT to Extraction Queue
Adding C:\wim-uup-validation-1791110582335113548\assembly\feature-9\amd64_microsoft-windows-t..peech-en-us-onecore_31bf3856ad364e35_10.0.19041.1_none_b1edff6d283a640a\M1033Eva.tbtdirection.WIH to Extraction Queue
Adding C:\wim-uup-validation-1791110582335113548\assembly\feature-9\amd64_microsoft-windows-t..peech-en-us-onecore_31bf3856ad364e35_10.0.19041.1_none_b1edff6d283a640a\M1033Eva.tbtdirection.WVE to Extraction Queue
Adding C:\wim-uup-validation-1791110582335113548\assembly\feature-9\amd64_microsoft-windows-t..peech-en-us-onecore_31bf3856ad364e35_10.0.19041.1_none_b1edff6d283a640a\M1033Eva.TDAT to Extraction Queue
Adding C:\wim-uup-validation-1791110582335113548\assembly\feature-9\amd64_microsoft-windows-t..peech-en-us-onecore_31bf3856ad364e35_10.0.19041.1_none_b1edff6d283a640a\M1033Eva.TON to Extraction Queue
Adding C:\wim-uup-validation-1791110582335113548\assembly\feature-9\amd64_microsoft-windows-t..peech-en-us-onecore_31bf3856ad364e35_10.0.19041.1_none_b1edff6d283a640a\M1033Eva.voiceAssistant.TNU to Extraction Queue
Adding C:\wim-uup-validation-1791110582335113548\assembly\feature-9\amd64_microsoft-windows-t..peech-en-us-onecore_31bf3856ad364e35_10.0.19041.1_none_b1edff6d283a640a\M1033Eva.voiceAssistant.UNT to Extraction Queue
Adding C:\wim-uup-validation-1791110582335113548\assembly\feature-9\amd64_microsoft-windows-t..peech-en-us-onecore_31bf3856ad364e35_10.0.19041.1_none_b1edff6d283a640a\M1033Eva.voiceAssistant.WIH to Extraction Queue
Adding C:\wim-uup-validation-1791110582335113548\assembly\feature-9\amd64_microsoft-windows-t..peech-en-us-onecore_31bf3856ad364e35_10.0.19041.1_none_b1edff6d283a640a\M1033Eva.voiceAssistant.WVE to Extraction Queue
Adding C:\wim-uup-validation-1791110582335113548\assembly\feature-9\amd64_microsoft-windows-t..peech-en-us-onecore_31bf3856ad364e35_10.0.19041.1_none_b1edff6d283a640a\M1033Mark.APM to Extraction Queue
Adding C:\wim-uup-validation-1791110582335113548\assembly\feature-9\amd64_microsoft-windows-t..peech-en-us-onecore_31bf3856ad364e35_10.0.19041.1_none_b1edff6d283a640a\M1033Mark.BEP to Extraction Queue
Adding C:\wim-uup-validation-1791110582335113548\assembly\feature-9\amd64_microsoft-windows-t..peech-en-us-onecore_31bf3856ad364e35_10.0.19041.1_none_b1edff6d283a640a\M1033Mark.INI to Extraction Queue
Adding C:\wim-uup-validation-1791110582335113548\assembly\feature-9\amd64_microsoft-windows-t..peech-en-us-onecore_31bf3856ad364e35_10.0.19041.1_none_b1edff6d283a640a\M1033Mark.keyboard.NU2 to Extraction Queue
Adding C:\wim-uup-validation-1791110582335113548\assembly\feature-9\amd64_microsoft-windows-t..peech-en-us-onecore_31bf3856ad364e35_10.0.19041.1_none_b1edff6d283a640a\M1033Mark.keyboard.RAD to Extraction Queue
Adding C:\wim-uup-validation-1791110582335113548\assembly\feature-9\amd64_microsoft-windows-t..peech-en-us-onecore_31bf3856ad364e35_10.0.19041.1_none_b1edff6d283a640a\M1033Mark.keyboard.unt to Extraction Queue
Adding C:\wim-uup-validation-1791110582335113548\assembly\feature-9\amd64_microsoft-windows-t..peech-en-us-onecore_31bf3856ad364e35_10.0.19041.1_none_b1edff6d283a640a\M1033Mark.keyboard.WIH to Extraction Queue
Adding C:\wim-uup-validation-1791110582335113548\assembly\feature-9\amd64_microsoft-windows-t..peech-en-us-onecore_31bf3856ad364e35_10.0.19041.1_none_b1edff6d283a640a\M1033Mark.keyboard.WVE to Extraction Queue
Adding C:\wim-uup-validation-1791110582335113548\assembly\feature-9\amd64_microsoft-windows-t..peech-en-us-onecore_31bf3856ad364e35_10.0.19041.1_none_b1edff6d283a640a\M1033Mark.SPEECHUX.NUS to Extraction Queue
Adding C:\wim-uup-validation-1791110582335113548\assembly\feature-9\amd64_microsoft-windows-t..peech-en-us-onecore_31bf3856ad364e35_10.0.19041.1_none_b1edff6d283a640a\M1033Mark.TBT.NUS to Extraction Queue
Adding C:\wim-uup-validation-1791110582335113548\assembly\feature-9\amd64_microsoft-windows-t..peech-en-us-onecore_31bf3856ad364e35_10.0.19041.1_none_b1edff6d283a640a\M1033Zira.APM to Extraction Queue
Adding C:\wim-uup-validation-1791110582335113548\assembly\feature-9\amd64_microsoft-windows-t..peech-en-us-onecore_31bf3856ad364e35_10.0.19041.1_none_b1edff6d283a640a\M1033Zira.BEP to Extraction Queue
Adding C:\wim-uup-validation-1791110582335113548\assembly\feature-9\amd64_microsoft-windows-t..peech-en-us-onecore_31bf3856ad364e35_10.0.19041.1_none_b1edff6d283a640a\M1033Zira.INI to Extraction Queue
Adding C:\wim-uup-validation-1791110582335113548\assembly\feature-9\amd64_microsoft-windows-t..peech-en-us-onecore_31bf3856ad364e35_10.0.19041.1_none_b1edff6d283a640a\M1033Zira.keyboard.NU2 to Extraction Queue
Adding C:\wim-uup-validation-1791110582335113548\assembly\feature-9\amd64_microsoft-windows-t..peech-en-us-onecore_31bf3856ad364e35_10.0.19041.1_none_b1edff6d283a640a\M1033Zira.keyboard.RAD to Extraction Queue
Adding C:\wim-uup-validation-1791110582335113548\assembly\feature-9\amd64_microsoft-windows-t..peech-en-us-onecore_31bf3856ad364e35_10.0.19041.1_none_b1edff6d283a640a\M1033Zira.keyboard.UNT to Extraction Queue
Adding C:\wim-uup-validation-1791110582335113548\assembly\feature-9\amd64_microsoft-windows-t..peech-en-us-onecore_31bf3856ad364e35_10.0.19041.1_none_b1edff6d283a640a\M1033Zira.keyboard.WIH to Extraction Queue
Adding C:\wim-uup-validation-1791110582335113548\assembly\feature-9\amd64_microsoft-windows-t..peech-en-us-onecore_31bf3856ad364e35_10.0.19041.1_none_b1edff6d283a640a\M1033Zira.keyboard.WVE to Extraction Queue
Adding C:\wim-uup-validation-1791110582335113548\assembly\feature-9\amd64_microsoft-windows-t..peech-en-us-onecore_31bf3856ad364e35_10.0.19041.1_none_b1edff6d283a640a\M1033Zira.SPEECHUX.NUS to Extraction Queue
Adding C:\wim-uup-validation-1791110582335113548\assembly\feature-9\amd64_microsoft-windows-t..peech-en-us-onecore_31bf3856ad364e35_10.0.19041.1_none_b1edff6d283a640a\M1033Zira.TBT.NUS to Extraction Queue
Adding C:\wim-uup-validation-1791110582335113548\assembly\feature-9\amd64_microsoft-windows-t..peech-en-us-onecore_31bf3856ad364e35_10.0.19041.1_none_b1edff6d283a640a\MSTTSLocEnUS.INI to Extraction Queue
Adding C:\wim-uup-validation-1791110582335113548\assembly\feature-9\amd64_microsoft-windows-t..peech-en-us-onecore_31bf3856ad364e35_10.0.19041.1_none_b1edff6d283a640a\tokens_TTS_en-US.xml to Extraction Queue
Adding C:\wim-uup-validation-1791110582335113548\assembly\feature-9\amd64_microsoft-windows-t..peech-en-us-onecore_31bf3856ad364e35_10.0.19041.1_none_b1edff6d283a640a\tokens_TTS_en-US_david.xml to Extraction Queue
Adding C:\wim-uup-validation-1791110582335113548\assembly\feature-9\amd64_microsoft-windows-t..peech-en-us-onecore_31bf3856ad364e35_10.0.19041.1_none_b1edff6d283a640a.manifest to Extraction Queue
Adding C:\wim-uup-validation-1791110582335113548\assembly\feature-9\amd64_microsoft-windows-t..tospeech-en-us-male_31bf3856ad364e35_10.0.19041.1_none_8fb3f5cceba8c356.manifest to Extraction Queue
Adding C:\wim-uup-validation-1791110582335113548\assembly\feature-9\amd64_microsoft-windows-texttospeech-en-us_31bf3856ad364e35_10.0.19041.1_none_0e55cd80e1e000f4\M1033ZIR.APM to Extraction Queue
Adding C:\wim-uup-validation-1791110582335113548\assembly\feature-9\amd64_microsoft-windows-texttospeech-en-us_31bf3856ad364e35_10.0.19041.1_none_0e55cd80e1e000f4\M1033ZIR.INI to Extraction Queue
Adding C:\wim-uup-validation-1791110582335113548\assembly\feature-9\amd64_microsoft-windows-texttospeech-en-us_31bf3856ad364e35_10.0.19041.1_none_0e55cd80e1e000f4\M1033ZIR.Keyboard.NUS to Extraction Queue
Adding C:\wim-uup-validation-1791110582335113548\assembly\feature-9\amd64_microsoft-windows-texttospeech-en-us_31bf3856ad364e35_10.0.19041.1_none_0e55cd80e1e000f4\MSTTSLocEnUS.dat to Extraction Queue
Adding C:\wim-uup-validation-1791110582335113548\assembly\feature-9\amd64_microsoft-windows-texttospeech-en-us_31bf3856ad364e35_10.0.19041.1_none_0e55cd80e1e000f4.manifest to Extraction Queue
Adding C:\wim-uup-validation-1791110582335113548\assembly\feature-9\Microsoft-Windows-LanguageFeatures-TextToSpeech-en-us-Package~31bf3856ad364e35~amd64~~10.0.19041.1.cat to Extraction Queue
Adding C:\wim-uup-validation-1791110582335113548\assembly\feature-9\Microsoft-Windows-LanguageFeatures-TextToSpeech-en-us-Package~31bf3856ad364e35~amd64~~10.0.19041.1.mum to Extraction Queue
Adding C:\wim-uup-validation-1791110582335113548\assembly\feature-9\Microsoft-Windows-LanguageFeatures-TextToSpeech-en-us-Package~31bf3856ad364e35~wow64~~10.0.19041.1.cat to Extraction Queue
Adding C:\wim-uup-validation-1791110582335113548\assembly\feature-9\Microsoft-Windows-LanguageFeatures-TextToSpeech-en-us-Package~31bf3856ad364e35~wow64~~10.0.19041.1.mum to Extraction Queue
Adding C:\wim-uup-validation-1791110582335113548\assembly\feature-9\update.cat to Extraction Queue
Adding C:\wim-uup-validation-1791110582335113548\assembly\feature-9\update.mum to Extraction Queue
Adding C:\wim-uup-validation-1791110582335113548\assembly\feature-9\wow64_microsoft-windows-l..od-wow64-deployment_31bf3856ad364e35_10.0.19041.1_none_9bf851e790d5ce81.manifest to Extraction Queue
Adding C:\wim-uup-validation-1791110582335113548\assembly\feature-9\wow64_microsoft-windows-t..peech-en-us-onecore_31bf3856ad364e35_10.0.19041.1_none_bc42a9bf5c9b2605\tokens_TTS_en-US.xml to Extraction Queue
Adding C:\wim-uup-validation-1791110582335113548\assembly\feature-9\wow64_microsoft-windows-t..peech-en-us-onecore_31bf3856ad364e35_10.0.19041.1_none_bc42a9bf5c9b2605\tokens_TTS_en-US_david.xml to Extraction Queue
Adding C:\wim-uup-validation-1791110582335113548\assembly\feature-9\wow64_microsoft-windows-t..peech-en-us-onecore_31bf3856ad364e35_10.0.19041.1_none_bc42a9bf5c9b2605.manifest to Extraction Queue
Adding C:\wim-uup-validation-1791110582335113548\assembly\feature-9\wow64_microsoft-windows-t..tospeech-en-us-male_31bf3856ad364e35_10.0.19041.1_none_9a08a01f20098551.manifest to Extraction Queue
Adding C:\wim-uup-validation-1791110582335113548\assembly\feature-9\wow64_microsoft-windows-texttospeech-en-us_31bf3856ad364e35_10.0.19041.1_none_18aa77d31640c2ef.manifest to Extraction Queue

Expanding Files ....

Expanding Files Complete ...
75 files total.
