2026-10-04 06:41:45, Info                  DISM   PID=3308 TID=7356 Scratch directory set to 'C:\WINDOWS\SystemTemp\'. - CDISMManager::put_ScratchDir
2026-10-04 06:41:45, Info                  DISM   PID=3308 TID=7356 DismCore.dll version: 10.0.26100.7920 - CDISMManager::FinalConstruct
2026-10-04 06:41:45, Info                  DISM   Initialized Panther logging at C:\wim-uup-validation-1791090913159215058\servicing-fixed\logs\dism-4.log
2026-10-04 06:41:45, Info                  DISM   PID=3308 TID=7356 Successfully loaded the ImageSession at "C:\WINDOWS\system32\Dism" - CDISMManager::LoadLocalImageSession
2026-10-04 06:41:45, Info                  DISM   Initialized Panther logging at C:\wim-uup-validation-1791090913159215058\servicing-fixed\logs\dism-4.log
2026-10-04 06:41:45, Info                  DISM   DISM Provider Store: PID=3308 TID=7356 Found and Initialized the DISM Logger. - CDISMProviderStore::Internal_InitializeLogger
2026-10-04 06:41:45, Info                  DISM   Initialized Panther logging at C:\wim-uup-validation-1791090913159215058\servicing-fixed\logs\dism-4.log
2026-10-04 06:41:45, Info                  DISM   DISM Manager: PID=3308 TID=7356 Successfully created the local image session and provider store. - CDISMManager::CreateLocalImageSession
2026-10-04 06:41:45, Info                  DISM   DISM.EXE: 
2026-10-04 06:41:45, Info                  DISM   DISM.EXE: <----- Starting Dism.exe session ----->
2026-10-04 06:41:45, Info                  DISM   DISM.EXE: 
2026-10-04 06:41:45, Info                  DISM   DISM.EXE: Host machine information: OS Version=10.0.26200, Running architecture=amd64, Number of processors=4
2026-10-04 06:41:45, Info                  DISM   DISM.EXE: Instance information: Parent process=C:\wim-uup-validation-1791090913159215058\servicing-fixed.exe, Parent process PID=752
2026-10-04 06:41:45, Info                  DISM   DISM.EXE: Dism.exe version: 10.0.26100.5074
2026-10-04 06:41:45, Info                  DISM   DISM.EXE: Executing command line: "dism.exe" /Image:C:\wim-uup-validation-1791090913159215058\servicing-fixed\mount /Get-Packages /Format:List /LogPath:C:\wim-uup-validation-1791090913159215058\servicing-fixed\logs\dism-4.log /English /NoRestart
2026-10-04 06:41:45, Info                  DISM   DISM FFU Provider: PID=3308 TID=7356 [C:\wim-uup-validation-1791090913159215058\servicing-fixed\mount] is not recognized by the DISM FFU provider. - CFfuImage::Initialize
2026-10-04 06:41:45, Info                  DISM   DISM Imaging Provider: PID=3308 TID=7356 The provider FfuManager does not support CreateDismImage on C:\wim-uup-validation-1791090913159215058\servicing-fixed\mount - CGenericImagingManager::CreateDismImage
2026-10-04 06:41:45, Info                  DISM   DISM VHD Provider: PID=3308 TID=7356 [C:\wim-uup-validation-1791090913159215058\servicing-fixed\mount] is not recognized by the DISM VHD provider. - CVhdImage::Initialize
2026-10-04 06:41:45, Info                  DISM   DISM Imaging Provider: PID=3308 TID=7356 The provider VHDManager does not support CreateDismImage on C:\wim-uup-validation-1791090913159215058\servicing-fixed\mount - CGenericImagingManager::CreateDismImage
2026-10-04 06:41:46, Info                  DISM   DISM Manager: PID=3308 TID=7356 physical location path: C:\wim-uup-validation-1791090913159215058\servicing-fixed\mount - CDISMManager::CreateImageSession
2026-10-04 06:41:46, Info                  DISM   DISM Manager: PID=3308 TID=7356 Event name for current DISM session is Global\__?_Volume{f8ca6cb5-12a2-470c-bfdf-fe35d8c84a63}__1343813490_131072_197430 - CDISMManager::CheckSessionAndLock
2026-10-04 06:41:46, Info                  DISM   DISM Manager: PID=3308 TID=7356 Create session event 0x2ec for current DISM session and event name is Global\__?_Volume{f8ca6cb5-12a2-470c-bfdf-fe35d8c84a63}__1343813490_131072_197430  - CDISMManager::CheckSessionAndLock
2026-10-04 06:41:46, Info                  DISM   DISM Manager: PID=3308 TID=7356 Copying DISM from "C:\wim-uup-validation-1791090913159215058\servicing-fixed\mount\Windows\System32\Dism" - CDISMManager::CreateImageSessionFromLocation
2026-10-04 06:41:46, Info                  DISM   DISM Manager: PID=3308 TID=7356 Successfully loaded the ImageSession at "C:\WINDOWS\SystemTemp\E0C89BFA-E718-41A7-A3C4-316AF31225A0" - CDISMManager::LoadRemoteImageSession
2026-10-04 06:41:46, Info                  DISM   DISM Image Session: PID=2160 TID=6612 Instantiating the Provider Store. - CDISMImageSession::get_ProviderStore
2026-10-04 06:41:46, Info                  DISM   DISM Provider Store: PID=2160 TID=6612 Initializing a provider store for the IMAGE session type. - CDISMProviderStore::Final_OnConnect
2026-10-04 06:41:46, Info                  DISM   DISM Provider Store: PID=2160 TID=6612 Connecting to the provider located at C:\WINDOWS\SystemTemp\E0C89BFA-E718-41A7-A3C4-316AF31225A0\OSProvider.dll. - CDISMProviderStore::Internal_LoadProvider
2026-10-04 06:41:46, Info                  DISM   DISM OS Provider: PID=2160 TID=6612 Defaulting SystemPath to C:\wim-uup-validation-1791090913159215058\servicing-fixed\mount - CDISMOSServiceManager::Final_OnConnect
2026-10-04 06:41:46, Info                  DISM   DISM OS Provider: PID=2160 TID=6612 Defaulting Windows folder to C:\wim-uup-validation-1791090913159215058\servicing-fixed\mount\Windows - CDISMOSServiceManager::Final_OnConnect
2026-10-04 06:41:46, Info                  DISM   DISM Provider Store: PID=2160 TID=6612 Attempting to initialize the logger from the Image Session. - CDISMProviderStore::Final_OnConnect
2026-10-04 06:41:46, Info                  DISM   DISM Provider Store: PID=2160 TID=6612 Connecting to the provider located at C:\WINDOWS\SystemTemp\E0C89BFA-E718-41A7-A3C4-316AF31225A0\LogProvider.dll. - CDISMProviderStore::Internal_LoadProvider
2026-10-04 06:41:46, Info                  DISM   Initialized Panther logging at C:\wim-uup-validation-1791090913159215058\servicing-fixed\logs\dism-4.log
2026-10-04 06:41:46, Info                  DISM   DISM Provider Store: PID=2160 TID=6612 Found and Initialized the DISM Logger. - CDISMProviderStore::Internal_InitializeLogger
2026-10-04 06:41:46, Warning               DISM   DISM Provider Store: PID=2160 TID=6612 Failed to load the provider: C:\WINDOWS\SystemTemp\E0C89BFA-E718-41A7-A3C4-316AF31225A0\PEProvider.dll. - CDISMProviderStore::Internal_GetProvider(hr:0x8007007e)
2026-10-04 06:41:46, Info                  DISM   DISM Provider Store: PID=2160 TID=6612 Failed to get and initialize the PE Provider.  Continuing by assuming that it is not a WinPE image. - CDISMProviderStore::Final_OnConnect
2026-10-04 06:41:46, Info                  DISM   DISM Provider Store: PID=2160 TID=6612 Finished initializing the Provider Map. - CDISMProviderStore::Final_OnConnect
2026-10-04 06:41:46, Info                  DISM   Initialized Panther logging at C:\wim-uup-validation-1791090913159215058\servicing-fixed\logs\dism-4.log
2026-10-04 06:41:46, Info                  DISM   Initialized Panther logging at C:\wim-uup-validation-1791090913159215058\servicing-fixed\logs\dism-4.log
2026-10-04 06:41:46, Info                  DISM   DISM Manager: PID=3308 TID=7356 Image session successfully loaded from location: C:\WINDOWS\SystemTemp\E0C89BFA-E718-41A7-A3C4-316AF31225A0 - CDISMManager::CreateImageSession
2026-10-04 06:41:46, Info                  DISM   DISM OS Provider: PID=2160 TID=1440 Setting SystemPath to C:\wim-uup-validation-1791090913159215058\servicing-fixed\mount - CDISMOSServiceManager::SetSystemPath
2026-10-04 06:41:48, Info                  DISM   DISM.EXE: Target image information: OS Version=10.0.19041.1, Image architecture=amd64
2026-10-04 06:41:48, Info                  DISM   DISM.EXE: Image session version: 10.0.19041.1
2026-10-04 06:41:48, Info                  DISM   DISM Provider Store: PID=2160 TID=1440 Getting the collection of providers from an image provider store type. - CDISMProviderStore::GetProviderCollection
2026-10-04 06:41:48, Info                  DISM   DISM Provider Store: PID=2160 TID=1440 Connecting to the provider located at C:\WINDOWS\SystemTemp\E0C89BFA-E718-41A7-A3C4-316AF31225A0\CbsProvider.dll. - CDISMProviderStore::Internal_LoadProvider
2026-10-04 06:41:48, Info                  DISM   DISM Provider Store: PID=2160 TID=1440 Encountered a servicing provider, performing additional servicing initializations. - CDISMProviderStore::Internal_LoadProvider
2026-10-04 06:41:48, Info                  CSI    00000001 Shim considered [l:184]'\??\C:\wim-uup-validation-1791090913159215058\servicing-fixed\mount\Windows\Servicing\amd64_microsoft-windows-servicingstack_31bf3856ad364e35_10.0.19041.1_none_bf506ecc66a800df\wcp.dll' : got STATUS_OBJECT_PATH_NOT_FOUND
2026-10-04 06:41:48, Info                  CSI    00000002 Shim considered [l:181]'\??\C:\wim-uup-validation-1791090913159215058\servicing-fixed\mount\Windows\WinSxS\amd64_microsoft-windows-servicingstack_31bf3856ad364e35_10.0.19041.1_none_bf506ecc66a800df\wcp.dll' : got STATUS_SUCCESS
2026-10-04 06:41:48, Info                  DISM   DISM OS Provider: PID=2160 TID=1440 Determined System directory to be C:\wim-uup-validation-1791090913159215058\servicing-fixed\mount\Windows\System32 - CDISMOSServiceManager::get_SystemDirectory
2026-10-04 06:41:48, Info                  DISM   DISM Package Manager: PID=2160 TID=1440 Finished initializing the CbsConUI Handler. - CCbsConUIHandler::Initialize
2026-10-04 06:41:48, Info                  CSI    00000001 Shim considered [l:184]'\??\C:\wim-uup-validation-1791090913159215058\servicing-fixed\mount\Windows\Servicing\amd64_microsoft-windows-servicingstack_31bf3856ad364e35_10.0.19041.1_none_bf506ecc66a800df\wcp.dll' : got STATUS_OBJECT_PATH_NOT_FOUND
2026-10-04 06:41:48, Info                  CSI    00000002 Shim considered [l:181]'\??\C:\wim-uup-validation-1791090913159215058\servicing-fixed\mount\Windows\WinSxS\amd64_microsoft-windows-servicingstack_31bf3856ad364e35_10.0.19041.1_none_bf506ecc66a800df\wcp.dll' : got STATUS_SUCCESS
2026-10-04 06:41:48, Info                  CSI    00000001 Shim considered [l:184]'\??\C:\wim-uup-validation-1791090913159215058\servicing-fixed\mount\Windows\Servicing\amd64_microsoft-windows-servicingstack_31bf3856ad364e35_10.0.19041.1_none_bf506ecc66a800df\wcp.dll' : got STATUS_OBJECT_PATH_NOT_FOUND
2026-10-04 06:41:48, Info                  CSI    00000002 Shim considered [l:181]'\??\C:\wim-uup-validation-1791090913159215058\servicing-fixed\mount\Windows\WinSxS\amd64_microsoft-windows-servicingstack_31bf3856ad364e35_10.0.19041.1_none_bf506ecc66a800df\wcp.dll' : got STATUS_SUCCESS
2026-10-04 06:41:48, Info                  CBS    Universal Time is: 2026-10-04 06:41:48.338
2026-10-04 06:41:48, Info                  CBS    Failed to find a matching version for servicing stack: C:\wim-uup-validation-1791090913159215058\servicing-fixed\mount\Windows\WinSxS\amd64_microsoft-windows-servicingstack_31bf3856ad364e35_10.0.19041.1_none_bf506ecc66a800df\ [HRESULT = 0x80070490 - ERROR_NOT_FOUND]
2026-10-04 06:41:48, Info                  CBS    Failed to find servicing stack directory in online store. [HRESULT = 0x80070490 - ERROR_NOT_FOUND]
2026-10-04 06:41:48, Info                  CBS    Offline servicing, using stack version from: C:\wim-uup-validation-1791090913159215058\servicing-fixed\mount\Windows\WinSxS\amd64_microsoft-windows-servicingstack_31bf3856ad364e35_10.0.19041.1_none_bf506ecc66a800df\cbscore.dll
2026-10-04 06:41:48, Info                  CBS    Loaded Servicing Stack v10.0.19041.1 with Core: C:\wim-uup-validation-1791090913159215058\servicing-fixed\mount\Windows\WinSxS\amd64_microsoft-windows-servicingstack_31bf3856ad364e35_10.0.19041.1_none_bf506ecc66a800df\cbscore.dll
2026-10-04 06:41:48, Info                  CBS    Setting core mode: CbsCoreModeOffline
2026-10-04 06:41:48, Info                  CSI    00000001@2026/10/4:06:41:48.381 WcpInitialize: wcp.dll version 10.0.19041.1 (WinBuild.160101.0800)
2026-10-04 06:41:48, Info                  CBS    Lock: New lock added: CCbsSessionManager, level: 11, total lock:9
2026-10-04 06:41:48, Info                  CBS    Lock: New lock added: CSIInventoryCriticalSection, level: 64, total lock:10
2026-10-04 06:41:48, Info                  DISM   DISM Package Manager: PID=2160 TID=1440 Loaded servicing stack for offline use only. - CDISMPackageManager::CreateCbsSession
2026-10-04 06:41:48, Info                  CBS    Lazy store initialization mode
2026-10-04 06:41:48, Info                  DISM   DISM Provider Store: PID=2160 TID=1440 Connecting to the provider located at C:\WINDOWS\SystemTemp\E0C89BFA-E718-41A7-A3C4-316AF31225A0\MsiProvider.dll. - CDISMProviderStore::Internal_LoadProvider
2026-10-04 06:41:48, Info                  DISM   DISM Provider Store: PID=2160 TID=1440 Encountered a servicing provider, performing additional servicing initializations. - CDISMProviderStore::Internal_LoadProvider
2026-10-04 06:41:48, Info                  DISM   DISM Provider Store: PID=2160 TID=1440 Connecting to the provider located at C:\WINDOWS\SystemTemp\E0C89BFA-E718-41A7-A3C4-316AF31225A0\IntlProvider.dll. - CDISMProviderStore::Internal_LoadProvider
2026-10-04 06:41:48, Info                  DISM   DISM Provider Store: PID=2160 TID=1440 Encountered a servicing provider, performing additional servicing initializations. - CDISMProviderStore::Internal_LoadProvider
2026-10-04 06:41:48, Info                  DISM   DISM Provider Store: PID=2160 TID=1440 Connecting to the provider located at C:\WINDOWS\SystemTemp\E0C89BFA-E718-41A7-A3C4-316AF31225A0\IBSProvider.dll. - CDISMProviderStore::Internal_LoadProvider
2026-10-04 06:41:48, Info                  DISM   DISM Provider Store: PID=2160 TID=1440 Encountered a servicing provider, performing additional servicing initializations. - CDISMProviderStore::Internal_LoadProvider
2026-10-04 06:41:48, Info                  DISM   DISM Provider Store: PID=2160 TID=1440 Connecting to the provider located at C:\WINDOWS\SystemTemp\E0C89BFA-E718-41A7-A3C4-316AF31225A0\DmiProvider.dll. - CDISMProviderStore::Internal_LoadProvider
2026-10-04 06:41:48, Info                  DISM   DISM Provider Store: PID=2160 TID=1440 Encountered a servicing provider, performing additional servicing initializations. - CDISMProviderStore::Internal_LoadProvider
2026-10-04 06:41:48, Info                  CSI    00000001 Shim considered [l:184]'\??\C:\wim-uup-validation-1791090913159215058\servicing-fixed\mount\Windows\Servicing\amd64_microsoft-windows-servicingstack_31bf3856ad364e35_10.0.19041.1_none_bf506ecc66a800df\wcp.dll' : got STATUS_OBJECT_PATH_NOT_FOUND
2026-10-04 06:41:48, Info                  CSI    00000002 Shim considered [l:181]'\??\C:\wim-uup-validation-1791090913159215058\servicing-fixed\mount\Windows\WinSxS\amd64_microsoft-windows-servicingstack_31bf3856ad364e35_10.0.19041.1_none_bf506ecc66a800df\wcp.dll' : got STATUS_SUCCESS
2026-10-04 06:41:48, Info                  DISM   DISM Driver Manager: PID=2160 TID=1440 Further logs for driver related operations can be found in the target operating system at %WINDIR%\inf\setupapi.offline.log - CDriverManager::Initialize
2026-10-04 06:41:48, Info                  DISM   DISM Provider Store: PID=2160 TID=1440 Connecting to the provider located at C:\WINDOWS\SystemTemp\E0C89BFA-E718-41A7-A3C4-316AF31225A0\UnattendProvider.dll. - CDISMProviderStore::Internal_LoadProvider
2026-10-04 06:41:48, Info                  DISM   DISM Provider Store: PID=2160 TID=1440 Encountered a servicing provider, performing additional servicing initializations. - CDISMProviderStore::Internal_LoadProvider
2026-10-04 06:41:48, Info                  DISM   DISM Provider Store: PID=2160 TID=1440 Connecting to the provider located at C:\WINDOWS\SystemTemp\E0C89BFA-E718-41A7-A3C4-316AF31225A0\SmiProvider.dll. - CDISMProviderStore::Internal_LoadProvider
2026-10-04 06:41:48, Info                  DISM   DISM Provider Store: PID=2160 TID=1440 Encountered a servicing provider, performing additional servicing initializations. - CDISMProviderStore::Internal_LoadProvider
2026-10-04 06:41:48, Warning               DISM   DISM Provider Store: PID=2160 TID=1440 Failed to load the provider: C:\WINDOWS\SystemTemp\E0C89BFA-E718-41A7-A3C4-316AF31225A0\EmbeddedProvider.dll. - CDISMProviderStore::Internal_GetProvider(hr:0x8007007e)
2026-10-04 06:41:48, Info                  DISM   DISM Provider Store: PID=2160 TID=1440 Connecting to the provider located at C:\WINDOWS\SystemTemp\E0C89BFA-E718-41A7-A3C4-316AF31225A0\AppxProvider.dll. - CDISMProviderStore::Internal_LoadProvider
2026-10-04 06:41:48, Info                  DISM   DISM Provider Store: PID=2160 TID=1440 Encountered a servicing provider, performing additional servicing initializations. - CDISMProviderStore::Internal_LoadProvider
2026-10-04 06:41:48, Info                  DISM   DISM Provider Store: PID=2160 TID=1440 Connecting to the provider located at C:\WINDOWS\SystemTemp\E0C89BFA-E718-41A7-A3C4-316AF31225A0\ProvProvider.dll. - CDISMProviderStore::Internal_LoadProvider
2026-10-04 06:41:48, Info                  DISM   DISM Provider Store: PID=2160 TID=1440 Encountered a servicing provider, performing additional servicing initializations. - CDISMProviderStore::Internal_LoadProvider
2026-10-04 06:41:48, Info                  DISM   DISM Provider Store: PID=2160 TID=1440 Connecting to the provider located at C:\WINDOWS\SystemTemp\E0C89BFA-E718-41A7-A3C4-316AF31225A0\AssocProvider.dll. - CDISMProviderStore::Internal_LoadProvider
2026-10-04 06:41:48, Info                  DISM   DISM Provider Store: PID=2160 TID=1440 Encountered a servicing provider, performing additional servicing initializations. - CDISMProviderStore::Internal_LoadProvider
2026-10-04 06:41:48, Info                  DISM   DISM Provider Store: PID=2160 TID=1440 Connecting to the provider located at C:\WINDOWS\SystemTemp\E0C89BFA-E718-41A7-A3C4-316AF31225A0\GenericProvider.dll. - CDISMProviderStore::Internal_LoadProvider
2026-10-04 06:41:48, Info                  DISM   DISM Provider Store: PID=2160 TID=1440 Encountered a servicing provider, performing additional servicing initializations. - CDISMProviderStore::Internal_LoadProvider
2026-10-04 06:41:48, Info                  DISM   DISM Provider Store: PID=2160 TID=1440 Connecting to the provider located at C:\WINDOWS\SystemTemp\E0C89BFA-E718-41A7-A3C4-316AF31225A0\OfflineSetupProvider.dll. - CDISMProviderStore::Internal_LoadProvider
2026-10-04 06:41:48, Info                  DISM   DISM Provider Store: PID=2160 TID=1440 Encountered a servicing provider, performing additional servicing initializations. - CDISMProviderStore::Internal_LoadProvider
2026-10-04 06:41:48, Info                  DISM   DISM Provider Store: PID=2160 TID=1440 Connecting to the provider located at C:\WINDOWS\SystemTemp\E0C89BFA-E718-41A7-A3C4-316AF31225A0\SysprepProvider.dll. - CDISMProviderStore::Internal_LoadProvider
2026-10-04 06:41:48, Info                  DISM   DISM Provider Store: PID=2160 TID=1440 Encountered a servicing provider, performing additional servicing initializations. - CDISMProviderStore::Internal_LoadProvider
2026-10-04 06:41:48, Info                  DISM   DISM Provider Store: PID=2160 TID=1440 Connecting to the provider located at C:\WINDOWS\SystemTemp\E0C89BFA-E718-41A7-A3C4-316AF31225A0\TransmogProvider.dll. - CDISMProviderStore::Internal_LoadProvider
2026-10-04 06:41:48, Info                  DISM   DISM Provider Store: PID=2160 TID=1440 Encountered a servicing provider, performing additional servicing initializations. - CDISMProviderStore::Internal_LoadProvider
2026-10-04 06:41:48, Info                  DISM   DISM Transmog Provider: PID=2160 TID=1440 Current image session is [OFFLINE] - CTransmogManager::GetMode
2026-10-04 06:41:48, Info                  DISM   DISM Transmog Provider: PID=2160 TID=1440 Determined WinDir path = [C:\wim-uup-validation-1791090913159215058\servicing-fixed\mount\Windows] - CTransmogManager::GetWinDirPath
2026-10-04 06:41:49, Info                  DISM   DISM Transmog Provider: PID=2160 TID=1440 GetProductType: ProductType = [WinNT] - CTransmogManager::GetProductType
2026-10-04 06:41:49, Info                  DISM   DISM Transmog Provider: PID=2160 TID=1440 Product Type: [WinNT] - CTransmogManager::Initialize
2026-10-04 06:41:49, Info                  DISM   DISM Transmog Provider: PID=2160 TID=1440 Product Type ServerNT : [No] - CTransmogManager::Initialize
2026-10-04 06:41:49, Info                  DISM   DISM Provider Store: PID=2160 TID=1440 Connecting to the provider located at C:\WINDOWS\SystemTemp\E0C89BFA-E718-41A7-A3C4-316AF31225A0\SetupPlatformProvider.dll. - CDISMProviderStore::Internal_LoadProvider
2026-10-04 06:41:49, Info                  DISM   DISM Provider Store: PID=2160 TID=1440 Encountered a servicing provider, performing additional servicing initializations. - CDISMProviderStore::Internal_LoadProvider
2026-10-04 06:41:49, Info                  DISM   DISM Package Manager: PID=2160 TID=6612 Processing the top level command token(get-packages). - CPackageManagerCLIHandler::Private_ValidateCmdLine
2026-10-04 06:41:49, Info                  DISM   DISM Package Manager: PID=2160 TID=6612 Attempting to route to appropriate command handler. - CPackageManagerCLIHandler::ExecuteCmdLine
2026-10-04 06:41:49, Info                  DISM   DISM Package Manager: PID=2160 TID=6612 Routing the command... - CPackageManagerCLIHandler::ExecuteCmdLine
2026-10-04 06:41:49, Info                  CBS    Lazy store initialization mode, fully initialize.
2026-10-04 06:41:49, Info                  CBS    Offline image is writable
2026-10-04 06:41:49, Info                  CBS    Loading offline registry hive: SOFTWARE, into registry key '{bf1a281b-ad7b-4476-ac95-f47682990ce7}C:/wim-uup-validation-1791090913159215058/servicing-fixed/mount/Windows/System32/config/SOFTWARE' from path '\\?\C:\wim-uup-validation-1791090913159215058\servicing-fixed\mount\Windows\System32\config\SOFTWARE'.
2026-10-04 06:41:49, Info                  CBS    Loading offline registry hive: SYSTEM, into registry key '{bf1a281b-ad7b-4476-ac95-f47682990ce7}C:/wim-uup-validation-1791090913159215058/servicing-fixed/mount/Windows/System32/config/SYSTEM' from path '\\?\C:\wim-uup-validation-1791090913159215058\servicing-fixed\mount\Windows\System32\config\SYSTEM'.
2026-10-04 06:41:49, Info                  CBS    Loading offline registry hive: SECURITY, into registry key '{bf1a281b-ad7b-4476-ac95-f47682990ce7}C:/wim-uup-validation-1791090913159215058/servicing-fixed/mount/Windows/System32/config/SECURITY' from path '\\?\C:\wim-uup-validation-1791090913159215058\servicing-fixed\mount\Windows\System32\config\SECURITY'.
2026-10-04 06:41:49, Info                  CBS    Loading offline registry hive: SAM, into registry key '{bf1a281b-ad7b-4476-ac95-f47682990ce7}C:/wim-uup-validation-1791090913159215058/servicing-fixed/mount/Windows/System32/config/SAM' from path '\\?\C:\wim-uup-validation-1791090913159215058\servicing-fixed\mount\Windows\System32\config\SAM'.
2026-10-04 06:41:49, Info                  CBS    Loading offline registry hive: COMPONENTS, into registry key '{bf1a281b-ad7b-4476-ac95-f47682990ce7}C:/wim-uup-validation-1791090913159215058/servicing-fixed/mount/Windows/System32/config/COMPONENTS' from path '\\?\C:\wim-uup-validation-1791090913159215058\servicing-fixed\mount\Windows\System32\config\COMPONENTS'.
2026-10-04 06:41:50, Info                  CBS    Loading offline registry hive: DRIVERS, into registry key '{bf1a281b-ad7b-4476-ac95-f47682990ce7}C:/wim-uup-validation-1791090913159215058/servicing-fixed/mount/Windows/System32/config/DRIVERS' from path '\\?\C:\wim-uup-validation-1791090913159215058\servicing-fixed\mount\Windows\System32\config\DRIVERS'.
2026-10-04 06:41:50, Info                  CBS    Loading offline registry hive: DEFAULT, into registry key '{bf1a281b-ad7b-4476-ac95-f47682990ce7}C:/wim-uup-validation-1791090913159215058/servicing-fixed/mount/Windows/System32/config/DEFAULT' from path '\\?\C:\wim-uup-validation-1791090913159215058\servicing-fixed\mount\Windows\System32\config\DEFAULT'.
2026-10-04 06:41:50, Info                  CBS    Loading offline registry hive: ntuser.dat, into registry key '{bf1a281b-ad7b-4476-ac95-f47682990ce7}C:/wim-uup-validation-1791090913159215058/servicing-fixed/mount/Users/Default/ntuser.dat' from path '\\?\C:\wim-uup-validation-1791090913159215058\servicing-fixed\mount\Users\Default\ntuser.dat'.
2026-10-04 06:41:50, Info                  CBS    Loading offline registry hive: schema.dat, into registry key '{bf1a281b-ad7b-4476-ac95-f47682990ce7}C:/wim-uup-validation-1791090913159215058/servicing-fixed/mount/Windows/system32/smi/store/Machine/schema.dat' from path '\\?\C:\wim-uup-validation-1791090913159215058\servicing-fixed\mount\Windows\system32\smi\store\Machine\schema.dat'.
2026-10-04 06:41:50, Info                  CSI    00000002 CSI Store 1996866375648 initialized
2026-10-04 06:41:50, Info                  CBS    Build: 19041.1.amd64fre.vb_release.191206-1406
2026-10-04 06:41:50, Info                  CBS    Session: 2160_23455906 initialized by client DISM Package Manager Provider, external staging directory: (null), external registry directory: (null)
2026-10-04 06:41:50, Info                  CBS    Appl:Feature On Demand package without explicit comparator, using GE on build version
2026-10-04 06:41:50, Info                  CBS    Appl:Feature On Demand package without explicit comparator, using GE on build version
2026-10-04 06:41:50, Info                  CBS    Appl: detect Parent, Package: Microsoft-OneCore-ApplicationModel-Sync-Desktop-FOD-Package~31bf3856ad364e35~amd64~~10.0.19041.1, Parent: Microsoft-Windows-Client-Features-Package~31bf3856ad364e35~amd64~~10.0.19041.1, Disposition = Detect, VersionComp: EQ, BuildComp: GE, RevisionComp: GE, Exist: present
2026-10-04 06:41:50, Info                  CBS    Appl: detectParent: parent found: Microsoft-Windows-Client-Features-Package~31bf3856ad364e35~amd64~~10.0.19041.1, state: Installed
2026-10-04 06:41:50, Info                  CBS    Appl: Evaluating package applicability for package Microsoft-OneCore-ApplicationModel-Sync-Desktop-FOD-Package~31bf3856ad364e35~amd64~~10.0.19041.1, applicable state: Installed
2026-10-04 06:41:50, Info                  CBS    External EvaluateApplicability, package: Microsoft-OneCore-ApplicationModel-Sync-Desktop-FOD-Package~31bf3856ad364e35~amd64~~10.0.19041.1, package applicable State: Installed, highest update applicable state: Installed, resulting applicable state:Installed
2026-10-04 06:41:50, Info                  DISM   DISM Package Manager: PID=2160 TID=6612 Package Microsoft-OneCore-ApplicationModel-Sync-Desktop-FOD-Package~31bf3856ad364e35~amd64~~10.0.19041.1 with CBS state 7(CbsInstallStateInstalled) being mapped to dism state 5(DISM_INSTALL_STATE_INSTALLED) - CDISMPackage::LogInstallStateMapping
2026-10-04 06:41:50, Info                  CBS    Appl: Evaluating package applicability for package Microsoft-OneCore-DirectX-Database-FOD-Package~31bf3856ad364e35~amd64~~10.0.19041.1, applicable state: Installed
2026-10-04 06:41:50, Info                  CBS    External EvaluateApplicability, package: Microsoft-OneCore-DirectX-Database-FOD-Package~31bf3856ad364e35~amd64~~10.0.19041.1, package applicable State: Installed, highest update applicable state: Installed, resulting applicable state:Installed
2026-10-04 06:41:50, Info                  DISM   DISM Package Manager: PID=2160 TID=6612 Package Microsoft-OneCore-DirectX-Database-FOD-Package~31bf3856ad364e35~amd64~~10.0.19041.1 with CBS state 7(CbsInstallStateInstalled) being mapped to dism state 5(DISM_INSTALL_STATE_INSTALLED) - CDISMPackage::LogInstallStateMapping
2026-10-04 06:41:50, Info                  CBS    Appl: detect Parent, Package: Microsoft-Windows-Client-LanguagePack-Package~31bf3856ad364e35~amd64~en-US~10.0.19041.1, Parent: Microsoft-Windows-Foundation-Package~31bf3856ad364e35~amd64~~10.0.19041.1, Disposition = Detect, VersionComp: EQ, BuildComp: EQ, RevisionComp: GE, Exist: present
2026-10-04 06:41:50, Info                  CBS    Appl: detectParent: parent found: Microsoft-Windows-Foundation-Package~31bf3856ad364e35~amd64~~10.0.19041.1, state: Installed
2026-10-04 06:41:50, Info                  CBS    Appl: Evaluating package applicability for package Microsoft-Windows-Client-LanguagePack-Package~31bf3856ad364e35~amd64~en-US~10.0.19041.1, applicable state: Installed
2026-10-04 06:41:50, Info                  CBS    External EvaluateApplicability, package: Microsoft-Windows-Client-LanguagePack-Package~31bf3856ad364e35~amd64~en-US~10.0.19041.1, package applicable State: Installed, highest update applicable state: Installed, resulting applicable state:Installed
2026-10-04 06:41:50, Info                  DISM   DISM Package Manager: PID=2160 TID=6612 Package Microsoft-Windows-Client-LanguagePack-Package~31bf3856ad364e35~amd64~en-US~10.0.19041.1 with CBS state 7(CbsInstallStateInstalled) being mapped to dism state 5(DISM_INSTALL_STATE_INSTALLED) - CDISMPackage::LogInstallStateMapping
2026-10-04 06:41:50, Info                  CBS    Appl: detect Parent, Package: Microsoft-Windows-FodMetadata-Package~31bf3856ad364e35~amd64~~10.0.19041.1, Parent: Microsoft-Windows-Client-Features-Package~31bf3856ad364e35~amd64~~10.0.19041.1, Disposition = Detect, VersionComp: EQ, BuildComp: EQ, RevisionComp: GE, Exist: present
2026-10-04 06:41:50, Info                  CBS    Appl: detectParent: parent found: Microsoft-Windows-Client-Features-Package~31bf3856ad364e35~amd64~~10.0.19041.1, state: Installed
2026-10-04 06:41:50, Info                  CBS    Appl: Evaluating package applicability for package Microsoft-Windows-FodMetadata-Package~31bf3856ad364e35~amd64~~10.0.19041.1, applicable state: Installed
2026-10-04 06:41:50, Info                  CBS    External EvaluateApplicability, package: Microsoft-Windows-FodMetadata-Package~31bf3856ad364e35~amd64~~10.0.19041.1, package applicable State: Installed, highest update applicable state: Installed, resulting applicable state:Installed
2026-10-04 06:41:50, Info                  DISM   DISM Package Manager: PID=2160 TID=6612 Package Microsoft-Windows-FodMetadata-Package~31bf3856ad364e35~amd64~~10.0.19041.1 with CBS state 7(CbsInstallStateInstalled) being mapped to dism state 5(DISM_INSTALL_STATE_INSTALLED) - CDISMPackage::LogInstallStateMapping
2026-10-04 06:41:50, Info                  CBS    Appl: Evaluating package applicability for package Microsoft-Windows-Foundation-Package~31bf3856ad364e35~amd64~~10.0.19041.1, applicable state: Installed
2026-10-04 06:41:50, Info                  CBS    External EvaluateApplicability, package: Microsoft-Windows-Foundation-Package~31bf3856ad364e35~amd64~~10.0.19041.1, package applicable State: Installed, highest update applicable state: Installed, resulting applicable state:Installed
2026-10-04 06:41:50, Info                  DISM   DISM Package Manager: PID=2160 TID=6612 Package Microsoft-Windows-Foundation-Package~31bf3856ad364e35~amd64~~10.0.19041.1 with CBS state 7(CbsInstallStateInstalled) being mapped to dism state 5(DISM_INSTALL_STATE_INSTALLED) - CDISMPackage::LogInstallStateMapping
2026-10-04 06:41:50, Info                  CBS    Appl: detect Parent, Package: Microsoft-Windows-Hello-Face-Migration-Package~31bf3856ad364e35~amd64~~10.0.19041.1, Parent: Microsoft-Windows-Client-Features-Package~31bf3856ad364e35~amd64~~10.0.17637.1000, Disposition = Detect, VersionComp: EQ, BuildComp: GE, RevisionComp: GE, Exist: present
2026-10-04 06:41:50, Info                  CBS    Appl: detectParent: parent found: Microsoft-Windows-Client-Features-Package~31bf3856ad364e35~amd64~~10.0.19041.1, state: Installed
2026-10-04 06:41:50, Info                  CBS    Appl: Evaluating package applicability for package Microsoft-Windows-Hello-Face-Migration-Package~31bf3856ad364e35~amd64~~10.0.19041.1, applicable state: Installed
2026-10-04 06:41:50, Info                  CBS    External EvaluateApplicability, package: Microsoft-Windows-Hello-Face-Migration-Package~31bf3856ad364e35~amd64~~10.0.19041.1, package applicable State: Installed, highest update applicable state: Installed, resulting applicable state:Installed
2026-10-04 06:41:50, Info                  DISM   DISM Package Manager: PID=2160 TID=6612 Package Microsoft-Windows-Hello-Face-Migration-Package~31bf3856ad364e35~amd64~~10.0.19041.1 with CBS state 7(CbsInstallStateInstalled) being mapped to dism state 5(DISM_INSTALL_STATE_INSTALLED) - CDISMPackage::LogInstallStateMapping
2026-10-04 06:41:50, Info                  CBS    Appl: detect Parent, Package: Microsoft-Windows-Hello-Face-Package~31bf3856ad364e35~amd64~~10.0.19041.1, Parent: Microsoft-Windows-Client-Features-Package~31bf3856ad364e35~amd64~~10.0.17637.1000, Disposition = Detect, VersionComp: EQ, BuildComp: GE, RevisionComp: GE, Exist: present
2026-10-04 06:41:50, Info                  CBS    Appl: detectParent: parent found: Microsoft-Windows-Client-Features-Package~31bf3856ad364e35~amd64~~10.0.19041.1, state: Installed
2026-10-04 06:41:50, Info                  CBS    Appl: Evaluating package applicability for package Microsoft-Windows-Hello-Face-Package~31bf3856ad364e35~amd64~~10.0.19041.1, applicable state: Installed
2026-10-04 06:41:50, Info                  CBS    External EvaluateApplicability, package: Microsoft-Windows-Hello-Face-Package~31bf3856ad364e35~amd64~~10.0.19041.1, package applicable State: Installed, highest update applicable state: Installed, resulting applicable state:Installed
2026-10-04 06:41:50, Info                  DISM   DISM Package Manager: PID=2160 TID=6612 Package Microsoft-Windows-Hello-Face-Package~31bf3856ad364e35~amd64~~10.0.19041.1 with CBS state 7(CbsInstallStateInstalled) being mapped to dism state 5(DISM_INSTALL_STATE_INSTALLED) - CDISMPackage::LogInstallStateMapping
2026-10-04 06:41:50, Info                  CBS    Appl: detect Parent, Package: Microsoft-Windows-InternetExplorer-Optional-Package~31bf3856ad364e35~amd64~~11.0.19041.1, Parent: Microsoft-Windows-Foundation-Package~31bf3856ad364e35~amd64~~10.0.19041.1, Disposition = Detect, VersionComp: EQ, BuildComp: GE, RevisionComp: GE, Exist: present
2026-10-04 06:41:50, Info                  CBS    Appl: detectParent: parent found: Microsoft-Windows-Foundation-Package~31bf3856ad364e35~amd64~~10.0.19041.1, state: Installed
2026-10-04 06:41:50, Info                  CBS    Appl: Evaluating package applicability for package Microsoft-Windows-InternetExplorer-Optional-Package~31bf3856ad364e35~amd64~~11.0.19041.1, applicable state: Installed
2026-10-04 06:41:50, Info                  CBS    External EvaluateApplicability, package: Microsoft-Windows-InternetExplorer-Optional-Package~31bf3856ad364e35~amd64~~11.0.19041.1, package applicable State: Installed, highest update applicable state: Installed, resulting applicable state:Installed
2026-10-04 06:41:50, Info                  DISM   DISM Package Manager: PID=2160 TID=6612 Package Microsoft-Windows-InternetExplorer-Optional-Package~31bf3856ad364e35~amd64~~11.0.19041.1 with CBS state 7(CbsInstallStateInstalled) being mapped to dism state 5(DISM_INSTALL_STATE_INSTALLED) - CDISMPackage::LogInstallStateMapping
2026-10-04 06:41:50, Info                  CBS    Appl: Evaluating package applicability for package Microsoft-Windows-LanguageFeatures-Basic-en-us-Package~31bf3856ad364e35~amd64~~10.0.19041.1, applicable state: Installed
2026-10-04 06:41:50, Info                  CBS    External EvaluateApplicability, package: Microsoft-Windows-LanguageFeatures-Basic-en-us-Package~31bf3856ad364e35~amd64~~10.0.19041.1, package applicable State: Installed, highest update applicable state: Installed, resulting applicable state:Installed
2026-10-04 06:41:50, Info                  DISM   DISM Package Manager: PID=2160 TID=6612 Package Microsoft-Windows-LanguageFeatures-Basic-en-us-Package~31bf3856ad364e35~amd64~~10.0.19041.1 with CBS state 7(CbsInstallStateInstalled) being mapped to dism state 5(DISM_INSTALL_STATE_INSTALLED) - CDISMPackage::LogInstallStateMapping
2026-10-04 06:41:50, Info                  CBS    Appl: Evaluating package applicability for package Microsoft-Windows-LanguageFeatures-Handwriting-en-us-Package~31bf3856ad364e35~amd64~~10.0.19041.1, applicable state: Installed
2026-10-04 06:41:50, Info                  CBS    External EvaluateApplicability, package: Microsoft-Windows-LanguageFeatures-Handwriting-en-us-Package~31bf3856ad364e35~amd64~~10.0.19041.1, package applicable State: Installed, highest update applicable state: Installed, resulting applicable state:Installed
2026-10-04 06:41:50, Info                  DISM   DISM Package Manager: PID=2160 TID=6612 Package Microsoft-Windows-LanguageFeatures-Handwriting-en-us-Package~31bf3856ad364e35~amd64~~10.0.19041.1 with CBS state 7(CbsInstallStateInstalled) being mapped to dism state 5(DISM_INSTALL_STATE_INSTALLED) - CDISMPackage::LogInstallStateMapping
2026-10-04 06:41:50, Info                  CBS    Appl: Evaluating package applicability for package Microsoft-Windows-LanguageFeatures-OCR-en-us-Package~31bf3856ad364e35~amd64~~10.0.19041.1, applicable state: Installed
2026-10-04 06:41:50, Info                  CBS    External EvaluateApplicability, package: Microsoft-Windows-LanguageFeatures-OCR-en-us-Package~31bf3856ad364e35~amd64~~10.0.19041.1, package applicable State: Installed, highest update applicable state: Installed, resulting applicable state:Installed
2026-10-04 06:41:50, Info                  DISM   DISM Package Manager: PID=2160 TID=6612 Package Microsoft-Windows-LanguageFeatures-OCR-en-us-Package~31bf3856ad364e35~amd64~~10.0.19041.1 with CBS state 7(CbsInstallStateInstalled) being mapped to dism state 5(DISM_INSTALL_STATE_INSTALLED) - CDISMPackage::LogInstallStateMapping
2026-10-04 06:41:50, Info                  CBS    Appl: Evaluating package applicability for package Microsoft-Windows-LanguageFeatures-Speech-en-us-Package~31bf3856ad364e35~amd64~~10.0.19041.1, applicable state: Installed
2026-10-04 06:41:50, Info                  CBS    External EvaluateApplicability, package: Microsoft-Windows-LanguageFeatures-Speech-en-us-Package~31bf3856ad364e35~amd64~~10.0.19041.1, package applicable State: Installed, highest update applicable state: Installed, resulting applicable state:Installed
2026-10-04 06:41:50, Info                  DISM   DISM Package Manager: PID=2160 TID=6612 Package Microsoft-Windows-LanguageFeatures-Speech-en-us-Package~31bf3856ad364e35~amd64~~10.0.19041.1 with CBS state 7(CbsInstallStateInstalled) being mapped to dism state 5(DISM_INSTALL_STATE_INSTALLED) - CDISMPackage::LogInstallStateMapping
2026-10-04 06:41:50, Info                  CBS    Appl: Evaluating package applicability for package Microsoft-Windows-LanguageFeatures-TextToSpeech-en-us-Package~31bf3856ad364e35~amd64~~10.0.19041.1, applicable state: Installed
2026-10-04 06:41:50, Info                  CBS    External EvaluateApplicability, package: Microsoft-Windows-LanguageFeatures-TextToSpeech-en-us-Package~31bf3856ad364e35~amd64~~10.0.19041.1, package applicable State: Installed, highest update applicable state: Installed, resulting applicable state:Installed
2026-10-04 06:41:50, Info                  DISM   DISM Package Manager: PID=2160 TID=6612 Package Microsoft-Windows-LanguageFeatures-TextToSpeech-en-us-Package~31bf3856ad364e35~amd64~~10.0.19041.1 with CBS state 7(CbsInstallStateInstalled) being mapped to dism state 5(DISM_INSTALL_STATE_INSTALLED) - CDISMPackage::LogInstallStateMapping
2026-10-04 06:41:50, Info                  CBS    Appl: Evaluating package applicability for package Microsoft-Windows-MediaPlayer-Package~31bf3856ad364e35~amd64~~10.0.19041.1, applicable state: Installed
2026-10-04 06:41:50, Info                  CBS    External EvaluateApplicability, package: Microsoft-Windows-MediaPlayer-Package~31bf3856ad364e35~amd64~~10.0.19041.1, package applicable State: Installed, highest update applicable state: Installed, resulting applicable state:Installed
2026-10-04 06:41:50, Info                  DISM   DISM Package Manager: PID=2160 TID=6612 Package Microsoft-Windows-MediaPlayer-Package~31bf3856ad364e35~amd64~~10.0.19041.1 with CBS state 7(CbsInstallStateInstalled) being mapped to dism state 5(DISM_INSTALL_STATE_INSTALLED) - CDISMPackage::LogInstallStateMapping
2026-10-04 06:41:50, Info                  CBS    Appl: Evaluating package applicability for package Microsoft-Windows-MSPaint-FoD-Package~31bf3856ad364e35~amd64~en-US~10.0.19041.1, applicable state: Installed
2026-10-04 06:41:50, Info                  CBS    External EvaluateApplicability, package: Microsoft-Windows-MSPaint-FoD-Package~31bf3856ad364e35~amd64~en-US~10.0.19041.1, package applicable State: Installed, highest update applicable state: Installed, resulting applicable state:Installed
2026-10-04 06:41:50, Info                  DISM   DISM Package Manager: PID=2160 TID=6612 Package Microsoft-Windows-MSPaint-FoD-Package~31bf3856ad364e35~amd64~en-US~10.0.19041.1 with CBS state 7(CbsInstallStateInstalled) being mapped to dism state 5(DISM_INSTALL_STATE_INSTALLED) - CDISMPackage::LogInstallStateMapping
2026-10-04 06:41:50, Info                  CBS    Appl: Evaluating package applicability for package Microsoft-Windows-MSPaint-FoD-Package~31bf3856ad364e35~amd64~~10.0.19041.1, applicable state: Installed
2026-10-04 06:41:50, Info                  CBS    External EvaluateApplicability, package: Microsoft-Windows-MSPaint-FoD-Package~31bf3856ad364e35~amd64~~10.0.19041.1, package applicable State: Installed, highest update applicable state: Installed, resulting applicable state:Installed
2026-10-04 06:41:50, Info                  DISM   DISM Package Manager: PID=2160 TID=6612 Package Microsoft-Windows-MSPaint-FoD-Package~31bf3856ad364e35~amd64~~10.0.19041.1 with CBS state 7(CbsInstallStateInstalled) being mapped to dism state 5(DISM_INSTALL_STATE_INSTALLED) - CDISMPackage::LogInstallStateMapping
2026-10-04 06:41:50, Info                  CBS    Appl: Evaluating package applicability for package Microsoft-Windows-MSPaint-FoD-Package~31bf3856ad364e35~wow64~en-US~10.0.19041.1, applicable state: Installed
2026-10-04 06:41:50, Info                  CBS    External EvaluateApplicability, package: Microsoft-Windows-MSPaint-FoD-Package~31bf3856ad364e35~wow64~en-US~10.0.19041.1, package applicable State: Installed, highest update applicable state: Installed, resulting applicable state:Installed
2026-10-04 06:41:50, Info                  DISM   DISM Package Manager: PID=2160 TID=6612 Package Microsoft-Windows-MSPaint-FoD-Package~31bf3856ad364e35~wow64~en-US~10.0.19041.1 with CBS state 7(CbsInstallStateInstalled) being mapped to dism state 5(DISM_INSTALL_STATE_INSTALLED) - CDISMPackage::LogInstallStateMapping
2026-10-04 06:41:50, Info                  CBS    Appl: Evaluating package applicability for package Microsoft-Windows-MSPaint-FoD-Package~31bf3856ad364e35~wow64~~10.0.19041.1, applicable state: Installed
2026-10-04 06:41:50, Info                  CBS    External EvaluateApplicability, package: Microsoft-Windows-MSPaint-FoD-Package~31bf3856ad364e35~wow64~~10.0.19041.1, package applicable State: Installed, highest update applicable state: Installed, resulting applicable state:Installed
2026-10-04 06:41:50, Info                  DISM   DISM Package Manager: PID=2160 TID=6612 Package Microsoft-Windows-MSPaint-FoD-Package~31bf3856ad364e35~wow64~~10.0.19041.1 with CBS state 7(CbsInstallStateInstalled) being mapped to dism state 5(DISM_INSTALL_STATE_INSTALLED) - CDISMPackage::LogInstallStateMapping
2026-10-04 06:41:50, Info                  CBS    Appl: Evaluating package applicability for package Microsoft-Windows-Notepad-FoD-Package~31bf3856ad364e35~amd64~en-US~10.0.19041.1, applicable state: Installed
2026-10-04 06:41:50, Info                  CBS    External EvaluateApplicability, package: Microsoft-Windows-Notepad-FoD-Package~31bf3856ad364e35~amd64~en-US~10.0.19041.1, package applicable State: Installed, highest update applicable state: Installed, resulting applicable state:Installed
2026-10-04 06:41:50, Info                  DISM   DISM Package Manager: PID=2160 TID=6612 Package Microsoft-Windows-Notepad-FoD-Package~31bf3856ad364e35~amd64~en-US~10.0.19041.1 with CBS state 7(CbsInstallStateInstalled) being mapped to dism state 5(DISM_INSTALL_STATE_INSTALLED) - CDISMPackage::LogInstallStateMapping
2026-10-04 06:41:50, Info                  CBS    Appl: Evaluating package applicability for package Microsoft-Windows-Notepad-FoD-Package~31bf3856ad364e35~amd64~~10.0.19041.1, applicable state: Installed
2026-10-04 06:41:50, Info                  CBS    External EvaluateApplicability, package: Microsoft-Windows-Notepad-FoD-Package~31bf3856ad364e35~amd64~~10.0.19041.1, package applicable State: Installed, highest update applicable state: Installed, resulting applicable state:Installed
2026-10-04 06:41:50, Info                  DISM   DISM Package Manager: PID=2160 TID=6612 Package Microsoft-Windows-Notepad-FoD-Package~31bf3856ad364e35~amd64~~10.0.19041.1 with CBS state 7(CbsInstallStateInstalled) being mapped to dism state 5(DISM_INSTALL_STATE_INSTALLED) - CDISMPackage::LogInstallStateMapping
2026-10-04 06:41:50, Info                  CBS    Appl: Evaluating package applicability for package Microsoft-Windows-Notepad-FoD-Package~31bf3856ad364e35~wow64~en-US~10.0.19041.1, applicable state: Installed
2026-10-04 06:41:50, Info                  CBS    External EvaluateApplicability, package: Microsoft-Windows-Notepad-FoD-Package~31bf3856ad364e35~wow64~en-US~10.0.19041.1, package applicable State: Installed, highest update applicable state: Installed, resulting applicable state:Installed
2026-10-04 06:41:50, Info                  DISM   DISM Package Manager: PID=2160 TID=6612 Package Microsoft-Windows-Notepad-FoD-Package~31bf3856ad364e35~wow64~en-US~10.0.19041.1 with CBS state 7(CbsInstallStateInstalled) being mapped to dism state 5(DISM_INSTALL_STATE_INSTALLED) - CDISMPackage::LogInstallStateMapping
2026-10-04 06:41:50, Info                  CBS    Appl: Evaluating package applicability for package Microsoft-Windows-Notepad-FoD-Package~31bf3856ad364e35~wow64~~10.0.19041.1, applicable state: Installed
2026-10-04 06:41:50, Info                  CBS    External EvaluateApplicability, package: Microsoft-Windows-Notepad-FoD-Package~31bf3856ad364e35~wow64~~10.0.19041.1, package applicable State: Installed, highest update applicable state: Installed, resulting applicable state:Installed
2026-10-04 06:41:50, Info                  DISM   DISM Package Manager: PID=2160 TID=6612 Package Microsoft-Windows-Notepad-FoD-Package~31bf3856ad364e35~wow64~~10.0.19041.1 with CBS state 7(CbsInstallStateInstalled) being mapped to dism state 5(DISM_INSTALL_STATE_INSTALLED) - CDISMPackage::LogInstallStateMapping
2026-10-04 06:41:50, Info                  CBS    Appl: Evaluating package applicability for package Microsoft-Windows-PowerShell-ISE-FOD-Package~31bf3856ad364e35~amd64~en-US~10.0.19041.1, applicable state: Installed
2026-10-04 06:41:50, Info                  CBS    External EvaluateApplicability, package: Microsoft-Windows-PowerShell-ISE-FOD-Package~31bf3856ad364e35~amd64~en-US~10.0.19041.1, package applicable State: Installed, highest update applicable state: Installed, resulting applicable state:Installed
2026-10-04 06:41:50, Info                  DISM   DISM Package Manager: PID=2160 TID=6612 Package Microsoft-Windows-PowerShell-ISE-FOD-Package~31bf3856ad364e35~amd64~en-US~10.0.19041.1 with CBS state 7(CbsInstallStateInstalled) being mapped to dism state 5(DISM_INSTALL_STATE_INSTALLED) - CDISMPackage::LogInstallStateMapping
2026-10-04 06:41:50, Info                  CBS    Appl: detect Parent, Package: Microsoft-Windows-PowerShell-ISE-FOD-Package~31bf3856ad364e35~amd64~~10.0.19041.1, Parent: Microsoft-Windows-Client-Features-Package~31bf3856ad364e35~amd64~~10.0.19041.1, Disposition = Detect, VersionComp: EQ, BuildComp: GE, RevisionComp: GE, Exist: present
2026-10-04 06:41:50, Info                  CBS    Appl: detectParent: parent found: Microsoft-Windows-Client-Features-Package~31bf3856ad364e35~amd64~~10.0.19041.1, state: Installed
2026-10-04 06:41:50, Info                  CBS    Appl: Evaluating package applicability for package Microsoft-Windows-PowerShell-ISE-FOD-Package~31bf3856ad364e35~amd64~~10.0.19041.1, applicable state: Installed
2026-10-04 06:41:50, Info                  CBS    External EvaluateApplicability, package: Microsoft-Windows-PowerShell-ISE-FOD-Package~31bf3856ad364e35~amd64~~10.0.19041.1, package applicable State: Installed, highest update applicable state: Installed, resulting applicable state:Installed
2026-10-04 06:41:50, Info                  DISM   DISM Package Manager: PID=2160 TID=6612 Package Microsoft-Windows-PowerShell-ISE-FOD-Package~31bf3856ad364e35~amd64~~10.0.19041.1 with CBS state 7(CbsInstallStateInstalled) being mapped to dism state 5(DISM_INSTALL_STATE_INSTALLED) - CDISMPackage::LogInstallStateMapping
2026-10-04 06:41:50, Info                  CBS    Appl: Evaluating package applicability for package Microsoft-Windows-PowerShell-ISE-FOD-Package~31bf3856ad364e35~wow64~en-US~10.0.19041.1, applicable state: Installed
2026-10-04 06:41:50, Info                  CBS    External EvaluateApplicability, package: Microsoft-Windows-PowerShell-ISE-FOD-Package~31bf3856ad364e35~wow64~en-US~10.0.19041.1, package applicable State: Installed, highest update applicable state: Installed, resulting applicable state:Installed
2026-10-04 06:41:50, Info                  DISM   DISM Package Manager: PID=2160 TID=6612 Package Microsoft-Windows-PowerShell-ISE-FOD-Package~31bf3856ad364e35~wow64~en-US~10.0.19041.1 with CBS state 7(CbsInstallStateInstalled) being mapped to dism state 5(DISM_INSTALL_STATE_INSTALLED) - CDISMPackage::LogInstallStateMapping
2026-10-04 06:41:50, Info                  CBS    Appl: Evaluating package applicability for package Microsoft-Windows-PowerShell-ISE-FOD-Package~31bf3856ad364e35~wow64~~10.0.19041.1, applicable state: Installed
2026-10-04 06:41:50, Info                  CBS    External EvaluateApplicability, package: Microsoft-Windows-PowerShell-ISE-FOD-Package~31bf3856ad364e35~wow64~~10.0.19041.1, package applicable State: Installed, highest update applicable state: Installed, resulting applicable state:Installed
2026-10-04 06:41:50, Info                  DISM   DISM Package Manager: PID=2160 TID=6612 Package Microsoft-Windows-PowerShell-ISE-FOD-Package~31bf3856ad364e35~wow64~~10.0.19041.1 with CBS state 7(CbsInstallStateInstalled) being mapped to dism state 5(DISM_INSTALL_STATE_INSTALLED) - CDISMPackage::LogInstallStateMapping
2026-10-04 06:41:50, Info                  CBS    Appl: Evaluating package applicability for package Microsoft-Windows-Printing-PMCPPC-FoD-Package~31bf3856ad364e35~amd64~en-US~10.0.19041.1, applicable state: Installed
2026-10-04 06:41:50, Info                  CBS    External EvaluateApplicability, package: Microsoft-Windows-Printing-PMCPPC-FoD-Package~31bf3856ad364e35~amd64~en-US~10.0.19041.1, package applicable State: Installed, highest update applicable state: Installed, resulting applicable state:Installed
2026-10-04 06:41:50, Info                  DISM   DISM Package Manager: PID=2160 TID=6612 Package Microsoft-Windows-Printing-PMCPPC-FoD-Package~31bf3856ad364e35~amd64~en-US~10.0.19041.1 with CBS state 7(CbsInstallStateInstalled) being mapped to dism state 5(DISM_INSTALL_STATE_INSTALLED) - CDISMPackage::LogInstallStateMapping
2026-10-04 06:41:50, Info                  CBS    Appl: detect Parent, Package: Microsoft-Windows-Printing-PMCPPC-FoD-Package~31bf3856ad364e35~amd64~~10.0.19041.1, Parent: Microsoft-Windows-Enterprise-Desktop-Shared-Package~31bf3856ad364e35~amd64~~10.0.0.0, Disposition = Detect, VersionComp: EQ, BuildComp: GE, RevisionComp: GE, Exist: present
2026-10-04 06:41:50, Info                  CBS    Appl: detectParent: parent found: Microsoft-Windows-Enterprise-Desktop-Shared-Package~31bf3856ad364e35~amd64~~10.0.19041.1, state: Installed
2026-10-04 06:41:50, Info                  CBS    Appl: Evaluating package applicability for package Microsoft-Windows-Printing-PMCPPC-FoD-Package~31bf3856ad364e35~amd64~~10.0.19041.1, applicable state: Installed
2026-10-04 06:41:50, Info                  CBS    External EvaluateApplicability, package: Microsoft-Windows-Printing-PMCPPC-FoD-Package~31bf3856ad364e35~amd64~~10.0.19041.1, package applicable State: Installed, highest update applicable state: Installed, resulting applicable state:Installed
2026-10-04 06:41:50, Info                  DISM   DISM Package Manager: PID=2160 TID=6612 Package Microsoft-Windows-Printing-PMCPPC-FoD-Package~31bf3856ad364e35~amd64~~10.0.19041.1 with CBS state 7(CbsInstallStateInstalled) being mapped to dism state 5(DISM_INSTALL_STATE_INSTALLED) - CDISMPackage::LogInstallStateMapping
2026-10-04 06:41:50, Info                  CBS    Appl: Evaluating package applicability for package Microsoft-Windows-Printing-WFS-FoD-Package~31bf3856ad364e35~amd64~en-US~10.0.19041.1, applicable state: Installed
2026-10-04 06:41:50, Info                  CBS    External EvaluateApplicability, package: Microsoft-Windows-Printing-WFS-FoD-Package~31bf3856ad364e35~amd64~en-US~10.0.19041.1, package applicable State: Installed, highest update applicable state: Installed, resulting applicable state:Installed
2026-10-04 06:41:50, Info                  DISM   DISM Package Manager: PID=2160 TID=6612 Package Microsoft-Windows-Printing-WFS-FoD-Package~31bf3856ad364e35~amd64~en-US~10.0.19041.1 with CBS state 7(CbsInstallStateInstalled) being mapped to dism state 5(DISM_INSTALL_STATE_INSTALLED) - CDISMPackage::LogInstallStateMapping
2026-10-04 06:41:50, Info                  CBS    Appl: detect Parent, Package: Microsoft-Windows-Printing-WFS-FoD-Package~31bf3856ad364e35~amd64~~10.0.19041.1, Parent: Microsoft-Windows-Printing-Foundation-Package~31bf3856ad364e35~amd64~~10.0.0.0, Disposition = Detect, VersionComp: EQ, BuildComp: GE, RevisionComp: GE, Exist: present
2026-10-04 06:41:50, Info                  CBS    Appl: detectParent: parent found: Microsoft-Windows-Printing-Foundation-Package~31bf3856ad364e35~amd64~~10.0.19041.1, state: Installed
2026-10-04 06:41:50, Info                  CBS    Appl: Evaluating package applicability for package Microsoft-Windows-Printing-WFS-FoD-Package~31bf3856ad364e35~amd64~~10.0.19041.1, applicable state: Installed
2026-10-04 06:41:50, Info                  CBS    External EvaluateApplicability, package: Microsoft-Windows-Printing-WFS-FoD-Package~31bf3856ad364e35~amd64~~10.0.19041.1, package applicable State: Installed, highest update applicable state: Installed, resulting applicable state:Installed
2026-10-04 06:41:50, Info                  DISM   DISM Package Manager: PID=2160 TID=6612 Package Microsoft-Windows-Printing-WFS-FoD-Package~31bf3856ad364e35~amd64~~10.0.19041.1 with CBS state 7(CbsInstallStateInstalled) being mapped to dism state 5(DISM_INSTALL_STATE_INSTALLED) - CDISMPackage::LogInstallStateMapping
2026-10-04 06:41:50, Info                  CBS    Appl: detect Parent, Package: Microsoft-Windows-QuickAssist-Package~31bf3856ad364e35~amd64~~10.0.19041.1, Parent: Microsoft-Windows-Client-Features-Package~31bf3856ad364e35~amd64~~10.0.19041.1, Disposition = Detect, VersionComp: EQ, BuildComp: GE, RevisionComp: GE, Exist: present
2026-10-04 06:41:50, Info                  CBS    Appl: detectParent: parent found: Microsoft-Windows-Client-Features-Package~31bf3856ad364e35~amd64~~10.0.19041.1, state: Installed
2026-10-04 06:41:50, Info                  CBS    Appl: Evaluating package applicability for package Microsoft-Windows-QuickAssist-Package~31bf3856ad364e35~amd64~~10.0.19041.1, applicable state: Installed
2026-10-04 06:41:50, Info                  CBS    External EvaluateApplicability, package: Microsoft-Windows-QuickAssist-Package~31bf3856ad364e35~amd64~~10.0.19041.1, package applicable State: Installed, highest update applicable state: Installed, resulting applicable state:Installed
2026-10-04 06:41:50, Info                  DISM   DISM Package Manager: PID=2160 TID=6612 Package Microsoft-Windows-QuickAssist-Package~31bf3856ad364e35~amd64~~10.0.19041.1 with CBS state 7(CbsInstallStateInstalled) being mapped to dism state 5(DISM_INSTALL_STATE_INSTALLED) - CDISMPackage::LogInstallStateMapping
2026-10-04 06:41:50, Info                  CBS    Appl: Evaluating package applicability for package Microsoft-Windows-StepsRecorder-Package~31bf3856ad364e35~amd64~en-US~10.0.19041.1, applicable state: Installed
2026-10-04 06:41:50, Info                  CBS    External EvaluateApplicability, package: Microsoft-Windows-StepsRecorder-Package~31bf3856ad364e35~amd64~en-US~10.0.19041.1, package applicable State: Installed, highest update applicable state: Installed, resulting applicable state:Installed
2026-10-04 06:41:50, Info                  DISM   DISM Package Manager: PID=2160 TID=6612 Package Microsoft-Windows-StepsRecorder-Package~31bf3856ad364e35~amd64~en-US~10.0.19041.1 with CBS state 7(CbsInstallStateInstalled) being mapped to dism state 5(DISM_INSTALL_STATE_INSTALLED) - CDISMPackage::LogInstallStateMapping
2026-10-04 06:41:50, Info                  CBS    Appl: Evaluating package applicability for package Microsoft-Windows-StepsRecorder-Package~31bf3856ad364e35~amd64~~10.0.19041.1, applicable state: Installed
2026-10-04 06:41:50, Info                  CBS    External EvaluateApplicability, package: Microsoft-Windows-StepsRecorder-Package~31bf3856ad364e35~amd64~~10.0.19041.1, package applicable State: Installed, highest update applicable state: Installed, resulting applicable state:Installed
2026-10-04 06:41:50, Info                  DISM   DISM Package Manager: PID=2160 TID=6612 Package Microsoft-Windows-StepsRecorder-Package~31bf3856ad364e35~amd64~~10.0.19041.1 with CBS state 7(CbsInstallStateInstalled) being mapped to dism state 5(DISM_INSTALL_STATE_INSTALLED) - CDISMPackage::LogInstallStateMapping
2026-10-04 06:41:50, Info                  CBS    Appl: Evaluating package applicability for package Microsoft-Windows-StepsRecorder-Package~31bf3856ad364e35~wow64~en-US~10.0.19041.1, applicable state: Installed
2026-10-04 06:41:50, Info                  CBS    External EvaluateApplicability, package: Microsoft-Windows-StepsRecorder-Package~31bf3856ad364e35~wow64~en-US~10.0.19041.1, package applicable State: Installed, highest update applicable state: Installed, resulting applicable state:Installed
2026-10-04 06:41:50, Info                  DISM   DISM Package Manager: PID=2160 TID=6612 Package Microsoft-Windows-StepsRecorder-Package~31bf3856ad364e35~wow64~en-US~10.0.19041.1 with CBS state 7(CbsInstallStateInstalled) being mapped to dism state 5(DISM_INSTALL_STATE_INSTALLED) - CDISMPackage::LogInstallStateMapping
2026-10-04 06:41:50, Info                  CBS    Appl: Evaluating package applicability for package Microsoft-Windows-StepsRecorder-Package~31bf3856ad364e35~wow64~~10.0.19041.1, applicable state: Installed
2026-10-04 06:41:50, Info                  CBS    External EvaluateApplicability, package: Microsoft-Windows-StepsRecorder-Package~31bf3856ad364e35~wow64~~10.0.19041.1, package applicable State: Installed, highest update applicable state: Installed, resulting applicable state:Installed
2026-10-04 06:41:50, Info                  DISM   DISM Package Manager: PID=2160 TID=6612 Package Microsoft-Windows-StepsRecorder-Package~31bf3856ad364e35~wow64~~10.0.19041.1 with CBS state 7(CbsInstallStateInstalled) being mapped to dism state 5(DISM_INSTALL_STATE_INSTALLED) - CDISMPackage::LogInstallStateMapping
2026-10-04 06:41:50, Info                  CBS    Appl: Evaluating package applicability for package Microsoft-Windows-TabletPCMath-Package~31bf3856ad364e35~amd64~~10.0.19041.1, applicable state: Installed
2026-10-04 06:41:50, Info                  CBS    External EvaluateApplicability, package: Microsoft-Windows-TabletPCMath-Package~31bf3856ad364e35~amd64~~10.0.19041.1, package applicable State: Installed, highest update applicable state: Installed, resulting applicable state:Installed
2026-10-04 06:41:50, Info                  DISM   DISM Package Manager: PID=2160 TID=6612 Package Microsoft-Windows-TabletPCMath-Package~31bf3856ad364e35~amd64~~10.0.19041.1 with CBS state 7(CbsInstallStateInstalled) being mapped to dism state 5(DISM_INSTALL_STATE_INSTALLED) - CDISMPackage::LogInstallStateMapping
2026-10-04 06:41:50, Info                  CBS    Appl: Evaluating package applicability for package Microsoft-Windows-UserExperience-Desktop-Package~31bf3856ad364e35~amd64~~10.0.19041.1, applicable state: Installed
2026-10-04 06:41:50, Info                  CBS    External EvaluateApplicability, package: Microsoft-Windows-UserExperience-Desktop-Package~31bf3856ad364e35~amd64~~10.0.19041.1, package applicable State: Installed, highest update applicable state: Installed, resulting applicable state:Installed
2026-10-04 06:41:50, Info                  DISM   DISM Package Manager: PID=2160 TID=6612 Package Microsoft-Windows-UserExperience-Desktop-Package~31bf3856ad364e35~amd64~~10.0.19041.1 with CBS state 7(CbsInstallStateInstalled) being mapped to dism state 5(DISM_INSTALL_STATE_INSTALLED) - CDISMPackage::LogInstallStateMapping
2026-10-04 06:41:50, Info                  CBS    Appl: Evaluating package applicability for package Microsoft-Windows-WordPad-FoD-Package~31bf3856ad364e35~amd64~en-US~10.0.19041.1, applicable state: Installed
2026-10-04 06:41:50, Info                  CBS    External EvaluateApplicability, package: Microsoft-Windows-WordPad-FoD-Package~31bf3856ad364e35~amd64~en-US~10.0.19041.1, package applicable State: Installed, highest update applicable state: Installed, resulting applicable state:Installed
2026-10-04 06:41:50, Info                  DISM   DISM Package Manager: PID=2160 TID=6612 Package Microsoft-Windows-WordPad-FoD-Package~31bf3856ad364e35~amd64~en-US~10.0.19041.1 with CBS state 7(CbsInstallStateInstalled) being mapped to dism state 5(DISM_INSTALL_STATE_INSTALLED) - CDISMPackage::LogInstallStateMapping
2026-10-04 06:41:50, Info                  CBS    Appl: Evaluating package applicability for package Microsoft-Windows-WordPad-FoD-Package~31bf3856ad364e35~amd64~~10.0.19041.1, applicable state: Installed
2026-10-04 06:41:50, Info                  CBS    External EvaluateApplicability, package: Microsoft-Windows-WordPad-FoD-Package~31bf3856ad364e35~amd64~~10.0.19041.1, package applicable State: Installed, highest update applicable state: Installed, resulting applicable state:Installed
2026-10-04 06:41:50, Info                  DISM   DISM Package Manager: PID=2160 TID=6612 Package Microsoft-Windows-WordPad-FoD-Package~31bf3856ad364e35~amd64~~10.0.19041.1 with CBS state 7(CbsInstallStateInstalled) being mapped to dism state 5(DISM_INSTALL_STATE_INSTALLED) - CDISMPackage::LogInstallStateMapping
2026-10-04 06:41:50, Info                  CBS    Appl: Evaluating package applicability for package Microsoft-Windows-WordPad-FoD-Package~31bf3856ad364e35~wow64~en-US~10.0.19041.1, applicable state: Installed
2026-10-04 06:41:50, Info                  CBS    External EvaluateApplicability, package: Microsoft-Windows-WordPad-FoD-Package~31bf3856ad364e35~wow64~en-US~10.0.19041.1, package applicable State: Installed, highest update applicable state: Installed, resulting applicable state:Installed
2026-10-04 06:41:50, Info                  DISM   DISM Package Manager: PID=2160 TID=6612 Package Microsoft-Windows-WordPad-FoD-Package~31bf3856ad364e35~wow64~en-US~10.0.19041.1 with CBS state 7(CbsInstallStateInstalled) being mapped to dism state 5(DISM_INSTALL_STATE_INSTALLED) - CDISMPackage::LogInstallStateMapping
2026-10-04 06:41:50, Info                  CBS    Appl: Evaluating package applicability for package Microsoft-Windows-WordPad-FoD-Package~31bf3856ad364e35~wow64~~10.0.19041.1, applicable state: Installed
2026-10-04 06:41:50, Info                  CBS    External EvaluateApplicability, package: Microsoft-Windows-WordPad-FoD-Package~31bf3856ad364e35~wow64~~10.0.19041.1, package applicable State: Installed, highest update applicable state: Installed, resulting applicable state:Installed
2026-10-04 06:41:50, Info                  DISM   DISM Package Manager: PID=2160 TID=6612 Package Microsoft-Windows-WordPad-FoD-Package~31bf3856ad364e35~wow64~~10.0.19041.1 with CBS state 7(CbsInstallStateInstalled) being mapped to dism state 5(DISM_INSTALL_STATE_INSTALLED) - CDISMPackage::LogInstallStateMapping
2026-10-04 06:41:50, Info                  CBS    Appl: detect Parent, Package: OpenSSH-Client-Package~31bf3856ad364e35~amd64~~10.0.19041.1, Parent: Microsoft-NanoServer-Edition-Core-Package~31bf3856ad364e35~amd64~~10.0.0.0, Disposition = Detect, VersionComp: EQ, BuildComp: GE, RevisionComp: GE, Exist: present
2026-10-04 06:41:50, Info                  CBS    Appl: detectParent: no parent found, go absent
2026-10-04 06:41:50, Info                  CBS    Appl: detect Parent, Package: OpenSSH-Client-Package~31bf3856ad364e35~amd64~~10.0.19041.1, Parent: Microsoft-Windows-Client-Features-Package~31bf3856ad364e35~amd64~~10.0.19041.1, Disposition = Detect, VersionComp: EQ, BuildComp: GE, RevisionComp: GE, Exist: present
2026-10-04 06:41:50, Info                  CBS    Appl: detectParent: parent found: Microsoft-Windows-Client-Features-Package~31bf3856ad364e35~amd64~~10.0.19041.1, state: Installed
2026-10-04 06:41:50, Info                  CBS    Appl: Evaluating package applicability for package OpenSSH-Client-Package~31bf3856ad364e35~amd64~~10.0.19041.1, applicable state: Installed
2026-10-04 06:41:50, Info                  CBS    External EvaluateApplicability, package: OpenSSH-Client-Package~31bf3856ad364e35~amd64~~10.0.19041.1, package applicable State: Installed, highest update applicable state: Installed, resulting applicable state:Installed
2026-10-04 06:41:50, Info                  DISM   DISM Package Manager: PID=2160 TID=6612 Package OpenSSH-Client-Package~31bf3856ad364e35~amd64~~10.0.19041.1 with CBS state 7(CbsInstallStateInstalled) being mapped to dism state 5(DISM_INSTALL_STATE_INSTALLED) - CDISMPackage::LogInstallStateMapping
2026-10-04 06:41:50, Info                  DISM   DISM Provider Store: PID=2160 TID=6612 Found the OSServices.  Waiting to finalize it until all other providers are unloaded. - CDISMProviderStore::Final_OnDisconnect
2026-10-04 06:41:50, Info                  DISM   DISM Provider Store: PID=2160 TID=6612 Found the OSServices.  Waiting to finalize it until all other providers are unloaded. - CDISMProviderStore::Final_OnDisconnect
2026-10-04 06:41:50, Info                  DISM   DISM Provider Store: PID=2160 TID=6612 Found the PE Provider.  Waiting to finalize it until all other providers are unloaded. - CDISMProviderStore::Final_OnDisconnect
2026-10-04 06:41:50, Info                  DISM   DISM Provider Store: PID=2160 TID=6612 Finalizing the servicing provider(DISM Package Manager) - CDISMProviderStore::Internal_DisconnectProvider
2026-10-04 06:41:50, Info                  CBS    Force unloading offline registry hive: {bf1a281b-ad7b-4476-ac95-f47682990ce7}C:/wim-uup-validation-1791090913159215058/servicing-fixed/mount/Windows/System32/config/SOFTWARE
2026-10-04 06:41:50, Info                  CBS    Force unloading offline registry hive: {bf1a281b-ad7b-4476-ac95-f47682990ce7}C:/wim-uup-validation-1791090913159215058/servicing-fixed/mount/Windows/System32/config/SYSTEM
2026-10-04 06:41:50, Info                  CBS    Force unloading offline registry hive: {bf1a281b-ad7b-4476-ac95-f47682990ce7}C:/wim-uup-validation-1791090913159215058/servicing-fixed/mount/Windows/System32/config/SECURITY
2026-10-04 06:41:50, Info                  CBS    Force unloading offline registry hive: {bf1a281b-ad7b-4476-ac95-f47682990ce7}C:/wim-uup-validation-1791090913159215058/servicing-fixed/mount/Windows/System32/config/SAM
2026-10-04 06:41:50, Info                  CBS    Force unloading offline registry hive: {bf1a281b-ad7b-4476-ac95-f47682990ce7}C:/wim-uup-validation-1791090913159215058/servicing-fixed/mount/Windows/System32/config/COMPONENTS
2026-10-04 06:41:50, Info                  CBS    Force unloading offline registry hive: {bf1a281b-ad7b-4476-ac95-f47682990ce7}C:/wim-uup-validation-1791090913159215058/servicing-fixed/mount/Windows/System32/config/DRIVERS
2026-10-04 06:41:51, Info                  CBS    Force unloading offline registry hive: {bf1a281b-ad7b-4476-ac95-f47682990ce7}C:/wim-uup-validation-1791090913159215058/servicing-fixed/mount/Windows/System32/config/DEFAULT
2026-10-04 06:41:51, Info                  CBS    Force unloading offline registry hive: {bf1a281b-ad7b-4476-ac95-f47682990ce7}C:/wim-uup-validation-1791090913159215058/servicing-fixed/mount/Users/Default/ntuser.dat
2026-10-04 06:41:51, Info                  CBS    Force unloading offline registry hive: {bf1a281b-ad7b-4476-ac95-f47682990ce7}C:/wim-uup-validation-1791090913159215058/servicing-fixed/mount/Windows/system32/smi/store/Machine/schema.dat
2026-10-04 06:41:51, Info                  CSI    00000003 Direct SIL provider: Number of files opened: 4.
2026-10-04 06:41:51, Info                  DISM   DISM Package Manager: PID=2160 TID=6612 Finalizing CBS core. - CDISMPackageManager::Finalize
2026-10-04 06:41:51, Info                  CBS    CbsCoreFinalize: ExecutionEngineFinalize
2026-10-04 06:41:51, Info                  CBS    Execution Engine Finalize
2026-10-04 06:41:51, Info                  CBS    Execution Engine Finalize
2026-10-04 06:41:51, Info                  CBS    CbsCoreFinalize: ComponentAnalyzerFinalize
2026-10-04 06:41:51, Info                  CBS    CbsCoreFinalize: PackageTrackerFinalize
2026-10-04 06:41:51, Info                  CBS    CbsCoreFinalize: CoreResourcesUnload
2026-10-04 06:41:51, Info                  CBS    CbsCoreFinalize: SessionManagerFinalize
2026-10-04 06:41:51, Info                  CBS    Lock: Lock removed: CSIInventoryCriticalSection, level: 64, total lock:10
2026-10-04 06:41:51, Info                  CBS    Lock: Lock removed: CCbsSessionManager, level: 11, total lock:9
2026-10-04 06:41:51, Info                  CBS    CbsCoreFinalize: CapabilityManagerFinalize
2026-10-04 06:41:51, Info                  CBS    CbsCoreFinalize: GetPublicObjectMonitor::Audit
2026-10-04 06:41:51, Info                  CBS    CbsCoreFinalize: PublicObjectMonitorFinalize
2026-10-04 06:41:51, Info                  CBS    CbsCoreFinalize: Enter vCoreInitializeLock
2026-10-04 06:41:51, Info                  CBS    CbsCoreFinalize: WcpUnload
2026-10-04 06:41:51, Info                  CBS    CbsCoreFinalize: DrupUnload
2026-10-04 06:41:51, Info                  CBS    CbsCoreFinalize: CfgMgr32Unload
2026-10-04 06:41:51, Info                  CBS    CbsCoreFinalize: DpxUnload
2026-10-04 06:41:51, Info                  CBS    CbsCoreFinalize: SrUnload
2026-10-04 06:41:51, Info                  CBS    CbsCoreFinalize: CbsEsdUnload
2026-10-04 06:41:51, Info                  CBS    CbsCoreFinalize: CbsTraceInfoUninitialize
2026-10-04 06:41:51, Info                  CBS    CbsCoreFinalize: CbsEventUnregister
2026-10-04 06:41:51, Info                  CBS    CbsCoreFinalize: AppContainerUnload
2026-10-04 06:41:51, Info                  CBS    CbsCoreFinalize: WdsUnload, logging from cbscore will end.
2026-10-04 06:41:51, Info                  DISM   DISM Provider Store: PID=2160 TID=6612 Disconnecting Provider: DISM Package Manager - CDISMProviderStore::Internal_DisconnectProvider
2026-10-04 06:41:51, Info                  DISM   DISM Provider Store: PID=2160 TID=6612 Finalizing the servicing provider(MsiManager) - CDISMProviderStore::Internal_DisconnectProvider
2026-10-04 06:41:51, Info                  DISM   DISM Provider Store: PID=2160 TID=6612 Disconnecting Provider: MsiManager - CDISMProviderStore::Internal_DisconnectProvider
2026-10-04 06:41:51, Info                  DISM   DISM Provider Store: PID=2160 TID=6612 Finalizing the servicing provider(IntlManager) - CDISMProviderStore::Internal_DisconnectProvider
2026-10-04 06:41:51, Info                  DISM   DISM Provider Store: PID=2160 TID=6612 Disconnecting Provider: IntlManager - CDISMProviderStore::Internal_DisconnectProvider
2026-10-04 06:41:51, Info                  DISM   DISM Provider Store: PID=2160 TID=6612 Finalizing the servicing provider(IBSManager) - CDISMProviderStore::Internal_DisconnectProvider
2026-10-04 06:41:51, Info                  DISM   DISM Provider Store: PID=2160 TID=6612 Disconnecting Provider: IBSManager - CDISMProviderStore::Internal_DisconnectProvider
2026-10-04 06:41:51, Info                  DISM   DISM Provider Store: PID=2160 TID=6612 Finalizing the servicing provider(DriverManager) - CDISMProviderStore::Internal_DisconnectProvider
2026-10-04 06:41:51, Info                  DISM   DISM Provider Store: PID=2160 TID=6612 Disconnecting Provider: DriverManager - CDISMProviderStore::Internal_DisconnectProvider
2026-10-04 06:41:51, Info                  DISM   DISM Provider Store: PID=2160 TID=6612 Finalizing the servicing provider(DISM Unattend Manager) - CDISMProviderStore::Internal_DisconnectProvider
2026-10-04 06:41:51, Info                  DISM   DISM Provider Store: PID=2160 TID=6612 Disconnecting Provider: DISM Unattend Manager - CDISMProviderStore::Internal_DisconnectProvider
2026-10-04 06:41:51, Info                  DISM   DISM Provider Store: PID=2160 TID=6612 Finalizing the servicing provider(SmiManager) - CDISMProviderStore::Internal_DisconnectProvider
2026-10-04 06:41:51, Info                  DISM   DISM Provider Store: PID=2160 TID=6612 Disconnecting Provider: SmiManager - CDISMProviderStore::Internal_DisconnectProvider
2026-10-04 06:41:51, Info                  DISM   DISM Provider Store: PID=2160 TID=6612 Finalizing the servicing provider(AppxManager) - CDISMProviderStore::Internal_DisconnectProvider
2026-10-04 06:41:51, Info                  DISM   DISM Provider Store: PID=2160 TID=6612 Disconnecting Provider: AppxManager - CDISMProviderStore::Internal_DisconnectProvider
2026-10-04 06:41:51, Info                  DISM   DISM Provider Store: PID=2160 TID=6612 Finalizing the servicing provider(ProvManager) - CDISMProviderStore::Internal_DisconnectProvider
2026-10-04 06:41:51, Info                  DISM   DISM Provider Store: PID=2160 TID=6612 Disconnecting Provider: ProvManager - CDISMProviderStore::Internal_DisconnectProvider
2026-10-04 06:41:51, Info                  DISM   DISM Provider Store: PID=2160 TID=6612 Finalizing the servicing provider(AssocManager) - CDISMProviderStore::Internal_DisconnectProvider
2026-10-04 06:41:51, Info                  DISM   DISM Provider Store: PID=2160 TID=6612 Disconnecting Provider: AssocManager - CDISMProviderStore::Internal_DisconnectProvider
2026-10-04 06:41:51, Info                  DISM   DISM Provider Store: PID=2160 TID=6612 Finalizing the servicing provider(GenericManager) - CDISMProviderStore::Internal_DisconnectProvider
2026-10-04 06:41:51, Info                  DISM   DISM Provider Store: PID=2160 TID=6612 Disconnecting Provider: GenericManager - CDISMProviderStore::Internal_DisconnectProvider
2026-10-04 06:41:51, Info                  DISM   DISM Provider Store: PID=2160 TID=6612 Finalizing the servicing provider(OfflineSetupManager) - CDISMProviderStore::Internal_DisconnectProvider
2026-10-04 06:41:51, Info                  DISM   DISM Provider Store: PID=2160 TID=6612 Disconnecting Provider: OfflineSetupManager - CDISMProviderStore::Internal_DisconnectProvider
2026-10-04 06:41:51, Info                  DISM   DISM Provider Store: PID=2160 TID=6612 Finalizing the servicing provider(SysprepManager) - CDISMProviderStore::Internal_DisconnectProvider
2026-10-04 06:41:51, Info                  DISM   DISM Provider Store: PID=2160 TID=6612 Disconnecting Provider: SysprepManager - CDISMProviderStore::Internal_DisconnectProvider
2026-10-04 06:41:51, Info                  DISM   DISM Provider Store: PID=2160 TID=6612 Finalizing the servicing provider(Edition Manager) - CDISMProviderStore::Internal_DisconnectProvider
2026-10-04 06:41:51, Info                  DISM   DISM Provider Store: PID=2160 TID=6612 Disconnecting Provider: Edition Manager - CDISMProviderStore::Internal_DisconnectProvider
2026-10-04 06:41:51, Info                  DISM   DISM Provider Store: PID=2160 TID=6612 Finalizing the servicing provider(SetupPlatformManager) - CDISMProviderStore::Internal_DisconnectProvider
2026-10-04 06:41:51, Info                  DISM   DISM Provider Store: PID=2160 TID=6612 Disconnecting Provider: SetupPlatformManager - CDISMProviderStore::Internal_DisconnectProvider
2026-10-04 06:41:51, Info                  DISM   DISM Provider Store: PID=2160 TID=6612 Releasing the local reference to OSServices. - CDISMProviderStore::Internal_DisconnectProvider
2026-10-04 06:41:51, Info                  DISM   DISM Provider Store: PID=2160 TID=6612 Disconnecting Provider: OSServices - CDISMProviderStore::Internal_DisconnectProvider
2026-10-04 06:41:51, Info                  DISM   Offline Registry: PID=2160 TID=6612 Hive is not mounted at HKLM\{bf1a281b-ad7b-4476-ac95-f47682990ce7}C:/wim-uup-validation-1791090913159215058/servicing-fixed/mount/Windows/system32/config/SOFTWARE. - CRegistryMapping::Init
2026-10-04 06:41:51, Info                  DISM   Offline Registry: PID=2160 TID=6612 Hive is not mounted at HKLM\{bf1a281b-ad7b-4476-ac95-f47682990ce7}C:/wim-uup-validation-1791090913159215058/servicing-fixed/mount/Windows/system32/config/SYSTEM. - CRegistryMapping::Init
2026-10-04 06:41:51, Info                  DISM   Offline Registry: PID=2160 TID=6612 Hive is not mounted at HKLM\{bf1a281b-ad7b-4476-ac95-f47682990ce7}C:/wim-uup-validation-1791090913159215058/servicing-fixed/mount/Windows/system32/config/SECURITY. - CRegistryMapping::Init
2026-10-04 06:41:51, Info                  DISM   Offline Registry: PID=2160 TID=6612 Hive is not mounted at HKLM\{bf1a281b-ad7b-4476-ac95-f47682990ce7}C:/wim-uup-validation-1791090913159215058/servicing-fixed/mount/Windows/system32/config/SAM. - CRegistryMapping::Init
2026-10-04 06:41:51, Info                  DISM   Offline Registry: PID=2160 TID=6612 Hive is not mounted at HKLM\{bf1a281b-ad7b-4476-ac95-f47682990ce7}C:/wim-uup-validation-1791090913159215058/servicing-fixed/mount/Windows/system32/config/DEFAULT. - CRegistryMapping::Init
2026-10-04 06:41:51, Info                  DISM   Offline Registry: PID=2160 TID=6612 Hive is not mounted at HKLM\{bf1a281b-ad7b-4476-ac95-f47682990ce7}C:/wim-uup-validation-1791090913159215058/servicing-fixed/mount/Users/Default/NTUSER.DAT. - CRegistryMapping::Init
2026-10-04 06:41:51, Info                  DISM   Offline Registry: PID=2160 TID=6612 Hive is not mounted at HKLM\{bf1a281b-ad7b-4476-ac95-f47682990ce7}C:/wim-uup-validation-1791090913159215058/servicing-fixed/mount/Windows/system32/config/COMPONENTS. - CRegistryMapping::Init
2026-10-04 06:41:51, Info                  DISM   Offline Registry: PID=2160 TID=6612 Hive is not mounted at HKLM\{bf1a281b-ad7b-4476-ac95-f47682990ce7}C:/wim-uup-validation-1791090913159215058/servicing-fixed/mount/Windows/system32/config/DRIVERS. - CRegistryMapping::Init
2026-10-04 06:41:51, Info                  DISM   DISM OS Provider: PID=2160 TID=6612 Successfully unloaded all registry hives. - CDISMOSServiceManager::Final_OnDisconnect
2026-10-04 06:41:51, Info                  DISM   DISM Provider Store: PID=2160 TID=6612 Releasing the local reference to DISMLogger.  Stop logging. - CDISMProviderStore::Internal_DisconnectProvider
2026-10-04 06:41:51, Info                  DISM   DISM Manager: PID=3308 TID=7356 Closing session event handle 0x2ec - CDISMManager::CleanupImageSessionEntry
2026-10-04 06:41:51, Info                  DISM   DISM Manager: DeletePath: Attempting to obliterate [C:\WINDOWS\SystemTemp\E0C89BFA-E718-41A7-A3C4-316AF31225A0] (final path [\\?\Volume{f8ca6cb5-12a2-470c-bfdf-fe35d8c84a63}\Windows\SystemTemp\E0C89BFA-E718-41A7-A3C4-316AF31225A0]).
2026-10-04 06:41:51, Info                  DISM   DISM.EXE: Image session has been closed. Reboot required=no.
2026-10-04 06:41:51, Info                  DISM   DISM.EXE: 
2026-10-04 06:41:51, Info                  DISM   DISM.EXE: <----- Ending Dism.exe session ----->
2026-10-04 06:41:51, Info                  DISM   DISM.EXE: 
