Microsoft (R) File Expansion Utility
Copyright (c) Microsoft Corporation. All rights reserved.

Adding C:\wim-uup-validation-1791090913159215058\assembly\feature-11\$filehashes$.dat to Extraction Queue
Adding C:\wim-uup-validation-1791090913159215058\assembly\feature-11\amd64_microsoft-windows-m..player-mp3-settings_31bf3856ad364e35_10.0.19041.1_none_6da3b0d400d4b61d.manifest to Extraction Queue
Adding C:\wim-uup-validation-1791090913159215058\assembly\feature-11\amd64_microsoft-windows-m..player-shellpreview_31bf3856ad364e35_10.0.19041.1_none_768ee0b51294e72b\wmprph.exe to Extraction Queue
Adding C:\wim-uup-validation-1791090913159215058\assembly\feature-11\amd64_microsoft-windows-m..player-shellpreview_31bf3856ad364e35_10.0.19041.1_none_768ee0b51294e72b.manifest to Extraction Queue
Adding C:\wim-uup-validation-1791090913159215058\assembly\feature-11\amd64_microsoft-windows-m..player-wmpfileassoc_31bf3856ad364e35_10.0.19041.1_none_0315c831c7a2c8b2.manifest to Extraction Queue
Adding C:\wim-uup-validation-1791090913159215058\assembly\feature-11\amd64_microsoft-windows-media-player_31bf3856ad364e35_10.0.19041.1_none_564e99dc27678a75.manifest to Extraction Queue
Adding C:\wim-uup-validation-1791090913159215058\assembly\feature-11\amd64_microsoft-windows-mediaplayer-autoplay_31bf3856ad364e35_10.0.19041.1_none_d0ebbe21df584658\wmlaunch.exe to Extraction Queue
Adding C:\wim-uup-validation-1791090913159215058\assembly\feature-11\amd64_microsoft-windows-mediaplayer-autoplay_31bf3856ad364e35_10.0.19041.1_none_d0ebbe21df584658.manifest to Extraction Queue
Adding C:\wim-uup-validation-1791090913159215058\assembly\feature-11\amd64_microsoft-windows-mediaplayer-common_31bf3856ad364e35_10.0.19041.1_none_2019901005471812.manifest to Extraction Queue
Adding C:\wim-uup-validation-1791090913159215058\assembly\feature-11\amd64_microsoft-windows-mediaplayer-core_31bf3856ad364e35_10.0.19041.1_none_c15ad0a2ee774010\avtransport.xml to Extraction Queue
Adding C:\wim-uup-validation-1791090913159215058\assembly\feature-11\amd64_microsoft-windows-mediaplayer-core_31bf3856ad364e35_10.0.19041.1_none_c15ad0a2ee774010\connectionmanager_dmr.xml to Extraction Queue
Adding C:\wim-uup-validation-1791090913159215058\assembly\feature-11\amd64_microsoft-windows-mediaplayer-core_31bf3856ad364e35_10.0.19041.1_none_c15ad0a2ee774010\DMR_120.jpg to Extraction Queue
Adding C:\wim-uup-validation-1791090913159215058\assembly\feature-11\amd64_microsoft-windows-mediaplayer-core_31bf3856ad364e35_10.0.19041.1_none_c15ad0a2ee774010\DMR_120.png to Extraction Queue
Adding C:\wim-uup-validation-1791090913159215058\assembly\feature-11\amd64_microsoft-windows-mediaplayer-core_31bf3856ad364e35_10.0.19041.1_none_c15ad0a2ee774010\DMR_48.jpg to Extraction Queue
Adding C:\wim-uup-validation-1791090913159215058\assembly\feature-11\amd64_microsoft-windows-mediaplayer-core_31bf3856ad364e35_10.0.19041.1_none_c15ad0a2ee774010\DMR_48.png to Extraction Queue
Adding C:\wim-uup-validation-1791090913159215058\assembly\feature-11\amd64_microsoft-windows-mediaplayer-core_31bf3856ad364e35_10.0.19041.1_none_c15ad0a2ee774010\dxmasf.dll to Extraction Queue
Adding C:\wim-uup-validation-1791090913159215058\assembly\feature-11\amd64_microsoft-windows-mediaplayer-core_31bf3856ad364e35_10.0.19041.1_none_c15ad0a2ee774010\msdxm.ocx to Extraction Queue
Adding C:\wim-uup-validation-1791090913159215058\assembly\feature-11\amd64_microsoft-windows-mediaplayer-core_31bf3856ad364e35_10.0.19041.1_none_c15ad0a2ee774010\RenderingControl.xml to Extraction Queue
Adding C:\wim-uup-validation-1791090913159215058\assembly\feature-11\amd64_microsoft-windows-mediaplayer-core_31bf3856ad364e35_10.0.19041.1_none_c15ad0a2ee774010\RenderingControl_DMP.xml to Extraction Queue
Adding C:\wim-uup-validation-1791090913159215058\assembly\feature-11\amd64_microsoft-windows-mediaplayer-core_31bf3856ad364e35_10.0.19041.1_none_c15ad0a2ee774010\spwmp.dll to Extraction Queue
Adding C:\wim-uup-validation-1791090913159215058\assembly\feature-11\amd64_microsoft-windows-mediaplayer-core_31bf3856ad364e35_10.0.19041.1_none_c15ad0a2ee774010\wmp.dll to Extraction Queue
Adding C:\wim-uup-validation-1791090913159215058\assembly\feature-11\amd64_microsoft-windows-mediaplayer-core_31bf3856ad364e35_10.0.19041.1_none_c15ad0a2ee774010\wmp.mof to Extraction Queue
Adding C:\wim-uup-validation-1791090913159215058\assembly\feature-11\amd64_microsoft-windows-mediaplayer-core_31bf3856ad364e35_10.0.19041.1_none_c15ad0a2ee774010\wmpconfig.exe to Extraction Queue
Adding C:\wim-uup-validation-1791090913159215058\assembly\feature-11\amd64_microsoft-windows-mediaplayer-core_31bf3856ad364e35_10.0.19041.1_none_c15ad0a2ee774010\wmplayer.exe to Extraction Queue
Adding C:\wim-uup-validation-1791090913159215058\assembly\feature-11\amd64_microsoft-windows-mediaplayer-core_31bf3856ad364e35_10.0.19041.1_none_c15ad0a2ee774010\wmploc.DLL to Extraction Queue
Adding C:\wim-uup-validation-1791090913159215058\assembly\feature-11\amd64_microsoft-windows-mediaplayer-core_31bf3856ad364e35_10.0.19041.1_none_c15ad0a2ee774010\wmploc.DLL.mun to Extraction Queue
Adding C:\wim-uup-validation-1791090913159215058\assembly\feature-11\amd64_microsoft-windows-mediaplayer-core_31bf3856ad364e35_10.0.19041.1_none_c15ad0a2ee774010\wmpshare.exe to Extraction Queue
Adding C:\wim-uup-validation-1791090913159215058\assembly\feature-11\amd64_microsoft-windows-mediaplayer-core_31bf3856ad364e35_10.0.19041.1_none_c15ad0a2ee774010.manifest to Extraction Queue
Adding C:\wim-uup-validation-1791090913159215058\assembly\feature-11\amd64_microsoft-windows-mediaplayer-deployment_31bf3856ad364e35_10.0.19041.1_none_27c7df0ee320eefe.manifest to Extraction Queue
Adding C:\wim-uup-validation-1791090913159215058\assembly\feature-11\amd64_microsoft-windows-mediaplayer-setup_31bf3856ad364e35_10.0.19041.1_none_63e4d70575e86068\setup_wm.exe to Extraction Queue
Adding C:\wim-uup-validation-1791090913159215058\assembly\feature-11\amd64_microsoft-windows-mediaplayer-setup_31bf3856ad364e35_10.0.19041.1_none_63e4d70575e86068\unregmp2.exe to Extraction Queue
Adding C:\wim-uup-validation-1791090913159215058\assembly\feature-11\amd64_microsoft-windows-mediaplayer-setup_31bf3856ad364e35_10.0.19041.1_none_63e4d70575e86068.manifest to Extraction Queue
Adding C:\wim-uup-validation-1791090913159215058\assembly\feature-11\amd64_microsoft-windows-mediaplayer-shortcut_31bf3856ad364e35_10.0.19041.1_none_64c27fc7ed12e401\Windows Media Player.lnk to Extraction Queue
Adding C:\wim-uup-validation-1791090913159215058\assembly\feature-11\amd64_microsoft-windows-mediaplayer-shortcut_31bf3856ad364e35_10.0.19041.1_none_64c27fc7ed12e401.manifest to Extraction Queue
Adding C:\wim-uup-validation-1791090913159215058\assembly\feature-11\amd64_microsoft-windows-mediaplayer-skins_31bf3856ad364e35_10.0.19041.1_none_5f522fad78d050cf\Revert.wmz to Extraction Queue
Adding C:\wim-uup-validation-1791090913159215058\assembly\feature-11\amd64_microsoft-windows-mediaplayer-skins_31bf3856ad364e35_10.0.19041.1_none_5f522fad78d050cf.manifest to Extraction Queue
Adding C:\wim-uup-validation-1791090913159215058\assembly\feature-11\amd64_microsoft-windows-mediaplayer-vis_31bf3856ad364e35_10.0.19041.1_none_26db261662637163\mpvis.DLL to Extraction Queue
Adding C:\wim-uup-validation-1791090913159215058\assembly\feature-11\amd64_microsoft-windows-mediaplayer-vis_31bf3856ad364e35_10.0.19041.1_none_26db261662637163.manifest to Extraction Queue
Adding C:\wim-uup-validation-1791090913159215058\assembly\feature-11\amd64_microsoft-windows-mediaplayer-wmerror_31bf3856ad364e35_10.0.19041.1_none_ed4600715653f40d\wmerror.dll to Extraction Queue
Adding C:\wim-uup-validation-1791090913159215058\assembly\feature-11\amd64_microsoft-windows-mediaplayer-wmerror_31bf3856ad364e35_10.0.19041.1_none_ed4600715653f40d.manifest to Extraction Queue
Adding C:\wim-uup-validation-1791090913159215058\assembly\feature-11\amd64_microsoft-windows-mediaplayer-wmpdxm_31bf3856ad364e35_10.0.19041.1_none_5a2930ddc7290f92\amcompat.tlb to Extraction Queue
Adding C:\wim-uup-validation-1791090913159215058\assembly\feature-11\amd64_microsoft-windows-mediaplayer-wmpdxm_31bf3856ad364e35_10.0.19041.1_none_5a2930ddc7290f92\msdxm.tlb to Extraction Queue
Adding C:\wim-uup-validation-1791090913159215058\assembly\feature-11\amd64_microsoft-windows-mediaplayer-wmpdxm_31bf3856ad364e35_10.0.19041.1_none_5a2930ddc7290f92\wmpdxm.dll to Extraction Queue
Adding C:\wim-uup-validation-1791090913159215058\assembly\feature-11\amd64_microsoft-windows-mediaplayer-wmpdxm_31bf3856ad364e35_10.0.19041.1_none_5a2930ddc7290f92.manifest to Extraction Queue
Adding C:\wim-uup-validation-1791090913159215058\assembly\feature-11\amd64_microsoft-windows-mediaplayer-wmpeffects_31bf3856ad364e35_10.0.19041.1_none_af3ef4cb2ecf39a3\wmpeffects.dll to Extraction Queue
Adding C:\wim-uup-validation-1791090913159215058\assembly\feature-11\amd64_microsoft-windows-mediaplayer-wmpeffects_31bf3856ad364e35_10.0.19041.1_none_af3ef4cb2ecf39a3.manifest to Extraction Queue
Adding C:\wim-uup-validation-1791090913159215058\assembly\feature-11\amd64_microsoft-windows-mediaplayer-wmplayout_31bf3856ad364e35_10.0.19041.1_none_ee466e28005f6c39.manifest to Extraction Queue
Adding C:\wim-uup-validation-1791090913159215058\assembly\feature-11\amd64_microsoft-windows-mediaplayer-wmpps_31bf3856ad364e35_10.0.19041.1_none_647b5d5bdb5acd48\wmpps.dll to Extraction Queue
Adding C:\wim-uup-validation-1791090913159215058\assembly\feature-11\amd64_microsoft-windows-mediaplayer-wmpps_31bf3856ad364e35_10.0.19041.1_none_647b5d5bdb5acd48.manifest to Extraction Queue
Adding C:\wim-uup-validation-1791090913159215058\assembly\feature-11\amd64_microsoft-windows-mediaplayer-wmpshell_31bf3856ad364e35_10.0.19041.1_none_c1b8673be4ac572f\wmpshell.dll to Extraction Queue
Adding C:\wim-uup-validation-1791090913159215058\assembly\feature-11\amd64_microsoft-windows-mediaplayer-wmpshell_31bf3856ad364e35_10.0.19041.1_none_c1b8673be4ac572f.manifest to Extraction Queue
Adding C:\wim-uup-validation-1791090913159215058\assembly\feature-11\amd64_microsoft-windows-w..erplaydvddiagnostic_31bf3856ad364e35_10.0.19041.1_none_51d5a36c5020db24\DiagPackage.diagpkg to Extraction Queue
Adding C:\wim-uup-validation-1791090913159215058\assembly\feature-11\amd64_microsoft-windows-w..erplaydvddiagnostic_31bf3856ad364e35_10.0.19041.1_none_51d5a36c5020db24\DiagPackage.dll to Extraction Queue
Adding C:\wim-uup-validation-1791090913159215058\assembly\feature-11\amd64_microsoft-windows-w..erplaydvddiagnostic_31bf3856ad364e35_10.0.19041.1_none_51d5a36c5020db24\RS_DvdDecoder.ps1 to Extraction Queue
Adding C:\wim-uup-validation-1791090913159215058\assembly\feature-11\amd64_microsoft-windows-w..erplaydvddiagnostic_31bf3856ad364e35_10.0.19041.1_none_51d5a36c5020db24\TS_DVDAudioDecoder.ps1 to Extraction Queue
Adding C:\wim-uup-validation-1791090913159215058\assembly\feature-11\amd64_microsoft-windows-w..erplaydvddiagnostic_31bf3856ad364e35_10.0.19041.1_none_51d5a36c5020db24\TS_DVDDevice.ps1 to Extraction Queue
Adding C:\wim-uup-validation-1791090913159215058\assembly\feature-11\amd64_microsoft-windows-w..erplaydvddiagnostic_31bf3856ad364e35_10.0.19041.1_none_51d5a36c5020db24\TS_DVDVideoDecoder.ps1 to Extraction Queue
Adding C:\wim-uup-validation-1791090913159215058\assembly\feature-11\amd64_microsoft-windows-w..erplaydvddiagnostic_31bf3856ad364e35_10.0.19041.1_none_51d5a36c5020db24\TS_IsWMPUnavailable.ps1 to Extraction Queue
Adding C:\wim-uup-validation-1791090913159215058\assembly\feature-11\amd64_microsoft-windows-w..erplaydvddiagnostic_31bf3856ad364e35_10.0.19041.1_none_51d5a36c5020db24\TS_WindowsMediaPlayer.ps1 to Extraction Queue
Adding C:\wim-uup-validation-1791090913159215058\assembly\feature-11\amd64_microsoft-windows-w..erplaydvddiagnostic_31bf3856ad364e35_10.0.19041.1_none_51d5a36c5020db24\WindowsMediaPlayerPlayDVD.xml to Extraction Queue
Adding C:\wim-uup-validation-1791090913159215058\assembly\feature-11\amd64_microsoft-windows-w..erplaydvddiagnostic_31bf3856ad364e35_10.0.19041.1_none_51d5a36c5020db24.manifest to Extraction Queue
Adding C:\wim-uup-validation-1791090913159215058\assembly\feature-11\amd64_microsoft-windows-w..ialibrarydiagnostic_31bf3856ad364e35_10.0.19041.1_none_dedee787078f40e3\DiagPackage.diagpkg to Extraction Queue
Adding C:\wim-uup-validation-1791090913159215058\assembly\feature-11\amd64_microsoft-windows-w..ialibrarydiagnostic_31bf3856ad364e35_10.0.19041.1_none_dedee787078f40e3\DiagPackage.dll to Extraction Queue
Adding C:\wim-uup-validation-1791090913159215058\assembly\feature-11\amd64_microsoft-windows-w..ialibrarydiagnostic_31bf3856ad364e35_10.0.19041.1_none_dedee787078f40e3\RS_MediaLibCorrupted.ps1 to Extraction Queue
Adding C:\wim-uup-validation-1791090913159215058\assembly\feature-11\amd64_microsoft-windows-w..ialibrarydiagnostic_31bf3856ad364e35_10.0.19041.1_none_dedee787078f40e3\TS_IsWMPUnavailable.ps1 to Extraction Queue
Adding C:\wim-uup-validation-1791090913159215058\assembly\feature-11\amd64_microsoft-windows-w..ialibrarydiagnostic_31bf3856ad364e35_10.0.19041.1_none_dedee787078f40e3\TS_WindowsMediaPlayer.ps1 to Extraction Queue
Adding C:\wim-uup-validation-1791090913159215058\assembly\feature-11\amd64_microsoft-windows-w..ialibrarydiagnostic_31bf3856ad364e35_10.0.19041.1_none_dedee787078f40e3\WindowsMediaPlayerMediaLibrary.xml to Extraction Queue
Adding C:\wim-uup-validation-1791090913159215058\assembly\feature-11\amd64_microsoft-windows-w..ialibrarydiagnostic_31bf3856ad364e35_10.0.19041.1_none_dedee787078f40e3.manifest to Extraction Queue
Adding C:\wim-uup-validation-1791090913159215058\assembly\feature-11\amd64_microsoft-windows-w..igurationdiagnostic_31bf3856ad364e35_10.0.19041.1_none_9a29135572e069ec\DiagPackage.diagpkg to Extraction Queue
Adding C:\wim-uup-validation-1791090913159215058\assembly\feature-11\amd64_microsoft-windows-w..igurationdiagnostic_31bf3856ad364e35_10.0.19041.1_none_9a29135572e069ec\DiagPackage.dll to Extraction Queue
Adding C:\wim-uup-validation-1791090913159215058\assembly\feature-11\amd64_microsoft-windows-w..igurationdiagnostic_31bf3856ad364e35_10.0.19041.1_none_9a29135572e069ec\RS_ConfigurationErrors.ps1 to Extraction Queue
Adding C:\wim-uup-validation-1791090913159215058\assembly\feature-11\amd64_microsoft-windows-w..igurationdiagnostic_31bf3856ad364e35_10.0.19041.1_none_9a29135572e069ec\RS_NetworkCacheCorrupted.ps1 to Extraction Queue
Adding C:\wim-uup-validation-1791090913159215058\assembly\feature-11\amd64_microsoft-windows-w..igurationdiagnostic_31bf3856ad364e35_10.0.19041.1_none_9a29135572e069ec\TS_IsWMPUnavailable.ps1 to Extraction Queue
Adding C:\wim-uup-validation-1791090913159215058\assembly\feature-11\amd64_microsoft-windows-w..igurationdiagnostic_31bf3856ad364e35_10.0.19041.1_none_9a29135572e069ec\TS_NetworkCacheCorrupted.ps1 to Extraction Queue
Adding C:\wim-uup-validation-1791090913159215058\assembly\feature-11\amd64_microsoft-windows-w..igurationdiagnostic_31bf3856ad364e35_10.0.19041.1_none_9a29135572e069ec\TS_WindowsMediaPlayer.ps1 to Extraction Queue
Adding C:\wim-uup-validation-1791090913159215058\assembly\feature-11\amd64_microsoft-windows-w..igurationdiagnostic_31bf3856ad364e35_10.0.19041.1_none_9a29135572e069ec\WindowsMediaPlayerConfiguration.xml to Extraction Queue
Adding C:\wim-uup-validation-1791090913159215058\assembly\feature-11\amd64_microsoft-windows-w..igurationdiagnostic_31bf3856ad364e35_10.0.19041.1_none_9a29135572e069ec.manifest to Extraction Queue
Adding C:\wim-uup-validation-1791090913159215058\assembly\feature-11\amd64_microsoft-windows-w..pt-wow64-deployment_31bf3856ad364e35_10.0.19041.1_none_6f536d978488a4dc.manifest to Extraction Queue
Adding C:\wim-uup-validation-1791090913159215058\assembly\feature-11\amd64_microsoft-windows-w..shooters-deployment_31bf3856ad364e35_10.0.19041.1_none_32928a6621d1d474.manifest to Extraction Queue
Adding C:\wim-uup-validation-1791090913159215058\assembly\feature-11\amd64_microsoft-windows-w..vice-opt-deployment_31bf3856ad364e35_10.0.19041.1_none_cc90de2c1d86ab28.manifest to Extraction Queue
Adding C:\wim-uup-validation-1791090913159215058\assembly\feature-11\amd64_microsoft-windows-windowsmediaplayer-adm_31bf3856ad364e35_10.0.19041.1_none_266e065fbc98f756\WindowsMediaPlayer.admx to Extraction Queue
Adding C:\wim-uup-validation-1791090913159215058\assembly\feature-11\amd64_microsoft-windows-windowsmediaplayer-adm_31bf3856ad364e35_10.0.19041.1_none_266e065fbc98f756.manifest to Extraction Queue
Adding C:\wim-uup-validation-1791090913159215058\assembly\feature-11\amd64_microsoft-windows-wmpnss-api_31bf3856ad364e35_10.0.19041.1_none_97da91eb89ba2a62\wmpnssci.dll to Extraction Queue
Adding C:\wim-uup-validation-1791090913159215058\assembly\feature-11\amd64_microsoft-windows-wmpnss-api_31bf3856ad364e35_10.0.19041.1_none_97da91eb89ba2a62.manifest to Extraction Queue
Adding C:\wim-uup-validation-1791090913159215058\assembly\feature-11\amd64_microsoft-windows-wmpnss-publicapi_31bf3856ad364e35_10.0.19041.1_none_36e98ecdd19d59d5\WMPMediaSharing.dll to Extraction Queue
Adding C:\wim-uup-validation-1791090913159215058\assembly\feature-11\amd64_microsoft-windows-wmpnss-publicapi_31bf3856ad364e35_10.0.19041.1_none_36e98ecdd19d59d5.manifest to Extraction Queue
Adding C:\wim-uup-validation-1791090913159215058\assembly\feature-11\amd64_microsoft-windows-wmpnss-service_31bf3856ad364e35_10.0.19041.1_none_b977d9566df127e9\ConnectionManager.xml to Extraction Queue
Adding C:\wim-uup-validation-1791090913159215058\assembly\feature-11\amd64_microsoft-windows-wmpnss-service_31bf3856ad364e35_10.0.19041.1_none_b977d9566df127e9\ContentDirectory.xml to Extraction Queue
Adding C:\wim-uup-validation-1791090913159215058\assembly\feature-11\amd64_microsoft-windows-wmpnss-service_31bf3856ad364e35_10.0.19041.1_none_b977d9566df127e9\MediaReceiverRegistrar.xml to Extraction Queue
Adding C:\wim-uup-validation-1791090913159215058\assembly\feature-11\amd64_microsoft-windows-wmpnss-service_31bf3856ad364e35_10.0.19041.1_none_b977d9566df127e9\wmpnetwk.exe to Extraction Queue
Adding C:\wim-uup-validation-1791090913159215058\assembly\feature-11\amd64_microsoft-windows-wmpnss-service_31bf3856ad364e35_10.0.19041.1_none_b977d9566df127e9\wmpnetwk.mof to Extraction Queue
Adding C:\wim-uup-validation-1791090913159215058\assembly\feature-11\amd64_microsoft-windows-wmpnss-service_31bf3856ad364e35_10.0.19041.1_none_b977d9566df127e9\wmpnss_color120.jpg to Extraction Queue
Adding C:\wim-uup-validation-1791090913159215058\assembly\feature-11\amd64_microsoft-windows-wmpnss-service_31bf3856ad364e35_10.0.19041.1_none_b977d9566df127e9\wmpnss_color120.png to Extraction Queue
Adding C:\wim-uup-validation-1791090913159215058\assembly\feature-11\amd64_microsoft-windows-wmpnss-service_31bf3856ad364e35_10.0.19041.1_none_b977d9566df127e9\wmpnss_color32.bmp to Extraction Queue
Adding C:\wim-uup-validation-1791090913159215058\assembly\feature-11\amd64_microsoft-windows-wmpnss-service_31bf3856ad364e35_10.0.19041.1_none_b977d9566df127e9\wmpnss_color32.jpg to Extraction Queue
Adding C:\wim-uup-validation-1791090913159215058\assembly\feature-11\amd64_microsoft-windows-wmpnss-service_31bf3856ad364e35_10.0.19041.1_none_b977d9566df127e9\wmpnss_color48.bmp to Extraction Queue
Adding C:\wim-uup-validation-1791090913159215058\assembly\feature-11\amd64_microsoft-windows-wmpnss-service_31bf3856ad364e35_10.0.19041.1_none_b977d9566df127e9\wmpnss_color48.jpg to Extraction Queue
Adding C:\wim-uup-validation-1791090913159215058\assembly\feature-11\amd64_microsoft-windows-wmpnss-service_31bf3856ad364e35_10.0.19041.1_none_b977d9566df127e9\wmpnss_color48.png to Extraction Queue
Adding C:\wim-uup-validation-1791090913159215058\assembly\feature-11\amd64_microsoft-windows-wmpnss-service_31bf3856ad364e35_10.0.19041.1_none_b977d9566df127e9.manifest to Extraction Queue
Adding C:\wim-uup-validation-1791090913159215058\assembly\feature-11\amd64_microsoft-windows-wmpnss-ux_31bf3856ad364e35_10.0.19041.1_none_6db5d09458d426f5\wmpnscfg.exe to Extraction Queue
Adding C:\wim-uup-validation-1791090913159215058\assembly\feature-11\amd64_microsoft-windows-wmpnss-ux_31bf3856ad364e35_10.0.19041.1_none_6db5d09458d426f5.manifest to Extraction Queue
Adding C:\wim-uup-validation-1791090913159215058\assembly\feature-11\amd64_microsoft-windows-wmpnssui_31bf3856ad364e35_10.0.19041.1_none_6e71fe2cfa0d6059\WMPNSSUI.dll to Extraction Queue
Adding C:\wim-uup-validation-1791090913159215058\assembly\feature-11\amd64_microsoft-windows-wmpnssui_31bf3856ad364e35_10.0.19041.1_none_6e71fe2cfa0d6059.manifest to Extraction Queue
Adding C:\wim-uup-validation-1791090913159215058\assembly\feature-11\Microsoft-Windows-MediaPlayer-Package~31bf3856ad364e35~amd64~~10.0.19041.1.cat to Extraction Queue
Adding C:\wim-uup-validation-1791090913159215058\assembly\feature-11\Microsoft-Windows-MediaPlayer-Package~31bf3856ad364e35~amd64~~10.0.19041.1.mum to Extraction Queue
Adding C:\wim-uup-validation-1791090913159215058\assembly\feature-11\Microsoft-Windows-MediaPlayer-Payload-Package~31bf3856ad364e35~amd64~~10.0.19041.1.cat to Extraction Queue
Adding C:\wim-uup-validation-1791090913159215058\assembly\feature-11\Microsoft-Windows-MediaPlayer-Payload-Package~31bf3856ad364e35~amd64~~10.0.19041.1.mum to Extraction Queue
Adding C:\wim-uup-validation-1791090913159215058\assembly\feature-11\Microsoft-Windows-WindowsMediaPlayer-Troubleshooters-Package~31bf3856ad364e35~amd64~~10.0.19041.1.cat to Extraction Queue
Adding C:\wim-uup-validation-1791090913159215058\assembly\feature-11\Microsoft-Windows-WindowsMediaPlayer-Troubleshooters-Package~31bf3856ad364e35~amd64~~10.0.19041.1.mum to Extraction Queue
Adding C:\wim-uup-validation-1791090913159215058\assembly\feature-11\Microsoft-Windows-WMPNetworkSharingService-Opt-Package~31bf3856ad364e35~amd64~~10.0.19041.1.cat to Extraction Queue
Adding C:\wim-uup-validation-1791090913159215058\assembly\feature-11\Microsoft-Windows-WMPNetworkSharingService-Opt-Package~31bf3856ad364e35~amd64~~10.0.19041.1.mum to Extraction Queue
Adding C:\wim-uup-validation-1791090913159215058\assembly\feature-11\Microsoft-Windows-WMPNetworkSharingService-Opt-WOW64-Package~31bf3856ad364e35~amd64~~10.0.19041.1.cat to Extraction Queue
Adding C:\wim-uup-validation-1791090913159215058\assembly\feature-11\Microsoft-Windows-WMPNetworkSharingService-Opt-WOW64-Package~31bf3856ad364e35~amd64~~10.0.19041.1.mum to Extraction Queue
Adding C:\wim-uup-validation-1791090913159215058\assembly\feature-11\Microsoft-Windows-WMPNetworkSharingService-Package~31bf3856ad364e35~amd64~~10.0.19041.1.cat to Extraction Queue
Adding C:\wim-uup-validation-1791090913159215058\assembly\feature-11\Microsoft-Windows-WMPNetworkSharingService-Package~31bf3856ad364e35~amd64~~10.0.19041.1.mum to Extraction Queue
Adding C:\wim-uup-validation-1791090913159215058\assembly\feature-11\Microsoft-Windows-WMPNetworkSharingService-WOW64-Package~31bf3856ad364e35~amd64~~10.0.19041.1.cat to Extraction Queue
Adding C:\wim-uup-validation-1791090913159215058\assembly\feature-11\Microsoft-Windows-WMPNetworkSharingService-WOW64-Package~31bf3856ad364e35~amd64~~10.0.19041.1.mum to Extraction Queue
Adding C:\wim-uup-validation-1791090913159215058\assembly\feature-11\update.cat to Extraction Queue
Adding C:\wim-uup-validation-1791090913159215058\assembly\feature-11\update.mum to Extraction Queue
Adding C:\wim-uup-validation-1791090913159215058\assembly\feature-11\wow64_microsoft-windows-m..er-wow64-deployment_31bf3856ad364e35_10.0.19041.1_none_36bf05c9bd51d349.manifest to Extraction Queue
Adding C:\wim-uup-validation-1791090913159215058\assembly\feature-11\wow64_microsoft-windows-m..player-mp3-settings_31bf3856ad364e35_10.0.19041.1_none_77f85b2635357818.manifest to Extraction Queue
Adding C:\wim-uup-validation-1791090913159215058\assembly\feature-11\wow64_microsoft-windows-m..player-shellpreview_31bf3856ad364e35_10.0.19041.1_none_80e38b0746f5a926\wmprph.exe to Extraction Queue
Adding C:\wim-uup-validation-1791090913159215058\assembly\feature-11\wow64_microsoft-windows-m..player-shellpreview_31bf3856ad364e35_10.0.19041.1_none_80e38b0746f5a926.manifest to Extraction Queue
Adding C:\wim-uup-validation-1791090913159215058\assembly\feature-11\wow64_microsoft-windows-m..player-wmpfileassoc_31bf3856ad364e35_10.0.19041.1_none_0d6a7283fc038aad.manifest to Extraction Queue
Adding C:\wim-uup-validation-1791090913159215058\assembly\feature-11\wow64_microsoft-windows-media-player_31bf3856ad364e35_10.0.19041.1_none_60a3442e5bc84c70.manifest to Extraction Queue
Adding C:\wim-uup-validation-1791090913159215058\assembly\feature-11\wow64_microsoft-windows-mediaplayer-autoplay_31bf3856ad364e35_10.0.19041.1_none_db40687413b90853\wmlaunch.exe to Extraction Queue
Adding C:\wim-uup-validation-1791090913159215058\assembly\feature-11\wow64_microsoft-windows-mediaplayer-autoplay_31bf3856ad364e35_10.0.19041.1_none_db40687413b90853.manifest to Extraction Queue
Adding C:\wim-uup-validation-1791090913159215058\assembly\feature-11\wow64_microsoft-windows-mediaplayer-common_31bf3856ad364e35_10.0.19041.1_none_2a6e3a6239a7da0d.manifest to Extraction Queue
Adding C:\wim-uup-validation-1791090913159215058\assembly\feature-11\wow64_microsoft-windows-mediaplayer-core_31bf3856ad364e35_10.0.19041.1_none_cbaf7af522d8020b\avtransport.xml to Extraction Queue
Adding C:\wim-uup-validation-1791090913159215058\assembly\feature-11\wow64_microsoft-windows-mediaplayer-core_31bf3856ad364e35_10.0.19041.1_none_cbaf7af522d8020b\connectionmanager_dmr.xml to Extraction Queue
Adding C:\wim-uup-validation-1791090913159215058\assembly\feature-11\wow64_microsoft-windows-mediaplayer-core_31bf3856ad364e35_10.0.19041.1_none_cbaf7af522d8020b\DMR_120.jpg to Extraction Queue
Adding C:\wim-uup-validation-1791090913159215058\assembly\feature-11\wow64_microsoft-windows-mediaplayer-core_31bf3856ad364e35_10.0.19041.1_none_cbaf7af522d8020b\DMR_120.png to Extraction Queue
Adding C:\wim-uup-validation-1791090913159215058\assembly\feature-11\wow64_microsoft-windows-mediaplayer-core_31bf3856ad364e35_10.0.19041.1_none_cbaf7af522d8020b\DMR_48.jpg to Extraction Queue
Adding C:\wim-uup-validation-1791090913159215058\assembly\feature-11\wow64_microsoft-windows-mediaplayer-core_31bf3856ad364e35_10.0.19041.1_none_cbaf7af522d8020b\DMR_48.png to Extraction Queue
Adding C:\wim-uup-validation-1791090913159215058\assembly\feature-11\wow64_microsoft-windows-mediaplayer-core_31bf3856ad364e35_10.0.19041.1_none_cbaf7af522d8020b\dxmasf.dll to Extraction Queue
Adding C:\wim-uup-validation-1791090913159215058\assembly\feature-11\wow64_microsoft-windows-mediaplayer-core_31bf3856ad364e35_10.0.19041.1_none_cbaf7af522d8020b\gnsdk_fp.dll to Extraction Queue
Adding C:\wim-uup-validation-1791090913159215058\assembly\feature-11\wow64_microsoft-windows-mediaplayer-core_31bf3856ad364e35_10.0.19041.1_none_cbaf7af522d8020b\msdxm.ocx to Extraction Queue
Adding C:\wim-uup-validation-1791090913159215058\assembly\feature-11\wow64_microsoft-windows-mediaplayer-core_31bf3856ad364e35_10.0.19041.1_none_cbaf7af522d8020b\RenderingControl.xml to Extraction Queue
Adding C:\wim-uup-validation-1791090913159215058\assembly\feature-11\wow64_microsoft-windows-mediaplayer-core_31bf3856ad364e35_10.0.19041.1_none_cbaf7af522d8020b\RenderingControl_DMP.xml to Extraction Queue
Adding C:\wim-uup-validation-1791090913159215058\assembly\feature-11\wow64_microsoft-windows-mediaplayer-core_31bf3856ad364e35_10.0.19041.1_none_cbaf7af522d8020b\spwmp.dll to Extraction Queue
Adding C:\wim-uup-validation-1791090913159215058\assembly\feature-11\wow64_microsoft-windows-mediaplayer-core_31bf3856ad364e35_10.0.19041.1_none_cbaf7af522d8020b\wmp.dll to Extraction Queue
Adding C:\wim-uup-validation-1791090913159215058\assembly\feature-11\wow64_microsoft-windows-mediaplayer-core_31bf3856ad364e35_10.0.19041.1_none_cbaf7af522d8020b\wmp.mof to Extraction Queue
Adding C:\wim-uup-validation-1791090913159215058\assembly\feature-11\wow64_microsoft-windows-mediaplayer-core_31bf3856ad364e35_10.0.19041.1_none_cbaf7af522d8020b\wmpconfig.exe to Extraction Queue
Adding C:\wim-uup-validation-1791090913159215058\assembly\feature-11\wow64_microsoft-windows-mediaplayer-core_31bf3856ad364e35_10.0.19041.1_none_cbaf7af522d8020b\wmplayer.exe to Extraction Queue
Adding C:\wim-uup-validation-1791090913159215058\assembly\feature-11\wow64_microsoft-windows-mediaplayer-core_31bf3856ad364e35_10.0.19041.1_none_cbaf7af522d8020b\wmploc.DLL to Extraction Queue
Adding C:\wim-uup-validation-1791090913159215058\assembly\feature-11\wow64_microsoft-windows-mediaplayer-core_31bf3856ad364e35_10.0.19041.1_none_cbaf7af522d8020b\wmpshare.exe to Extraction Queue
Adding C:\wim-uup-validation-1791090913159215058\assembly\feature-11\wow64_microsoft-windows-mediaplayer-core_31bf3856ad364e35_10.0.19041.1_none_cbaf7af522d8020b.manifest to Extraction Queue
Adding C:\wim-uup-validation-1791090913159215058\assembly\feature-11\wow64_microsoft-windows-mediaplayer-setup_31bf3856ad364e35_10.0.19041.1_none_6e398157aa492263\setup_wm.exe to Extraction Queue
Adding C:\wim-uup-validation-1791090913159215058\assembly\feature-11\wow64_microsoft-windows-mediaplayer-setup_31bf3856ad364e35_10.0.19041.1_none_6e398157aa492263\unregmp2.exe to Extraction Queue
Adding C:\wim-uup-validation-1791090913159215058\assembly\feature-11\wow64_microsoft-windows-mediaplayer-setup_31bf3856ad364e35_10.0.19041.1_none_6e398157aa492263.manifest to Extraction Queue
Adding C:\wim-uup-validation-1791090913159215058\assembly\feature-11\wow64_microsoft-windows-mediaplayer-skins_31bf3856ad364e35_10.0.19041.1_none_69a6d9ffad3112ca\Revert.wmz to Extraction Queue
Adding C:\wim-uup-validation-1791090913159215058\assembly\feature-11\wow64_microsoft-windows-mediaplayer-skins_31bf3856ad364e35_10.0.19041.1_none_69a6d9ffad3112ca.manifest to Extraction Queue
Adding C:\wim-uup-validation-1791090913159215058\assembly\feature-11\wow64_microsoft-windows-mediaplayer-vis_31bf3856ad364e35_10.0.19041.1_none_312fd06896c4335e\mpvis.DLL to Extraction Queue
Adding C:\wim-uup-validation-1791090913159215058\assembly\feature-11\wow64_microsoft-windows-mediaplayer-vis_31bf3856ad364e35_10.0.19041.1_none_312fd06896c4335e.manifest to Extraction Queue
Adding C:\wim-uup-validation-1791090913159215058\assembly\feature-11\wow64_microsoft-windows-mediaplayer-wmerror_31bf3856ad364e35_10.0.19041.1_none_f79aaac38ab4b608\wmerror.dll to Extraction Queue
Adding C:\wim-uup-validation-1791090913159215058\assembly\feature-11\wow64_microsoft-windows-mediaplayer-wmerror_31bf3856ad364e35_10.0.19041.1_none_f79aaac38ab4b608.manifest to Extraction Queue
Adding C:\wim-uup-validation-1791090913159215058\assembly\feature-11\wow64_microsoft-windows-mediaplayer-wmpdxm_31bf3856ad364e35_10.0.19041.1_none_647ddb2ffb89d18d\amcompat.tlb to Extraction Queue
Adding C:\wim-uup-validation-1791090913159215058\assembly\feature-11\wow64_microsoft-windows-mediaplayer-wmpdxm_31bf3856ad364e35_10.0.19041.1_none_647ddb2ffb89d18d\msdxm.tlb to Extraction Queue
Adding C:\wim-uup-validation-1791090913159215058\assembly\feature-11\wow64_microsoft-windows-mediaplayer-wmpdxm_31bf3856ad364e35_10.0.19041.1_none_647ddb2ffb89d18d\wmpdxm.dll to Extraction Queue
Adding C:\wim-uup-validation-1791090913159215058\assembly\feature-11\wow64_microsoft-windows-mediaplayer-wmpdxm_31bf3856ad364e35_10.0.19041.1_none_647ddb2ffb89d18d.manifest to Extraction Queue
Adding C:\wim-uup-validation-1791090913159215058\assembly\feature-11\wow64_microsoft-windows-mediaplayer-wmpeffects_31bf3856ad364e35_10.0.19041.1_none_b9939f1d632ffb9e\wmpeffects.dll to Extraction Queue
Adding C:\wim-uup-validation-1791090913159215058\assembly\feature-11\wow64_microsoft-windows-mediaplayer-wmpeffects_31bf3856ad364e35_10.0.19041.1_none_b9939f1d632ffb9e.manifest to Extraction Queue
Adding C:\wim-uup-validation-1791090913159215058\assembly\feature-11\wow64_microsoft-windows-mediaplayer-wmplayout_31bf3856ad364e35_10.0.19041.1_none_f89b187a34c02e34.manifest to Extraction Queue
Adding C:\wim-uup-validation-1791090913159215058\assembly\feature-11\wow64_microsoft-windows-mediaplayer-wmpps_31bf3856ad364e35_10.0.19041.1_none_6ed007ae0fbb8f43\wmpps.dll to Extraction Queue
Adding C:\wim-uup-validation-1791090913159215058\assembly\feature-11\wow64_microsoft-windows-mediaplayer-wmpps_31bf3856ad364e35_10.0.19041.1_none_6ed007ae0fbb8f43.manifest to Extraction Queue
Adding C:\wim-uup-validation-1791090913159215058\assembly\feature-11\wow64_microsoft-windows-mediaplayer-wmpshell_31bf3856ad364e35_10.0.19041.1_none_cc0d118e190d192a\wmpshell.dll to Extraction Queue
Adding C:\wim-uup-validation-1791090913159215058\assembly\feature-11\wow64_microsoft-windows-mediaplayer-wmpshell_31bf3856ad364e35_10.0.19041.1_none_cc0d118e190d192a.manifest to Extraction Queue
Adding C:\wim-uup-validation-1791090913159215058\assembly\feature-11\wow64_microsoft-windows-wmpnss-api_31bf3856ad364e35_10.0.19041.1_none_a22f3c3dbe1aec5d\wmpnssci.dll to Extraction Queue
Adding C:\wim-uup-validation-1791090913159215058\assembly\feature-11\wow64_microsoft-windows-wmpnss-api_31bf3856ad364e35_10.0.19041.1_none_a22f3c3dbe1aec5d.manifest to Extraction Queue
Adding C:\wim-uup-validation-1791090913159215058\assembly\feature-11\wow64_microsoft-windows-wmpnss-publicapi_31bf3856ad364e35_10.0.19041.1_none_413e392005fe1bd0\WMPMediaSharing.dll to Extraction Queue
Adding C:\wim-uup-validation-1791090913159215058\assembly\feature-11\wow64_microsoft-windows-wmpnss-publicapi_31bf3856ad364e35_10.0.19041.1_none_413e392005fe1bd0.manifest to Extraction Queue
Adding C:\wim-uup-validation-1791090913159215058\assembly\feature-11\wow64_microsoft-windows-wmpnssui_31bf3856ad364e35_10.0.19041.1_none_78c6a87f2e6e2254\WMPNSSUI.dll to Extraction Queue
Adding C:\wim-uup-validation-1791090913159215058\assembly\feature-11\wow64_microsoft-windows-wmpnssui_31bf3856ad364e35_10.0.19041.1_none_78c6a87f2e6e2254.manifest to Extraction Queue

Expanding Files ....

Expanding Files Complete ...
173 files total.
