Microsoft (R) File Expansion Utility
Copyright (c) Microsoft Corporation. All rights reserved.

Adding C:\wim-uup-validation-1791090913159215058\assembly\feature-0\$filehashes$.dat to Extraction Queue
Adding C:\wim-uup-validation-1791090913159215058\assembly\feature-0\amd64_microsoft-onecore-a..ktop-fod-deployment_31bf3856ad364e35_10.0.19041.1_none_eb3e11d574ec06a5.manifest to Extraction Queue
Adding C:\wim-uup-validation-1791090913159215058\assembly\feature-0\amd64_microsoft-windows-aphostservice_31bf3856ad364e35_10.0.19041.1_none_3262624782d6e8b7.manifest to Extraction Queue
Adding C:\wim-uup-validation-1791090913159215058\assembly\feature-0\amd64_microsoft-windows-m..-activesyncprovider_31bf3856ad364e35_10.0.19041.1_none_755c1ad296243d14\ActiveSyncProvider.dll to Extraction Queue
Adding C:\wim-uup-validation-1791090913159215058\assembly\feature-0\amd64_microsoft-windows-m..-activesyncprovider_31bf3856ad364e35_10.0.19041.1_none_755c1ad296243d14.manifest to Extraction Queue
Adding C:\wim-uup-validation-1791090913159215058\assembly\feature-0\amd64_microsoft-windows-m..-syncutil.resources_31bf3856ad364e35_10.0.19041.1_en-us_ee43527008a64a9c\SyncUtil.dll.mui to Extraction Queue
Adding C:\wim-uup-validation-1791090913159215058\assembly\feature-0\amd64_microsoft-windows-m..-syncutil.resources_31bf3856ad364e35_10.0.19041.1_en-us_ee43527008a64a9c.manifest to Extraction Queue
Adding C:\wim-uup-validation-1791090913159215058\assembly\feature-0\amd64_microsoft-windows-m..aphostres.resources_31bf3856ad364e35_10.0.19041.1_cs-cz_e69f346654b15cfc\APHostRes.dll.mui to Extraction Queue
Adding C:\wim-uup-validation-1791090913159215058\assembly\feature-0\amd64_microsoft-windows-m..aphostres.resources_31bf3856ad364e35_10.0.19041.1_cs-cz_e69f346654b15cfc.manifest to Extraction Queue
Adding C:\wim-uup-validation-1791090913159215058\assembly\feature-0\amd64_microsoft-windows-m..aphostres.resources_31bf3856ad364e35_10.0.19041.1_da-dk_83d9148d4af758fb\APHostRes.dll.mui to Extraction Queue
Adding C:\wim-uup-validation-1791090913159215058\assembly\feature-0\amd64_microsoft-windows-m..aphostres.resources_31bf3856ad364e35_10.0.19041.1_da-dk_83d9148d4af758fb.manifest to Extraction Queue
Adding C:\wim-uup-validation-1791090913159215058\assembly\feature-0\amd64_microsoft-windows-m..aphostres.resources_31bf3856ad364e35_10.0.19041.1_de-de_8104a9c94ccdad95\APHostRes.dll.mui to Extraction Queue
Adding C:\wim-uup-validation-1791090913159215058\assembly\feature-0\amd64_microsoft-windows-m..aphostres.resources_31bf3856ad364e35_10.0.19041.1_de-de_8104a9c94ccdad95.manifest to Extraction Queue
Adding C:\wim-uup-validation-1791090913159215058\assembly\feature-0\amd64_microsoft-windows-m..aphostres.resources_31bf3856ad364e35_10.0.19041.1_el-gr_299ad75c3be31623\APHostRes.dll.mui to Extraction Queue
Adding C:\wim-uup-validation-1791090913159215058\assembly\feature-0\amd64_microsoft-windows-m..aphostres.resources_31bf3856ad364e35_10.0.19041.1_el-gr_299ad75c3be31623.manifest to Extraction Queue
Adding C:\wim-uup-validation-1791090913159215058\assembly\feature-0\amd64_microsoft-windows-m..aphostres.resources_31bf3856ad364e35_10.0.19041.1_en-us_29f57fc23babb95a\APHostRes.dll.mui to Extraction Queue
Adding C:\wim-uup-validation-1791090913159215058\assembly\feature-0\amd64_microsoft-windows-m..aphostres.resources_31bf3856ad364e35_10.0.19041.1_en-us_29f57fc23babb95a.manifest to Extraction Queue
Adding C:\wim-uup-validation-1791090913159215058\assembly\feature-0\amd64_microsoft-windows-m..aphostres.resources_31bf3856ad364e35_10.0.19041.1_es-es_29c0dca63bd2aaff\APHostRes.dll.mui to Extraction Queue
Adding C:\wim-uup-validation-1791090913159215058\assembly\feature-0\amd64_microsoft-windows-m..aphostres.resources_31bf3856ad364e35_10.0.19041.1_es-es_29c0dca63bd2aaff.manifest to Extraction Queue
Adding C:\wim-uup-validation-1791090913159215058\assembly\feature-0\amd64_microsoft-windows-m..aphostres.resources_31bf3856ad364e35_10.0.19041.1_fi-fi_c8dbe15330ec9d29\APHostRes.dll.mui to Extraction Queue
Adding C:\wim-uup-validation-1791090913159215058\assembly\feature-0\amd64_microsoft-windows-m..aphostres.resources_31bf3856ad364e35_10.0.19041.1_fi-fi_c8dbe15330ec9d29.manifest to Extraction Queue
Adding C:\wim-uup-validation-1791090913159215058\assembly\feature-0\amd64_microsoft-windows-m..aphostres.resources_31bf3856ad364e35_10.0.19041.1_fr-fr_cc7852a52ea4c161\APHostRes.dll.mui to Extraction Queue
Adding C:\wim-uup-validation-1791090913159215058\assembly\feature-0\amd64_microsoft-windows-m..aphostres.resources_31bf3856ad364e35_10.0.19041.1_fr-fr_cc7852a52ea4c161.manifest to Extraction Queue
Adding C:\wim-uup-validation-1791090913159215058\assembly\feature-0\amd64_microsoft-windows-m..aphostres.resources_31bf3856ad364e35_10.0.19041.1_hu-hu_13e8d2ed1304907d\APHostRes.dll.mui to Extraction Queue
Adding C:\wim-uup-validation-1791090913159215058\assembly\feature-0\amd64_microsoft-windows-m..aphostres.resources_31bf3856ad364e35_10.0.19041.1_hu-hu_13e8d2ed1304907d.manifest to Extraction Queue
Adding C:\wim-uup-validation-1791090913159215058\assembly\feature-0\amd64_microsoft-windows-m..aphostres.resources_31bf3856ad364e35_10.0.19041.1_it-it_b6a048ec05d6a6df\APHostRes.dll.mui to Extraction Queue
Adding C:\wim-uup-validation-1791090913159215058\assembly\feature-0\amd64_microsoft-windows-m..aphostres.resources_31bf3856ad364e35_10.0.19041.1_it-it_b6a048ec05d6a6df.manifest to Extraction Queue
Adding C:\wim-uup-validation-1791090913159215058\assembly\feature-0\amd64_microsoft-windows-m..aphostres.resources_31bf3856ad364e35_10.0.19041.1_ja-jp_58c5c7f8f8f1b8ba\APHostRes.dll.mui to Extraction Queue
Adding C:\wim-uup-validation-1791090913159215058\assembly\feature-0\amd64_microsoft-windows-m..aphostres.resources_31bf3856ad364e35_10.0.19041.1_ja-jp_58c5c7f8f8f1b8ba.manifest to Extraction Queue
Adding C:\wim-uup-validation-1791090913159215058\assembly\feature-0\amd64_microsoft-windows-m..aphostres.resources_31bf3856ad364e35_10.0.19041.1_ko-kr_fc2fa4adeb627fd0\APHostRes.dll.mui to Extraction Queue
Adding C:\wim-uup-validation-1791090913159215058\assembly\feature-0\amd64_microsoft-windows-m..aphostres.resources_31bf3856ad364e35_10.0.19041.1_ko-kr_fc2fa4adeb627fd0.manifest to Extraction Queue
Adding C:\wim-uup-validation-1791090913159215058\assembly\feature-0\amd64_microsoft-windows-m..aphostres.resources_31bf3856ad364e35_10.0.19041.1_nb-no_e4c225e2c387ab8c\APHostRes.dll.mui to Extraction Queue
Adding C:\wim-uup-validation-1791090913159215058\assembly\feature-0\amd64_microsoft-windows-m..aphostres.resources_31bf3856ad364e35_10.0.19041.1_nb-no_e4c225e2c387ab8c.manifest to Extraction Queue
Adding C:\wim-uup-validation-1791090913159215058\assembly\feature-0\amd64_microsoft-windows-m..aphostres.resources_31bf3856ad364e35_10.0.19041.1_nl-nl_e3017120c4b3b561\APHostRes.dll.mui to Extraction Queue
Adding C:\wim-uup-validation-1791090913159215058\assembly\feature-0\amd64_microsoft-windows-m..aphostres.resources_31bf3856ad364e35_10.0.19041.1_nl-nl_e3017120c4b3b561.manifest to Extraction Queue
Adding C:\wim-uup-validation-1791090913159215058\assembly\feature-0\amd64_microsoft-windows-m..aphostres.resources_31bf3856ad364e35_10.0.19041.1_pl-pl_293dcba2a9d62315\APHostRes.dll.mui to Extraction Queue
Adding C:\wim-uup-validation-1791090913159215058\assembly\feature-0\amd64_microsoft-windows-m..aphostres.resources_31bf3856ad364e35_10.0.19041.1_pl-pl_293dcba2a9d62315.manifest to Extraction Queue
Adding C:\wim-uup-validation-1791090913159215058\assembly\feature-0\amd64_microsoft-windows-m..aphostres.resources_31bf3856ad364e35_10.0.19041.1_pt-br_2b91b646a85fb6f9\APHostRes.dll.mui to Extraction Queue
Adding C:\wim-uup-validation-1791090913159215058\assembly\feature-0\amd64_microsoft-windows-m..aphostres.resources_31bf3856ad364e35_10.0.19041.1_pt-br_2b91b646a85fb6f9.manifest to Extraction Queue
Adding C:\wim-uup-validation-1791090913159215058\assembly\feature-0\amd64_microsoft-windows-m..aphostres.resources_31bf3856ad364e35_10.0.19041.1_pt-pt_2c7385b2a7cf26d5\APHostRes.dll.mui to Extraction Queue
Adding C:\wim-uup-validation-1791090913159215058\assembly\feature-0\amd64_microsoft-windows-m..aphostres.resources_31bf3856ad364e35_10.0.19041.1_pt-pt_2c7385b2a7cf26d5.manifest to Extraction Queue
Adding C:\wim-uup-validation-1791090913159215058\assembly\feature-0\amd64_microsoft-windows-m..aphostres.resources_31bf3856ad364e35_10.0.19041.1_ru-ru_731697768cb0b501\APHostRes.dll.mui to Extraction Queue
Adding C:\wim-uup-validation-1791090913159215058\assembly\feature-0\amd64_microsoft-windows-m..aphostres.resources_31bf3856ad364e35_10.0.19041.1_ru-ru_731697768cb0b501.manifest to Extraction Queue
Adding C:\wim-uup-validation-1791090913159215058\assembly\feature-0\amd64_microsoft-windows-m..aphostres.resources_31bf3856ad364e35_10.0.19041.1_sv-se_0f1181eb83d9bf5c\APHostRes.dll.mui to Extraction Queue
Adding C:\wim-uup-validation-1791090913159215058\assembly\feature-0\amd64_microsoft-windows-m..aphostres.resources_31bf3856ad364e35_10.0.19041.1_sv-se_0f1181eb83d9bf5c.manifest to Extraction Queue
Adding C:\wim-uup-validation-1791090913159215058\assembly\feature-0\amd64_microsoft-windows-m..aphostres.resources_31bf3856ad364e35_10.0.19041.1_tr-tr_b81ecc327295c14d\APHostRes.dll.mui to Extraction Queue
Adding C:\wim-uup-validation-1791090913159215058\assembly\feature-0\amd64_microsoft-windows-m..aphostres.resources_31bf3856ad364e35_10.0.19041.1_tr-tr_b81ecc327295c14d.manifest to Extraction Queue
Adding C:\wim-uup-validation-1791090913159215058\assembly\feature-0\amd64_microsoft-windows-m..aphostres.resources_31bf3856ad364e35_10.0.19041.1_zh-cn_897bea3022cd936c\APHostRes.dll.mui to Extraction Queue
Adding C:\wim-uup-validation-1791090913159215058\assembly\feature-0\amd64_microsoft-windows-m..aphostres.resources_31bf3856ad364e35_10.0.19041.1_zh-cn_897bea3022cd936c.manifest to Extraction Queue
Adding C:\wim-uup-validation-1791090913159215058\assembly\feature-0\amd64_microsoft-windows-m..aphostres.resources_31bf3856ad364e35_10.0.19041.1_zh-tw_8d782786203e6fdc\APHostRes.dll.mui to Extraction Queue
Adding C:\wim-uup-validation-1791090913159215058\assembly\feature-0\amd64_microsoft-windows-m..aphostres.resources_31bf3856ad364e35_10.0.19041.1_zh-tw_8d782786203e6fdc.manifest to Extraction Queue
Adding C:\wim-uup-validation-1791090913159215058\assembly\feature-0\amd64_microsoft-windows-m..ccountsrt.resources_31bf3856ad364e35_10.0.19041.1_en-us_ac7b9845de14dcb5\AccountsRT.dll.mui to Extraction Queue
Adding C:\wim-uup-validation-1791090913159215058\assembly\feature-0\amd64_microsoft-windows-m..ccountsrt.resources_31bf3856ad364e35_10.0.19041.1_en-us_ac7b9845de14dcb5.manifest to Extraction Queue
Adding C:\wim-uup-validation-1791090913159215058\assembly\feature-0\amd64_microsoft-windows-m..cprovider.resources_31bf3856ad364e35_10.0.19041.1_en-us_7ebde57b650954b6\DavSyncProvider.dll.mui to Extraction Queue
Adding C:\wim-uup-validation-1791090913159215058\assembly\feature-0\amd64_microsoft-windows-m..cprovider.resources_31bf3856ad364e35_10.0.19041.1_en-us_7ebde57b650954b6.manifest to Extraction Queue
Adding C:\wim-uup-validation-1791090913159215058\assembly\feature-0\amd64_microsoft-windows-m..cprovider.resources_31bf3856ad364e35_10.0.19041.1_en-us_90064af0cd821b61\ActiveSyncProvider.dll.mui to Extraction Queue
Adding C:\wim-uup-validation-1791090913159215058\assembly\feature-0\amd64_microsoft-windows-m..cprovider.resources_31bf3856ad364e35_10.0.19041.1_en-us_90064af0cd821b61.manifest to Extraction Queue
Adding C:\wim-uup-validation-1791090913159215058\assembly\feature-0\amd64_microsoft-windows-m..cymanagerbrokerhost_31bf3856ad364e35_10.0.19041.1_none_34bfdd0c0f979e4b\EASPolicyManagerBrokerHost.exe to Extraction Queue
Adding C:\wim-uup-validation-1791090913159215058\assembly\feature-0\amd64_microsoft-windows-m..cymanagerbrokerhost_31bf3856ad364e35_10.0.19041.1_none_34bfdd0c0f979e4b.manifest to Extraction Queue
Adding C:\wim-uup-validation-1791090913159215058\assembly\feature-0\amd64_microsoft-windows-m..ernetmail.resources_31bf3856ad364e35_10.0.19041.1_en-us_9facdb928a983dc3\InternetMail.dll.mui to Extraction Queue
Adding C:\wim-uup-validation-1791090913159215058\assembly\feature-0\amd64_microsoft-windows-m..ernetmail.resources_31bf3856ad364e35_10.0.19041.1_en-us_9facdb928a983dc3.manifest to Extraction Queue
Adding C:\wim-uup-validation-1791090913159215058\assembly\feature-0\amd64_microsoft-windows-m..etmailcsp.resources_31bf3856ad364e35_10.0.19041.1_en-us_66d1982d3acf8205\InternetMailCsp.dll.mui to Extraction Queue
Adding C:\wim-uup-validation-1791090913159215058\assembly\feature-0\amd64_microsoft-windows-m..etmailcsp.resources_31bf3856ad364e35_10.0.19041.1_en-us_66d1982d3acf8205.manifest to Extraction Queue
Adding C:\wim-uup-validation-1791090913159215058\assembly\feature-0\amd64_microsoft-windows-m..ineshared.resources_31bf3856ad364e35_10.0.19041.1_en-us_99ddc8ce8d3d6dac\MCCSEngineShared.dll.mui to Extraction Queue
Adding C:\wim-uup-validation-1791090913159215058\assembly\feature-0\amd64_microsoft-windows-m..ineshared.resources_31bf3856ad364e35_10.0.19041.1_en-us_99ddc8ce8d3d6dac.manifest to Extraction Queue
Adding C:\wim-uup-validation-1791090913159215058\assembly\feature-0\amd64_microsoft-windows-m..licymanagerbrokerps_31bf3856ad364e35_10.0.19041.1_none_2f03a9d0c9c1484a\EasPolicyManagerBrokerPS.dll to Extraction Queue
Adding C:\wim-uup-validation-1791090913159215058\assembly\feature-0\amd64_microsoft-windows-m..licymanagerbrokerps_31bf3856ad364e35_10.0.19041.1_none_2f03a9d0c9c1484a.manifest to Extraction Queue
Adding C:\wim-uup-validation-1791090913159215058\assembly\feature-0\amd64_microsoft-windows-m..ontroller.resources_31bf3856ad364e35_10.0.19041.1_en-us_ce8eb057a77e5744\SyncController.dll.mui to Extraction Queue
Adding C:\wim-uup-validation-1791090913159215058\assembly\feature-0\amd64_microsoft-windows-m..ontroller.resources_31bf3856ad364e35_10.0.19041.1_en-us_ce8eb057a77e5744.manifest to Extraction Queue
Adding C:\wim-uup-validation-1791090913159215058\assembly\feature-0\amd64_microsoft-windows-m..orkhelper.resources_31bf3856ad364e35_10.0.19041.1_en-us_eb720c622c10cdbf\NetworkHelper.dll.mui to Extraction Queue
Adding C:\wim-uup-validation-1791090913159215058\assembly\feature-0\amd64_microsoft-windows-m..orkhelper.resources_31bf3856ad364e35_10.0.19041.1_en-us_eb720c622c10cdbf.manifest to Extraction Queue
Adding C:\wim-uup-validation-1791090913159215058\assembly\feature-0\amd64_microsoft-windows-m..rokerhost.resources_31bf3856ad364e35_10.0.19041.1_en-us_27e3ad62660a0666\EASPolicyManagerBrokerHost.exe.mui to Extraction Queue
Adding C:\wim-uup-validation-1791090913159215058\assembly\feature-0\amd64_microsoft-windows-m..rokerhost.resources_31bf3856ad364e35_10.0.19041.1_en-us_27e3ad62660a0666.manifest to Extraction Queue
Adding C:\wim-uup-validation-1791090913159215058\assembly\feature-0\amd64_microsoft-windows-m..taccessor.resources_31bf3856ad364e35_10.0.19041.1_en-us_bb1bef67fbb633dd\AccountAccessor.dll.mui to Extraction Queue
Adding C:\wim-uup-validation-1791090913159215058\assembly\feature-0\amd64_microsoft-windows-m..taccessor.resources_31bf3856ad364e35_10.0.19041.1_en-us_bb1bef67fbb633dd.manifest to Extraction Queue
Adding C:\wim-uup-validation-1791090913159215058\assembly\feature-0\amd64_microsoft-windows-m..vesynccsp.resources_31bf3856ad364e35_10.0.19041.1_en-us_561bc9084044921e\ActiveSyncCsp.dll.mui to Extraction Queue
Adding C:\wim-uup-validation-1791090913159215058\assembly\feature-0\amd64_microsoft-windows-m..vesynccsp.resources_31bf3856ad364e35_10.0.19041.1_en-us_561bc9084044921e.manifest to Extraction Queue
Adding C:\wim-uup-validation-1791090913159215058\assembly\feature-0\amd64_microsoft-windows-mccs-accountaccessor_31bf3856ad364e35_10.0.19041.1_none_7d516ffd32896a00\accountaccessor.dll to Extraction Queue
Adding C:\wim-uup-validation-1791090913159215058\assembly\feature-0\amd64_microsoft-windows-mccs-accountaccessor_31bf3856ad364e35_10.0.19041.1_none_7d516ffd32896a00.manifest to Extraction Queue
Adding C:\wim-uup-validation-1791090913159215058\assembly\feature-0\amd64_microsoft-windows-mccs-accountsrt_31bf3856ad364e35_10.0.19041.1_none_e58a9c40a3d7bb8e\AccountsRt.dll to Extraction Queue
Adding C:\wim-uup-validation-1791090913159215058\assembly\feature-0\amd64_microsoft-windows-mccs-accountsrt_31bf3856ad364e35_10.0.19041.1_none_e58a9c40a3d7bb8e.manifest to Extraction Queue
Adding C:\wim-uup-validation-1791090913159215058\assembly\feature-0\amd64_microsoft-windows-mccs-activesynccsp_31bf3856ad364e35_10.0.19041.1_none_c3ab8f0a10e945f7\ActiveSyncCsp.dll to Extraction Queue
Adding C:\wim-uup-validation-1791090913159215058\assembly\feature-0\amd64_microsoft-windows-mccs-activesynccsp_31bf3856ad364e35_10.0.19041.1_none_c3ab8f0a10e945f7.manifest to Extraction Queue
Adding C:\wim-uup-validation-1791090913159215058\assembly\feature-0\amd64_microsoft-windows-mccs-aphostclient_31bf3856ad364e35_10.0.19041.1_none_d8cd1c03e5cb6c60\APHostClient.dll to Extraction Queue
Adding C:\wim-uup-validation-1791090913159215058\assembly\feature-0\amd64_microsoft-windows-mccs-aphostclient_31bf3856ad364e35_10.0.19041.1_none_d8cd1c03e5cb6c60.manifest to Extraction Queue
Adding C:\wim-uup-validation-1791090913159215058\assembly\feature-0\amd64_microsoft-windows-mccs-aphostres_31bf3856ad364e35_10.0.19041.1_none_8950b7e527b7b17d\APHostRes.dll to Extraction Queue
Adding C:\wim-uup-validation-1791090913159215058\assembly\feature-0\amd64_microsoft-windows-mccs-aphostres_31bf3856ad364e35_10.0.19041.1_none_8950b7e527b7b17d.manifest to Extraction Queue
Adding C:\wim-uup-validation-1791090913159215058\assembly\feature-0\amd64_microsoft-windows-mccs-aphostservice_31bf3856ad364e35_10.0.19041.1_none_0b2f10f1ed46089c\APHostService.dll to Extraction Queue
Adding C:\wim-uup-validation-1791090913159215058\assembly\feature-0\amd64_microsoft-windows-mccs-aphostservice_31bf3856ad364e35_10.0.19041.1_none_0b2f10f1ed46089c.manifest to Extraction Queue
Adding C:\wim-uup-validation-1791090913159215058\assembly\feature-0\amd64_microsoft-windows-mccs-davsyncprovider_31bf3856ad364e35_10.0.19041.1_none_8c2d76dee85dccef\DavSyncProvider.dll to Extraction Queue
Adding C:\wim-uup-validation-1791090913159215058\assembly\feature-0\amd64_microsoft-windows-mccs-davsyncprovider_31bf3856ad364e35_10.0.19041.1_none_8c2d76dee85dccef.manifest to Extraction Queue
Adding C:\wim-uup-validation-1791090913159215058\assembly\feature-0\amd64_microsoft-windows-mccs-engineshared_31bf3856ad364e35_10.0.19041.1_none_abfc9db6c377b91f\MCCSEngineShared.dll to Extraction Queue
Adding C:\wim-uup-validation-1791090913159215058\assembly\feature-0\amd64_microsoft-windows-mccs-engineshared_31bf3856ad364e35_10.0.19041.1_none_abfc9db6c377b91f.manifest to Extraction Queue
Adding C:\wim-uup-validation-1791090913159215058\assembly\feature-0\amd64_microsoft-windows-mccs-inprocloggersetup_31bf3856ad364e35_10.0.19041.1_none_5947a1fa470570fa.manifest to Extraction Queue
Adding C:\wim-uup-validation-1791090913159215058\assembly\feature-0\amd64_microsoft-windows-mccs-inproclogger_31bf3856ad364e35_10.0.19041.1_none_181514e8473f1cc9\InprocLogger.dll to Extraction Queue
Adding C:\wim-uup-validation-1791090913159215058\assembly\feature-0\amd64_microsoft-windows-mccs-inproclogger_31bf3856ad364e35_10.0.19041.1_none_181514e8473f1cc9.manifest to Extraction Queue
Adding C:\wim-uup-validation-1791090913159215058\assembly\feature-0\amd64_microsoft-windows-mccs-internetmailcsp_31bf3856ad364e35_10.0.19041.1_none_b11eb686dd3b7ad6\InternetMailCsp.dll to Extraction Queue
Adding C:\wim-uup-validation-1791090913159215058\assembly\feature-0\amd64_microsoft-windows-mccs-internetmailcsp_31bf3856ad364e35_10.0.19041.1_none_b11eb686dd3b7ad6.manifest to Extraction Queue
Adding C:\wim-uup-validation-1791090913159215058\assembly\feature-0\amd64_microsoft-windows-mccs-internetmail_31bf3856ad364e35_10.0.19041.1_none_fd762e1b3aa2362c\internetmail.dll to Extraction Queue
Adding C:\wim-uup-validation-1791090913159215058\assembly\feature-0\amd64_microsoft-windows-mccs-internetmail_31bf3856ad364e35_10.0.19041.1_none_fd762e1b3aa2362c.manifest to Extraction Queue
Adding C:\wim-uup-validation-1791090913159215058\assembly\feature-0\amd64_microsoft-windows-mccs-mccspal_31bf3856ad364e35_10.0.19041.1_none_c1509b0b7c0dd509\MCCSPal.dll to Extraction Queue
Adding C:\wim-uup-validation-1791090913159215058\assembly\feature-0\amd64_microsoft-windows-mccs-mccspal_31bf3856ad364e35_10.0.19041.1_none_c1509b0b7c0dd509.manifest to Extraction Queue
Adding C:\wim-uup-validation-1791090913159215058\assembly\feature-0\amd64_microsoft-windows-mccs-networkhelper_31bf3856ad364e35_10.0.19041.1_none_716aa238883e95cc\networkhelper.dll to Extraction Queue
Adding C:\wim-uup-validation-1791090913159215058\assembly\feature-0\amd64_microsoft-windows-mccs-networkhelper_31bf3856ad364e35_10.0.19041.1_none_716aa238883e95cc.manifest to Extraction Queue
Adding C:\wim-uup-validation-1791090913159215058\assembly\feature-0\amd64_microsoft-windows-mccs-standard-config_31bf3856ad364e35_10.0.19041.1_none_a9853aeedf981ff6.manifest to Extraction Queue
Adding C:\wim-uup-validation-1791090913159215058\assembly\feature-0\amd64_microsoft-windows-mccs-synccontroller_31bf3856ad364e35_10.0.19041.1_none_d3bf66a9b7aa7be3\SyncController.dll to Extraction Queue
Adding C:\wim-uup-validation-1791090913159215058\assembly\feature-0\amd64_microsoft-windows-mccs-synccontroller_31bf3856ad364e35_10.0.19041.1_none_d3bf66a9b7aa7be3.manifest to Extraction Queue
Adding C:\wim-uup-validation-1791090913159215058\assembly\feature-0\amd64_microsoft-windows-mccs-syncproxy_31bf3856ad364e35_10.0.19041.1_none_a6785e2212c59c3b\SyncProxy.dll to Extraction Queue
Adding C:\wim-uup-validation-1791090913159215058\assembly\feature-0\amd64_microsoft-windows-mccs-syncproxy_31bf3856ad364e35_10.0.19041.1_none_a6785e2212c59c3b.manifest to Extraction Queue
Adding C:\wim-uup-validation-1791090913159215058\assembly\feature-0\amd64_microsoft-windows-mccs-syncres.resources_31bf3856ad364e35_10.0.19041.1_ar-sa_4548affc94f716b4\SyncRes.dll.mui to Extraction Queue
Adding C:\wim-uup-validation-1791090913159215058\assembly\feature-0\amd64_microsoft-windows-mccs-syncres.resources_31bf3856ad364e35_10.0.19041.1_ar-sa_4548affc94f716b4.manifest to Extraction Queue
Adding C:\wim-uup-validation-1791090913159215058\assembly\feature-0\amd64_microsoft-windows-mccs-syncres.resources_31bf3856ad364e35_10.0.19041.1_bg-bg_eb8891858577680b\SyncRes.dll.mui to Extraction Queue
Adding C:\wim-uup-validation-1791090913159215058\assembly\feature-0\amd64_microsoft-windows-mccs-syncres.resources_31bf3856ad364e35_10.0.19041.1_bg-bg_eb8891858577680b.manifest to Extraction Queue
Adding C:\wim-uup-validation-1791090913159215058\assembly\feature-0\amd64_microsoft-windows-mccs-syncres.resources_31bf3856ad364e35_10.0.19041.1_cs-cz_9692082072ff4436\SyncRes.dll.mui to Extraction Queue
Adding C:\wim-uup-validation-1791090913159215058\assembly\feature-0\amd64_microsoft-windows-mccs-syncres.resources_31bf3856ad364e35_10.0.19041.1_cs-cz_9692082072ff4436.manifest to Extraction Queue
Adding C:\wim-uup-validation-1791090913159215058\assembly\feature-0\amd64_microsoft-windows-mccs-syncres.resources_31bf3856ad364e35_10.0.19041.1_da-dk_33cbe84769454035\SyncRes.dll.mui to Extraction Queue
Adding C:\wim-uup-validation-1791090913159215058\assembly\feature-0\amd64_microsoft-windows-mccs-syncres.resources_31bf3856ad364e35_10.0.19041.1_da-dk_33cbe84769454035.manifest to Extraction Queue
Adding C:\wim-uup-validation-1791090913159215058\assembly\feature-0\amd64_microsoft-windows-mccs-syncres.resources_31bf3856ad364e35_10.0.19041.1_de-de_30f77d836b1b94cf\SyncRes.dll.mui to Extraction Queue
Adding C:\wim-uup-validation-1791090913159215058\assembly\feature-0\amd64_microsoft-windows-mccs-syncres.resources_31bf3856ad364e35_10.0.19041.1_de-de_30f77d836b1b94cf.manifest to Extraction Queue
Adding C:\wim-uup-validation-1791090913159215058\assembly\feature-0\amd64_microsoft-windows-mccs-syncres.resources_31bf3856ad364e35_10.0.19041.1_el-gr_d98dab165a30fd5d\SyncRes.dll.mui to Extraction Queue
Adding C:\wim-uup-validation-1791090913159215058\assembly\feature-0\amd64_microsoft-windows-mccs-syncres.resources_31bf3856ad364e35_10.0.19041.1_el-gr_d98dab165a30fd5d.manifest to Extraction Queue
Adding C:\wim-uup-validation-1791090913159215058\assembly\feature-0\amd64_microsoft-windows-mccs-syncres.resources_31bf3856ad364e35_10.0.19041.1_en-gb_d25f985e5ed0eccf\SyncRes.dll.mui to Extraction Queue
Adding C:\wim-uup-validation-1791090913159215058\assembly\feature-0\amd64_microsoft-windows-mccs-syncres.resources_31bf3856ad364e35_10.0.19041.1_en-gb_d25f985e5ed0eccf.manifest to Extraction Queue
Adding C:\wim-uup-validation-1791090913159215058\assembly\feature-0\amd64_microsoft-windows-mccs-syncres.resources_31bf3856ad364e35_10.0.19041.1_en-us_d9e8537c59f9a094\SyncRes.dll.mui to Extraction Queue
Adding C:\wim-uup-validation-1791090913159215058\assembly\feature-0\amd64_microsoft-windows-mccs-syncres.resources_31bf3856ad364e35_10.0.19041.1_en-us_d9e8537c59f9a094.manifest to Extraction Queue
Adding C:\wim-uup-validation-1791090913159215058\assembly\feature-0\amd64_microsoft-windows-mccs-syncres.resources_31bf3856ad364e35_10.0.19041.1_es-es_d9b3b0605a209239\SyncRes.dll.mui to Extraction Queue
Adding C:\wim-uup-validation-1791090913159215058\assembly\feature-0\amd64_microsoft-windows-mccs-syncres.resources_31bf3856ad364e35_10.0.19041.1_es-es_d9b3b0605a209239.manifest to Extraction Queue
Adding C:\wim-uup-validation-1791090913159215058\assembly\feature-0\amd64_microsoft-windows-mccs-syncres.resources_31bf3856ad364e35_10.0.19041.1_es-mx_dbea9e0658b475e4\SyncRes.dll.mui to Extraction Queue
Adding C:\wim-uup-validation-1791090913159215058\assembly\feature-0\amd64_microsoft-windows-mccs-syncres.resources_31bf3856ad364e35_10.0.19041.1_es-mx_dbea9e0658b475e4.manifest to Extraction Queue
Adding C:\wim-uup-validation-1791090913159215058\assembly\feature-0\amd64_microsoft-windows-mccs-syncres.resources_31bf3856ad364e35_10.0.19041.1_et-ee_d3737bf05e266ec8\SyncRes.dll.mui to Extraction Queue
Adding C:\wim-uup-validation-1791090913159215058\assembly\feature-0\amd64_microsoft-windows-mccs-syncres.resources_31bf3856ad364e35_10.0.19041.1_et-ee_d3737bf05e266ec8.manifest to Extraction Queue
Adding C:\wim-uup-validation-1791090913159215058\assembly\feature-0\amd64_microsoft-windows-mccs-syncres.resources_31bf3856ad364e35_10.0.19041.1_fi-fi_78ceb50d4f3a8463\SyncRes.dll.mui to Extraction Queue
Adding C:\wim-uup-validation-1791090913159215058\assembly\feature-0\amd64_microsoft-windows-mccs-syncres.resources_31bf3856ad364e35_10.0.19041.1_fi-fi_78ceb50d4f3a8463.manifest to Extraction Queue
Adding C:\wim-uup-validation-1791090913159215058\assembly\feature-0\amd64_microsoft-windows-mccs-syncres.resources_31bf3856ad364e35_10.0.19041.1_fr-ca_74e170a951cb0ec1\SyncRes.dll.mui to Extraction Queue
Adding C:\wim-uup-validation-1791090913159215058\assembly\feature-0\amd64_microsoft-windows-mccs-syncres.resources_31bf3856ad364e35_10.0.19041.1_fr-ca_74e170a951cb0ec1.manifest to Extraction Queue
Adding C:\wim-uup-validation-1791090913159215058\assembly\feature-0\amd64_microsoft-windows-mccs-syncres.resources_31bf3856ad364e35_10.0.19041.1_fr-fr_7c6b265f4cf2a89b\SyncRes.dll.mui to Extraction Queue
Adding C:\wim-uup-validation-1791090913159215058\assembly\feature-0\amd64_microsoft-windows-mccs-syncres.resources_31bf3856ad364e35_10.0.19041.1_fr-fr_7c6b265f4cf2a89b.manifest to Extraction Queue
Adding C:\wim-uup-validation-1791090913159215058\assembly\feature-0\amd64_microsoft-windows-mccs-syncres.resources_31bf3856ad364e35_10.0.19041.1_he-il_c08ace013361a989\SyncRes.dll.mui to Extraction Queue
Adding C:\wim-uup-validation-1791090913159215058\assembly\feature-0\amd64_microsoft-windows-mccs-syncres.resources_31bf3856ad364e35_10.0.19041.1_he-il_c08ace013361a989.manifest to Extraction Queue
Adding C:\wim-uup-validation-1791090913159215058\assembly\feature-0\amd64_microsoft-windows-mccs-syncres.resources_31bf3856ad364e35_10.0.19041.1_hr-hr_c2a780e13215164f\SyncRes.dll.mui to Extraction Queue
Adding C:\wim-uup-validation-1791090913159215058\assembly\feature-0\amd64_microsoft-windows-mccs-syncres.resources_31bf3856ad364e35_10.0.19041.1_hr-hr_c2a780e13215164f.manifest to Extraction Queue
Adding C:\wim-uup-validation-1791090913159215058\assembly\feature-0\amd64_microsoft-windows-mccs-syncres.resources_31bf3856ad364e35_10.0.19041.1_hu-hu_c3dba6a7315277b7\SyncRes.dll.mui to Extraction Queue
Adding C:\wim-uup-validation-1791090913159215058\assembly\feature-0\amd64_microsoft-windows-mccs-syncres.resources_31bf3856ad364e35_10.0.19041.1_hu-hu_c3dba6a7315277b7.manifest to Extraction Queue
Adding C:\wim-uup-validation-1791090913159215058\assembly\feature-0\amd64_microsoft-windows-mccs-syncres.resources_31bf3856ad364e35_10.0.19041.1_it-it_66931ca624248e19\SyncRes.dll.mui to Extraction Queue
Adding C:\wim-uup-validation-1791090913159215058\assembly\feature-0\amd64_microsoft-windows-mccs-syncres.resources_31bf3856ad364e35_10.0.19041.1_it-it_66931ca624248e19.manifest to Extraction Queue
Adding C:\wim-uup-validation-1791090913159215058\assembly\feature-0\amd64_microsoft-windows-mccs-syncres.resources_31bf3856ad364e35_10.0.19041.1_ja-jp_08b89bb3173f9ff4\SyncRes.dll.mui to Extraction Queue
Adding C:\wim-uup-validation-1791090913159215058\assembly\feature-0\amd64_microsoft-windows-mccs-syncres.resources_31bf3856ad364e35_10.0.19041.1_ja-jp_08b89bb3173f9ff4.manifest to Extraction Queue
Adding C:\wim-uup-validation-1791090913159215058\assembly\feature-0\amd64_microsoft-windows-mccs-syncres.resources_31bf3856ad364e35_10.0.19041.1_ko-kr_ac22786809b0670a\SyncRes.dll.mui to Extraction Queue
Adding C:\wim-uup-validation-1791090913159215058\assembly\feature-0\amd64_microsoft-windows-mccs-syncres.resources_31bf3856ad364e35_10.0.19041.1_ko-kr_ac22786809b0670a.manifest to Extraction Queue
Adding C:\wim-uup-validation-1791090913159215058\assembly\feature-0\amd64_microsoft-windows-mccs-syncres.resources_31bf3856ad364e35_10.0.19041.1_lt-lt_4feda468fbd832a7\SyncRes.dll.mui to Extraction Queue
Adding C:\wim-uup-validation-1791090913159215058\assembly\feature-0\amd64_microsoft-windows-mccs-syncres.resources_31bf3856ad364e35_10.0.19041.1_lt-lt_4feda468fbd832a7.manifest to Extraction Queue
Adding C:\wim-uup-validation-1791090913159215058\assembly\feature-0\amd64_microsoft-windows-mccs-syncres.resources_31bf3856ad364e35_10.0.19041.1_lv-lv_50bb12ecfb567397\SyncRes.dll.mui to Extraction Queue
Adding C:\wim-uup-validation-1791090913159215058\assembly\feature-0\amd64_microsoft-windows-mccs-syncres.resources_31bf3856ad364e35_10.0.19041.1_lv-lv_50bb12ecfb567397.manifest to Extraction Queue
Adding C:\wim-uup-validation-1791090913159215058\assembly\feature-0\amd64_microsoft-windows-mccs-syncres.resources_31bf3856ad364e35_10.0.19041.1_nb-no_94b4f99ce1d592c6\SyncRes.dll.mui to Extraction Queue
Adding C:\wim-uup-validation-1791090913159215058\assembly\feature-0\amd64_microsoft-windows-mccs-syncres.resources_31bf3856ad364e35_10.0.19041.1_nb-no_94b4f99ce1d592c6.manifest to Extraction Queue
Adding C:\wim-uup-validation-1791090913159215058\assembly\feature-0\amd64_microsoft-windows-mccs-syncres.resources_31bf3856ad364e35_10.0.19041.1_nl-nl_92f444dae3019c9b\SyncRes.dll.mui to Extraction Queue
Adding C:\wim-uup-validation-1791090913159215058\assembly\feature-0\amd64_microsoft-windows-mccs-syncres.resources_31bf3856ad364e35_10.0.19041.1_nl-nl_92f444dae3019c9b.manifest to Extraction Queue
Adding C:\wim-uup-validation-1791090913159215058\assembly\feature-0\amd64_microsoft-windows-mccs-syncres.resources_31bf3856ad364e35_10.0.19041.1_pl-pl_d9309f5cc8240a4f\SyncRes.dll.mui to Extraction Queue
Adding C:\wim-uup-validation-1791090913159215058\assembly\feature-0\amd64_microsoft-windows-mccs-syncres.resources_31bf3856ad364e35_10.0.19041.1_pl-pl_d9309f5cc8240a4f.manifest to Extraction Queue
Adding C:\wim-uup-validation-1791090913159215058\assembly\feature-0\amd64_microsoft-windows-mccs-syncres.resources_31bf3856ad364e35_10.0.19041.1_pt-br_db848a00c6ad9e33\SyncRes.dll.mui to Extraction Queue
Adding C:\wim-uup-validation-1791090913159215058\assembly\feature-0\amd64_microsoft-windows-mccs-syncres.resources_31bf3856ad364e35_10.0.19041.1_pt-br_db848a00c6ad9e33.manifest to Extraction Queue
Adding C:\wim-uup-validation-1791090913159215058\assembly\feature-0\amd64_microsoft-windows-mccs-syncres.resources_31bf3856ad364e35_10.0.19041.1_pt-pt_dc66596cc61d0e0f\SyncRes.dll.mui to Extraction Queue
Adding C:\wim-uup-validation-1791090913159215058\assembly\feature-0\amd64_microsoft-windows-mccs-syncres.resources_31bf3856ad364e35_10.0.19041.1_pt-pt_dc66596cc61d0e0f.manifest to Extraction Queue
Adding C:\wim-uup-validation-1791090913159215058\assembly\feature-0\amd64_microsoft-windows-mccs-syncres.resources_31bf3856ad364e35_10.0.19041.1_ro-ro_20a11fa4ac83d96b\SyncRes.dll.mui to Extraction Queue
Adding C:\wim-uup-validation-1791090913159215058\assembly\feature-0\amd64_microsoft-windows-mccs-syncres.resources_31bf3856ad364e35_10.0.19041.1_ro-ro_20a11fa4ac83d96b.manifest to Extraction Queue
Adding C:\wim-uup-validation-1791090913159215058\assembly\feature-0\amd64_microsoft-windows-mccs-syncres.resources_31bf3856ad364e35_10.0.19041.1_ru-ru_23096b30aafe9c3b\SyncRes.dll.mui to Extraction Queue
Adding C:\wim-uup-validation-1791090913159215058\assembly\feature-0\amd64_microsoft-windows-mccs-syncres.resources_31bf3856ad364e35_10.0.19041.1_ru-ru_23096b30aafe9c3b.manifest to Extraction Queue
Adding C:\wim-uup-validation-1791090913159215058\assembly\feature-0\amd64_microsoft-windows-mccs-syncres.resources_31bf3856ad364e35_10.0.19041.1_sk-sk_c2246fdda0188e65\SyncRes.dll.mui to Extraction Queue
Adding C:\wim-uup-validation-1791090913159215058\assembly\feature-0\amd64_microsoft-windows-mccs-syncres.resources_31bf3856ad364e35_10.0.19041.1_sk-sk_c2246fdda0188e65.manifest to Extraction Queue
Adding C:\wim-uup-validation-1791090913159215058\assembly\feature-0\amd64_microsoft-windows-mccs-syncres.resources_31bf3856ad364e35_10.0.19041.1_sl-si_c1369195a0b2a148\SyncRes.dll.mui to Extraction Queue
Adding C:\wim-uup-validation-1791090913159215058\assembly\feature-0\amd64_microsoft-windows-mccs-syncres.resources_31bf3856ad364e35_10.0.19041.1_sl-si_c1369195a0b2a148.manifest to Extraction Queue
Adding C:\wim-uup-validation-1791090913159215058\assembly\feature-0\amd64_microsoft-windows-mccs-syncres.resources_31bf3856ad364e35_10.0.19041.1_sr-..-rs_6766f9da15c44879\SyncRes.dll.mui to Extraction Queue
Adding C:\wim-uup-validation-1791090913159215058\assembly\feature-0\amd64_microsoft-windows-mccs-syncres.resources_31bf3856ad364e35_10.0.19041.1_sr-..-rs_6766f9da15c44879.manifest to Extraction Queue
Adding C:\wim-uup-validation-1791090913159215058\assembly\feature-0\amd64_microsoft-windows-mccs-syncres.resources_31bf3856ad364e35_10.0.19041.1_sv-se_bf0455a5a227a696\SyncRes.dll.mui to Extraction Queue
Adding C:\wim-uup-validation-1791090913159215058\assembly\feature-0\amd64_microsoft-windows-mccs-syncres.resources_31bf3856ad364e35_10.0.19041.1_sv-se_bf0455a5a227a696.manifest to Extraction Queue
Adding C:\wim-uup-validation-1791090913159215058\assembly\feature-0\amd64_microsoft-windows-mccs-syncres.resources_31bf3856ad364e35_10.0.19041.1_th-th_640e7758936c63d7\SyncRes.dll.mui to Extraction Queue
Adding C:\wim-uup-validation-1791090913159215058\assembly\feature-0\amd64_microsoft-windows-mccs-syncres.resources_31bf3856ad364e35_10.0.19041.1_th-th_640e7758936c63d7.manifest to Extraction Queue
Adding C:\wim-uup-validation-1791090913159215058\assembly\feature-0\amd64_microsoft-windows-mccs-syncres.resources_31bf3856ad364e35_10.0.19041.1_tr-tr_68119fec90e3a887\SyncRes.dll.mui to Extraction Queue
Adding C:\wim-uup-validation-1791090913159215058\assembly\feature-0\amd64_microsoft-windows-mccs-syncres.resources_31bf3856ad364e35_10.0.19041.1_tr-tr_68119fec90e3a887.manifest to Extraction Queue
Adding C:\wim-uup-validation-1791090913159215058\assembly\feature-0\amd64_microsoft-windows-mccs-syncres.resources_31bf3856ad364e35_10.0.19041.1_uk-ua_03f182938814ced3\SyncRes.dll.mui to Extraction Queue
Adding C:\wim-uup-validation-1791090913159215058\assembly\feature-0\amd64_microsoft-windows-mccs-syncres.resources_31bf3856ad364e35_10.0.19041.1_uk-ua_03f182938814ced3.manifest to Extraction Queue
Adding C:\wim-uup-validation-1791090913159215058\assembly\feature-0\amd64_microsoft-windows-mccs-syncres.resources_31bf3856ad364e35_10.0.19041.1_zh-cn_396ebdea411b7aa6\SyncRes.dll.mui to Extraction Queue
Adding C:\wim-uup-validation-1791090913159215058\assembly\feature-0\amd64_microsoft-windows-mccs-syncres.resources_31bf3856ad364e35_10.0.19041.1_zh-cn_396ebdea411b7aa6.manifest to Extraction Queue
Adding C:\wim-uup-validation-1791090913159215058\assembly\feature-0\amd64_microsoft-windows-mccs-syncres.resources_31bf3856ad364e35_10.0.19041.1_zh-tw_3d6afb403e8c5716\SyncRes.dll.mui to Extraction Queue
Adding C:\wim-uup-validation-1791090913159215058\assembly\feature-0\amd64_microsoft-windows-mccs-syncres.resources_31bf3856ad364e35_10.0.19041.1_zh-tw_3d6afb403e8c5716.manifest to Extraction Queue
Adding C:\wim-uup-validation-1791090913159215058\assembly\feature-0\amd64_microsoft-windows-mccs-syncres_31bf3856ad364e35_10.0.19041.1_none_321a321236e44693\SyncRes.dll to Extraction Queue
Adding C:\wim-uup-validation-1791090913159215058\assembly\feature-0\amd64_microsoft-windows-mccs-syncres_31bf3856ad364e35_10.0.19041.1_none_321a321236e44693.manifest to Extraction Queue
Adding C:\wim-uup-validation-1791090913159215058\assembly\feature-0\amd64_microsoft-windows-mccs-syncutil_31bf3856ad364e35_10.0.19041.1_none_7c783da44288db57\LiveDomainList.txt to Extraction Queue
Adding C:\wim-uup-validation-1791090913159215058\assembly\feature-0\amd64_microsoft-windows-mccs-syncutil_31bf3856ad364e35_10.0.19041.1_none_7c783da44288db57\syncutil.dll to Extraction Queue
Adding C:\wim-uup-validation-1791090913159215058\assembly\feature-0\amd64_microsoft-windows-mccs-syncutil_31bf3856ad364e35_10.0.19041.1_none_7c783da44288db57.manifest to Extraction Queue
Adding C:\wim-uup-validation-1791090913159215058\assembly\feature-0\Microsoft-OneCore-ApplicationModel-Sync-Desktop-FOD-Package~31bf3856ad364e35~amd64~~10.0.19041.1.cat to Extraction Queue
Adding C:\wim-uup-validation-1791090913159215058\assembly\feature-0\Microsoft-OneCore-ApplicationModel-Sync-Desktop-FOD-Package~31bf3856ad364e35~amd64~~10.0.19041.1.mum to Extraction Queue
Adding C:\wim-uup-validation-1791090913159215058\assembly\feature-0\Microsoft-OneCore-ApplicationModel-Sync-Desktop-FOD-Package~31bf3856ad364e35~wow64~~10.0.19041.1.cat to Extraction Queue
Adding C:\wim-uup-validation-1791090913159215058\assembly\feature-0\Microsoft-OneCore-ApplicationModel-Sync-Desktop-FOD-Package~31bf3856ad364e35~wow64~~10.0.19041.1.mum to Extraction Queue
Adding C:\wim-uup-validation-1791090913159215058\assembly\feature-0\update.cat to Extraction Queue
Adding C:\wim-uup-validation-1791090913159215058\assembly\feature-0\update.mum to Extraction Queue
Adding C:\wim-uup-validation-1791090913159215058\assembly\feature-0\wow64_microsoft-onecore-a..od-wow64-deployment_31bf3856ad364e35_10.0.19041.1_none_0d6dd71b8dc4e8c0.manifest to Extraction Queue
Adding C:\wim-uup-validation-1791090913159215058\assembly\feature-0\wow64_microsoft-windows-m..-activesyncprovider_31bf3856ad364e35_10.0.19041.1_none_7fb0c524ca84ff0f\ActiveSyncProvider.dll to Extraction Queue
Adding C:\wim-uup-validation-1791090913159215058\assembly\feature-0\wow64_microsoft-windows-m..-activesyncprovider_31bf3856ad364e35_10.0.19041.1_none_7fb0c524ca84ff0f.manifest to Extraction Queue
Adding C:\wim-uup-validation-1791090913159215058\assembly\feature-0\wow64_microsoft-windows-m..-syncutil.resources_31bf3856ad364e35_10.0.19041.1_en-us_f897fcc23d070c97\SyncUtil.dll.mui to Extraction Queue
Adding C:\wim-uup-validation-1791090913159215058\assembly\feature-0\wow64_microsoft-windows-m..-syncutil.resources_31bf3856ad364e35_10.0.19041.1_en-us_f897fcc23d070c97.manifest to Extraction Queue
Adding C:\wim-uup-validation-1791090913159215058\assembly\feature-0\wow64_microsoft-windows-m..aphostres.resources_31bf3856ad364e35_10.0.19041.1_cs-cz_f0f3deb889121ef7\APHostRes.dll.mui to Extraction Queue
Adding C:\wim-uup-validation-1791090913159215058\assembly\feature-0\wow64_microsoft-windows-m..aphostres.resources_31bf3856ad364e35_10.0.19041.1_cs-cz_f0f3deb889121ef7.manifest to Extraction Queue
Adding C:\wim-uup-validation-1791090913159215058\assembly\feature-0\wow64_microsoft-windows-m..aphostres.resources_31bf3856ad364e35_10.0.19041.1_da-dk_8e2dbedf7f581af6\APHostRes.dll.mui to Extraction Queue
Adding C:\wim-uup-validation-1791090913159215058\assembly\feature-0\wow64_microsoft-windows-m..aphostres.resources_31bf3856ad364e35_10.0.19041.1_da-dk_8e2dbedf7f581af6.manifest to Extraction Queue
Adding C:\wim-uup-validation-1791090913159215058\assembly\feature-0\wow64_microsoft-windows-m..aphostres.resources_31bf3856ad364e35_10.0.19041.1_de-de_8b59541b812e6f90\APHostRes.dll.mui to Extraction Queue
Adding C:\wim-uup-validation-1791090913159215058\assembly\feature-0\wow64_microsoft-windows-m..aphostres.resources_31bf3856ad364e35_10.0.19041.1_de-de_8b59541b812e6f90.manifest to Extraction Queue
Adding C:\wim-uup-validation-1791090913159215058\assembly\feature-0\wow64_microsoft-windows-m..aphostres.resources_31bf3856ad364e35_10.0.19041.1_el-gr_33ef81ae7043d81e\APHostRes.dll.mui to Extraction Queue
Adding C:\wim-uup-validation-1791090913159215058\assembly\feature-0\wow64_microsoft-windows-m..aphostres.resources_31bf3856ad364e35_10.0.19041.1_el-gr_33ef81ae7043d81e.manifest to Extraction Queue
Adding C:\wim-uup-validation-1791090913159215058\assembly\feature-0\wow64_microsoft-windows-m..aphostres.resources_31bf3856ad364e35_10.0.19041.1_en-us_344a2a14700c7b55\APHostRes.dll.mui to Extraction Queue
Adding C:\wim-uup-validation-1791090913159215058\assembly\feature-0\wow64_microsoft-windows-m..aphostres.resources_31bf3856ad364e35_10.0.19041.1_en-us_344a2a14700c7b55.manifest to Extraction Queue
Adding C:\wim-uup-validation-1791090913159215058\assembly\feature-0\wow64_microsoft-windows-m..aphostres.resources_31bf3856ad364e35_10.0.19041.1_es-es_341586f870336cfa\APHostRes.dll.mui to Extraction Queue
Adding C:\wim-uup-validation-1791090913159215058\assembly\feature-0\wow64_microsoft-windows-m..aphostres.resources_31bf3856ad364e35_10.0.19041.1_es-es_341586f870336cfa.manifest to Extraction Queue
Adding C:\wim-uup-validation-1791090913159215058\assembly\feature-0\wow64_microsoft-windows-m..aphostres.resources_31bf3856ad364e35_10.0.19041.1_fi-fi_d3308ba5654d5f24\APHostRes.dll.mui to Extraction Queue
Adding C:\wim-uup-validation-1791090913159215058\assembly\feature-0\wow64_microsoft-windows-m..aphostres.resources_31bf3856ad364e35_10.0.19041.1_fi-fi_d3308ba5654d5f24.manifest to Extraction Queue
Adding C:\wim-uup-validation-1791090913159215058\assembly\feature-0\wow64_microsoft-windows-m..aphostres.resources_31bf3856ad364e35_10.0.19041.1_fr-fr_d6ccfcf76305835c\APHostRes.dll.mui to Extraction Queue
Adding C:\wim-uup-validation-1791090913159215058\assembly\feature-0\wow64_microsoft-windows-m..aphostres.resources_31bf3856ad364e35_10.0.19041.1_fr-fr_d6ccfcf76305835c.manifest to Extraction Queue
Adding C:\wim-uup-validation-1791090913159215058\assembly\feature-0\wow64_microsoft-windows-m..aphostres.resources_31bf3856ad364e35_10.0.19041.1_hu-hu_1e3d7d3f47655278\APHostRes.dll.mui to Extraction Queue
Adding C:\wim-uup-validation-1791090913159215058\assembly\feature-0\wow64_microsoft-windows-m..aphostres.resources_31bf3856ad364e35_10.0.19041.1_hu-hu_1e3d7d3f47655278.manifest to Extraction Queue
Adding C:\wim-uup-validation-1791090913159215058\assembly\feature-0\wow64_microsoft-windows-m..aphostres.resources_31bf3856ad364e35_10.0.19041.1_it-it_c0f4f33e3a3768da\APHostRes.dll.mui to Extraction Queue
Adding C:\wim-uup-validation-1791090913159215058\assembly\feature-0\wow64_microsoft-windows-m..aphostres.resources_31bf3856ad364e35_10.0.19041.1_it-it_c0f4f33e3a3768da.manifest to Extraction Queue
Adding C:\wim-uup-validation-1791090913159215058\assembly\feature-0\wow64_microsoft-windows-m..aphostres.resources_31bf3856ad364e35_10.0.19041.1_ja-jp_631a724b2d527ab5\APHostRes.dll.mui to Extraction Queue
Adding C:\wim-uup-validation-1791090913159215058\assembly\feature-0\wow64_microsoft-windows-m..aphostres.resources_31bf3856ad364e35_10.0.19041.1_ja-jp_631a724b2d527ab5.manifest to Extraction Queue
Adding C:\wim-uup-validation-1791090913159215058\assembly\feature-0\wow64_microsoft-windows-m..aphostres.resources_31bf3856ad364e35_10.0.19041.1_ko-kr_06844f001fc341cb\APHostRes.dll.mui to Extraction Queue
Adding C:\wim-uup-validation-1791090913159215058\assembly\feature-0\wow64_microsoft-windows-m..aphostres.resources_31bf3856ad364e35_10.0.19041.1_ko-kr_06844f001fc341cb.manifest to Extraction Queue
Adding C:\wim-uup-validation-1791090913159215058\assembly\feature-0\wow64_microsoft-windows-m..aphostres.resources_31bf3856ad364e35_10.0.19041.1_nb-no_ef16d034f7e86d87\APHostRes.dll.mui to Extraction Queue
Adding C:\wim-uup-validation-1791090913159215058\assembly\feature-0\wow64_microsoft-windows-m..aphostres.resources_31bf3856ad364e35_10.0.19041.1_nb-no_ef16d034f7e86d87.manifest to Extraction Queue
Adding C:\wim-uup-validation-1791090913159215058\assembly\feature-0\wow64_microsoft-windows-m..aphostres.resources_31bf3856ad364e35_10.0.19041.1_nl-nl_ed561b72f914775c\APHostRes.dll.mui to Extraction Queue
Adding C:\wim-uup-validation-1791090913159215058\assembly\feature-0\wow64_microsoft-windows-m..aphostres.resources_31bf3856ad364e35_10.0.19041.1_nl-nl_ed561b72f914775c.manifest to Extraction Queue
Adding C:\wim-uup-validation-1791090913159215058\assembly\feature-0\wow64_microsoft-windows-m..aphostres.resources_31bf3856ad364e35_10.0.19041.1_pl-pl_339275f4de36e510\APHostRes.dll.mui to Extraction Queue
Adding C:\wim-uup-validation-1791090913159215058\assembly\feature-0\wow64_microsoft-windows-m..aphostres.resources_31bf3856ad364e35_10.0.19041.1_pl-pl_339275f4de36e510.manifest to Extraction Queue
Adding C:\wim-uup-validation-1791090913159215058\assembly\feature-0\wow64_microsoft-windows-m..aphostres.resources_31bf3856ad364e35_10.0.19041.1_pt-br_35e66098dcc078f4\APHostRes.dll.mui to Extraction Queue
Adding C:\wim-uup-validation-1791090913159215058\assembly\feature-0\wow64_microsoft-windows-m..aphostres.resources_31bf3856ad364e35_10.0.19041.1_pt-br_35e66098dcc078f4.manifest to Extraction Queue
Adding C:\wim-uup-validation-1791090913159215058\assembly\feature-0\wow64_microsoft-windows-m..aphostres.resources_31bf3856ad364e35_10.0.19041.1_pt-pt_36c83004dc2fe8d0\APHostRes.dll.mui to Extraction Queue
Adding C:\wim-uup-validation-1791090913159215058\assembly\feature-0\wow64_microsoft-windows-m..aphostres.resources_31bf3856ad364e35_10.0.19041.1_pt-pt_36c83004dc2fe8d0.manifest to Extraction Queue
Adding C:\wim-uup-validation-1791090913159215058\assembly\feature-0\wow64_microsoft-windows-m..aphostres.resources_31bf3856ad364e35_10.0.19041.1_ru-ru_7d6b41c8c11176fc\APHostRes.dll.mui to Extraction Queue
Adding C:\wim-uup-validation-1791090913159215058\assembly\feature-0\wow64_microsoft-windows-m..aphostres.resources_31bf3856ad364e35_10.0.19041.1_ru-ru_7d6b41c8c11176fc.manifest to Extraction Queue
Adding C:\wim-uup-validation-1791090913159215058\assembly\feature-0\wow64_microsoft-windows-m..aphostres.resources_31bf3856ad364e35_10.0.19041.1_sv-se_19662c3db83a8157\APHostRes.dll.mui to Extraction Queue
Adding C:\wim-uup-validation-1791090913159215058\assembly\feature-0\wow64_microsoft-windows-m..aphostres.resources_31bf3856ad364e35_10.0.19041.1_sv-se_19662c3db83a8157.manifest to Extraction Queue
Adding C:\wim-uup-validation-1791090913159215058\assembly\feature-0\wow64_microsoft-windows-m..aphostres.resources_31bf3856ad364e35_10.0.19041.1_tr-tr_c2737684a6f68348\APHostRes.dll.mui to Extraction Queue
Adding C:\wim-uup-validation-1791090913159215058\assembly\feature-0\wow64_microsoft-windows-m..aphostres.resources_31bf3856ad364e35_10.0.19041.1_tr-tr_c2737684a6f68348.manifest to Extraction Queue
Adding C:\wim-uup-validation-1791090913159215058\assembly\feature-0\wow64_microsoft-windows-m..aphostres.resources_31bf3856ad364e35_10.0.19041.1_zh-cn_93d09482572e5567\APHostRes.dll.mui to Extraction Queue
Adding C:\wim-uup-validation-1791090913159215058\assembly\feature-0\wow64_microsoft-windows-m..aphostres.resources_31bf3856ad364e35_10.0.19041.1_zh-cn_93d09482572e5567.manifest to Extraction Queue
Adding C:\wim-uup-validation-1791090913159215058\assembly\feature-0\wow64_microsoft-windows-m..aphostres.resources_31bf3856ad364e35_10.0.19041.1_zh-tw_97ccd1d8549f31d7\APHostRes.dll.mui to Extraction Queue
Adding C:\wim-uup-validation-1791090913159215058\assembly\feature-0\wow64_microsoft-windows-m..aphostres.resources_31bf3856ad364e35_10.0.19041.1_zh-tw_97ccd1d8549f31d7.manifest to Extraction Queue
Adding C:\wim-uup-validation-1791090913159215058\assembly\feature-0\wow64_microsoft-windows-m..ccountsrt.resources_31bf3856ad364e35_10.0.19041.1_en-us_b6d0429812759eb0\AccountsRT.dll.mui to Extraction Queue
Adding C:\wim-uup-validation-1791090913159215058\assembly\feature-0\wow64_microsoft-windows-m..ccountsrt.resources_31bf3856ad364e35_10.0.19041.1_en-us_b6d0429812759eb0.manifest to Extraction Queue
Adding C:\wim-uup-validation-1791090913159215058\assembly\feature-0\wow64_microsoft-windows-m..cprovider.resources_31bf3856ad364e35_10.0.19041.1_en-us_89128fcd996a16b1\DavSyncProvider.dll.mui to Extraction Queue
Adding C:\wim-uup-validation-1791090913159215058\assembly\feature-0\wow64_microsoft-windows-m..cprovider.resources_31bf3856ad364e35_10.0.19041.1_en-us_89128fcd996a16b1.manifest to Extraction Queue
Adding C:\wim-uup-validation-1791090913159215058\assembly\feature-0\wow64_microsoft-windows-m..cprovider.resources_31bf3856ad364e35_10.0.19041.1_en-us_9a5af54301e2dd5c\ActiveSyncProvider.dll.mui to Extraction Queue
Adding C:\wim-uup-validation-1791090913159215058\assembly\feature-0\wow64_microsoft-windows-m..cprovider.resources_31bf3856ad364e35_10.0.19041.1_en-us_9a5af54301e2dd5c.manifest to Extraction Queue
Adding C:\wim-uup-validation-1791090913159215058\assembly\feature-0\wow64_microsoft-windows-m..ineshared.resources_31bf3856ad364e35_10.0.19041.1_en-us_a4327320c19e2fa7\MCCSEngineShared.dll.mui to Extraction Queue
Adding C:\wim-uup-validation-1791090913159215058\assembly\feature-0\wow64_microsoft-windows-m..ineshared.resources_31bf3856ad364e35_10.0.19041.1_en-us_a4327320c19e2fa7.manifest to Extraction Queue
Adding C:\wim-uup-validation-1791090913159215058\assembly\feature-0\wow64_microsoft-windows-m..ontroller.resources_31bf3856ad364e35_10.0.19041.1_en-us_d8e35aa9dbdf193f\SyncController.dll.mui to Extraction Queue
Adding C:\wim-uup-validation-1791090913159215058\assembly\feature-0\wow64_microsoft-windows-m..ontroller.resources_31bf3856ad364e35_10.0.19041.1_en-us_d8e35aa9dbdf193f.manifest to Extraction Queue
Adding C:\wim-uup-validation-1791090913159215058\assembly\feature-0\wow64_microsoft-windows-m..orkhelper.resources_31bf3856ad364e35_10.0.19041.1_en-us_f5c6b6b460718fba\NetworkHelper.dll.mui to Extraction Queue
Adding C:\wim-uup-validation-1791090913159215058\assembly\feature-0\wow64_microsoft-windows-m..orkhelper.resources_31bf3856ad364e35_10.0.19041.1_en-us_f5c6b6b460718fba.manifest to Extraction Queue
Adding C:\wim-uup-validation-1791090913159215058\assembly\feature-0\wow64_microsoft-windows-m..taccessor.resources_31bf3856ad364e35_10.0.19041.1_en-us_c57099ba3016f5d8\AccountAccessor.dll.mui to Extraction Queue
Adding C:\wim-uup-validation-1791090913159215058\assembly\feature-0\wow64_microsoft-windows-m..taccessor.resources_31bf3856ad364e35_10.0.19041.1_en-us_c57099ba3016f5d8.manifest to Extraction Queue
Adding C:\wim-uup-validation-1791090913159215058\assembly\feature-0\wow64_microsoft-windows-mccs-accountaccessor_31bf3856ad364e35_10.0.19041.1_none_87a61a4f66ea2bfb\accountaccessor.dll to Extraction Queue
Adding C:\wim-uup-validation-1791090913159215058\assembly\feature-0\wow64_microsoft-windows-mccs-accountaccessor_31bf3856ad364e35_10.0.19041.1_none_87a61a4f66ea2bfb.manifest to Extraction Queue
Adding C:\wim-uup-validation-1791090913159215058\assembly\feature-0\wow64_microsoft-windows-mccs-accountsrt_31bf3856ad364e35_10.0.19041.1_none_efdf4692d8387d89\AccountsRt.dll to Extraction Queue
Adding C:\wim-uup-validation-1791090913159215058\assembly\feature-0\wow64_microsoft-windows-mccs-accountsrt_31bf3856ad364e35_10.0.19041.1_none_efdf4692d8387d89.manifest to Extraction Queue
Adding C:\wim-uup-validation-1791090913159215058\assembly\feature-0\wow64_microsoft-windows-mccs-aphostclient_31bf3856ad364e35_10.0.19041.1_none_e321c6561a2c2e5b\APHostClient.dll to Extraction Queue
Adding C:\wim-uup-validation-1791090913159215058\assembly\feature-0\wow64_microsoft-windows-mccs-aphostclient_31bf3856ad364e35_10.0.19041.1_none_e321c6561a2c2e5b.manifest to Extraction Queue
Adding C:\wim-uup-validation-1791090913159215058\assembly\feature-0\wow64_microsoft-windows-mccs-davsyncprovider_31bf3856ad364e35_10.0.19041.1_none_968221311cbe8eea\DavSyncProvider.dll to Extraction Queue
Adding C:\wim-uup-validation-1791090913159215058\assembly\feature-0\wow64_microsoft-windows-mccs-davsyncprovider_31bf3856ad364e35_10.0.19041.1_none_968221311cbe8eea.manifest to Extraction Queue
Adding C:\wim-uup-validation-1791090913159215058\assembly\feature-0\wow64_microsoft-windows-mccs-engineshared_31bf3856ad364e35_10.0.19041.1_none_b6514808f7d87b1a\MCCSEngineShared.dll to Extraction Queue
Adding C:\wim-uup-validation-1791090913159215058\assembly\feature-0\wow64_microsoft-windows-mccs-engineshared_31bf3856ad364e35_10.0.19041.1_none_b6514808f7d87b1a.manifest to Extraction Queue
Adding C:\wim-uup-validation-1791090913159215058\assembly\feature-0\wow64_microsoft-windows-mccs-networkhelper_31bf3856ad364e35_10.0.19041.1_none_7bbf4c8abc9f57c7\networkhelper.dll to Extraction Queue
Adding C:\wim-uup-validation-1791090913159215058\assembly\feature-0\wow64_microsoft-windows-mccs-networkhelper_31bf3856ad364e35_10.0.19041.1_none_7bbf4c8abc9f57c7.manifest to Extraction Queue
Adding C:\wim-uup-validation-1791090913159215058\assembly\feature-0\wow64_microsoft-windows-mccs-synccontroller_31bf3856ad364e35_10.0.19041.1_none_de1410fbec0b3dde\SyncController.dll to Extraction Queue
Adding C:\wim-uup-validation-1791090913159215058\assembly\feature-0\wow64_microsoft-windows-mccs-synccontroller_31bf3856ad364e35_10.0.19041.1_none_de1410fbec0b3dde.manifest to Extraction Queue
Adding C:\wim-uup-validation-1791090913159215058\assembly\feature-0\wow64_microsoft-windows-mccs-syncproxy_31bf3856ad364e35_10.0.19041.1_none_b0cd087447265e36\SyncProxy.dll to Extraction Queue
Adding C:\wim-uup-validation-1791090913159215058\assembly\feature-0\wow64_microsoft-windows-mccs-syncproxy_31bf3856ad364e35_10.0.19041.1_none_b0cd087447265e36.manifest to Extraction Queue
Adding C:\wim-uup-validation-1791090913159215058\assembly\feature-0\wow64_microsoft-windows-mccs-syncres.resources_31bf3856ad364e35_10.0.19041.1_ar-sa_4f9d5a4ec957d8af\SyncRes.dll.mui to Extraction Queue
Adding C:\wim-uup-validation-1791090913159215058\assembly\feature-0\wow64_microsoft-windows-mccs-syncres.resources_31bf3856ad364e35_10.0.19041.1_ar-sa_4f9d5a4ec957d8af.manifest to Extraction Queue
Adding C:\wim-uup-validation-1791090913159215058\assembly\feature-0\wow64_microsoft-windows-mccs-syncres.resources_31bf3856ad364e35_10.0.19041.1_bg-bg_f5dd3bd7b9d82a06\SyncRes.dll.mui to Extraction Queue
Adding C:\wim-uup-validation-1791090913159215058\assembly\feature-0\wow64_microsoft-windows-mccs-syncres.resources_31bf3856ad364e35_10.0.19041.1_bg-bg_f5dd3bd7b9d82a06.manifest to Extraction Queue
Adding C:\wim-uup-validation-1791090913159215058\assembly\feature-0\wow64_microsoft-windows-mccs-syncres.resources_31bf3856ad364e35_10.0.19041.1_cs-cz_a0e6b272a7600631\SyncRes.dll.mui to Extraction Queue
Adding C:\wim-uup-validation-1791090913159215058\assembly\feature-0\wow64_microsoft-windows-mccs-syncres.resources_31bf3856ad364e35_10.0.19041.1_cs-cz_a0e6b272a7600631.manifest to Extraction Queue
Adding C:\wim-uup-validation-1791090913159215058\assembly\feature-0\wow64_microsoft-windows-mccs-syncres.resources_31bf3856ad364e35_10.0.19041.1_da-dk_3e2092999da60230\SyncRes.dll.mui to Extraction Queue
Adding C:\wim-uup-validation-1791090913159215058\assembly\feature-0\wow64_microsoft-windows-mccs-syncres.resources_31bf3856ad364e35_10.0.19041.1_da-dk_3e2092999da60230.manifest to Extraction Queue
Adding C:\wim-uup-validation-1791090913159215058\assembly\feature-0\wow64_microsoft-windows-mccs-syncres.resources_31bf3856ad364e35_10.0.19041.1_de-de_3b4c27d59f7c56ca\SyncRes.dll.mui to Extraction Queue
Adding C:\wim-uup-validation-1791090913159215058\assembly\feature-0\wow64_microsoft-windows-mccs-syncres.resources_31bf3856ad364e35_10.0.19041.1_de-de_3b4c27d59f7c56ca.manifest to Extraction Queue
Adding C:\wim-uup-validation-1791090913159215058\assembly\feature-0\wow64_microsoft-windows-mccs-syncres.resources_31bf3856ad364e35_10.0.19041.1_el-gr_e3e255688e91bf58\SyncRes.dll.mui to Extraction Queue
Adding C:\wim-uup-validation-1791090913159215058\assembly\feature-0\wow64_microsoft-windows-mccs-syncres.resources_31bf3856ad364e35_10.0.19041.1_el-gr_e3e255688e91bf58.manifest to Extraction Queue
Adding C:\wim-uup-validation-1791090913159215058\assembly\feature-0\wow64_microsoft-windows-mccs-syncres.resources_31bf3856ad364e35_10.0.19041.1_en-gb_dcb442b09331aeca\SyncRes.dll.mui to Extraction Queue
Adding C:\wim-uup-validation-1791090913159215058\assembly\feature-0\wow64_microsoft-windows-mccs-syncres.resources_31bf3856ad364e35_10.0.19041.1_en-gb_dcb442b09331aeca.manifest to Extraction Queue
Adding C:\wim-uup-validation-1791090913159215058\assembly\feature-0\wow64_microsoft-windows-mccs-syncres.resources_31bf3856ad364e35_10.0.19041.1_en-us_e43cfdce8e5a628f\SyncRes.dll.mui to Extraction Queue
Adding C:\wim-uup-validation-1791090913159215058\assembly\feature-0\wow64_microsoft-windows-mccs-syncres.resources_31bf3856ad364e35_10.0.19041.1_en-us_e43cfdce8e5a628f.manifest to Extraction Queue
Adding C:\wim-uup-validation-1791090913159215058\assembly\feature-0\wow64_microsoft-windows-mccs-syncres.resources_31bf3856ad364e35_10.0.19041.1_es-es_e4085ab28e815434\SyncRes.dll.mui to Extraction Queue
Adding C:\wim-uup-validation-1791090913159215058\assembly\feature-0\wow64_microsoft-windows-mccs-syncres.resources_31bf3856ad364e35_10.0.19041.1_es-es_e4085ab28e815434.manifest to Extraction Queue
Adding C:\wim-uup-validation-1791090913159215058\assembly\feature-0\wow64_microsoft-windows-mccs-syncres.resources_31bf3856ad364e35_10.0.19041.1_es-mx_e63f48588d1537df\SyncRes.dll.mui to Extraction Queue
Adding C:\wim-uup-validation-1791090913159215058\assembly\feature-0\wow64_microsoft-windows-mccs-syncres.resources_31bf3856ad364e35_10.0.19041.1_es-mx_e63f48588d1537df.manifest to Extraction Queue
Adding C:\wim-uup-validation-1791090913159215058\assembly\feature-0\wow64_microsoft-windows-mccs-syncres.resources_31bf3856ad364e35_10.0.19041.1_et-ee_ddc82642928730c3\SyncRes.dll.mui to Extraction Queue
Adding C:\wim-uup-validation-1791090913159215058\assembly\feature-0\wow64_microsoft-windows-mccs-syncres.resources_31bf3856ad364e35_10.0.19041.1_et-ee_ddc82642928730c3.manifest to Extraction Queue
Adding C:\wim-uup-validation-1791090913159215058\assembly\feature-0\wow64_microsoft-windows-mccs-syncres.resources_31bf3856ad364e35_10.0.19041.1_fi-fi_83235f5f839b465e\SyncRes.dll.mui to Extraction Queue
Adding C:\wim-uup-validation-1791090913159215058\assembly\feature-0\wow64_microsoft-windows-mccs-syncres.resources_31bf3856ad364e35_10.0.19041.1_fi-fi_83235f5f839b465e.manifest to Extraction Queue
Adding C:\wim-uup-validation-1791090913159215058\assembly\feature-0\wow64_microsoft-windows-mccs-syncres.resources_31bf3856ad364e35_10.0.19041.1_fr-ca_7f361afb862bd0bc\SyncRes.dll.mui to Extraction Queue
Adding C:\wim-uup-validation-1791090913159215058\assembly\feature-0\wow64_microsoft-windows-mccs-syncres.resources_31bf3856ad364e35_10.0.19041.1_fr-ca_7f361afb862bd0bc.manifest to Extraction Queue
Adding C:\wim-uup-validation-1791090913159215058\assembly\feature-0\wow64_microsoft-windows-mccs-syncres.resources_31bf3856ad364e35_10.0.19041.1_fr-fr_86bfd0b181536a96\SyncRes.dll.mui to Extraction Queue
Adding C:\wim-uup-validation-1791090913159215058\assembly\feature-0\wow64_microsoft-windows-mccs-syncres.resources_31bf3856ad364e35_10.0.19041.1_fr-fr_86bfd0b181536a96.manifest to Extraction Queue
Adding C:\wim-uup-validation-1791090913159215058\assembly\feature-0\wow64_microsoft-windows-mccs-syncres.resources_31bf3856ad364e35_10.0.19041.1_he-il_cadf785367c26b84\SyncRes.dll.mui to Extraction Queue
Adding C:\wim-uup-validation-1791090913159215058\assembly\feature-0\wow64_microsoft-windows-mccs-syncres.resources_31bf3856ad364e35_10.0.19041.1_he-il_cadf785367c26b84.manifest to Extraction Queue
Adding C:\wim-uup-validation-1791090913159215058\assembly\feature-0\wow64_microsoft-windows-mccs-syncres.resources_31bf3856ad364e35_10.0.19041.1_hr-hr_ccfc2b336675d84a\SyncRes.dll.mui to Extraction Queue
Adding C:\wim-uup-validation-1791090913159215058\assembly\feature-0\wow64_microsoft-windows-mccs-syncres.resources_31bf3856ad364e35_10.0.19041.1_hr-hr_ccfc2b336675d84a.manifest to Extraction Queue
Adding C:\wim-uup-validation-1791090913159215058\assembly\feature-0\wow64_microsoft-windows-mccs-syncres.resources_31bf3856ad364e35_10.0.19041.1_hu-hu_ce3050f965b339b2\SyncRes.dll.mui to Extraction Queue
Adding C:\wim-uup-validation-1791090913159215058\assembly\feature-0\wow64_microsoft-windows-mccs-syncres.resources_31bf3856ad364e35_10.0.19041.1_hu-hu_ce3050f965b339b2.manifest to Extraction Queue
Adding C:\wim-uup-validation-1791090913159215058\assembly\feature-0\wow64_microsoft-windows-mccs-syncres.resources_31bf3856ad364e35_10.0.19041.1_it-it_70e7c6f858855014\SyncRes.dll.mui to Extraction Queue
Adding C:\wim-uup-validation-1791090913159215058\assembly\feature-0\wow64_microsoft-windows-mccs-syncres.resources_31bf3856ad364e35_10.0.19041.1_it-it_70e7c6f858855014.manifest to Extraction Queue
Adding C:\wim-uup-validation-1791090913159215058\assembly\feature-0\wow64_microsoft-windows-mccs-syncres.resources_31bf3856ad364e35_10.0.19041.1_ja-jp_130d46054ba061ef\SyncRes.dll.mui to Extraction Queue
Adding C:\wim-uup-validation-1791090913159215058\assembly\feature-0\wow64_microsoft-windows-mccs-syncres.resources_31bf3856ad364e35_10.0.19041.1_ja-jp_130d46054ba061ef.manifest to Extraction Queue
Adding C:\wim-uup-validation-1791090913159215058\assembly\feature-0\wow64_microsoft-windows-mccs-syncres.resources_31bf3856ad364e35_10.0.19041.1_ko-kr_b67722ba3e112905\SyncRes.dll.mui to Extraction Queue
Adding C:\wim-uup-validation-1791090913159215058\assembly\feature-0\wow64_microsoft-windows-mccs-syncres.resources_31bf3856ad364e35_10.0.19041.1_ko-kr_b67722ba3e112905.manifest to Extraction Queue
Adding C:\wim-uup-validation-1791090913159215058\assembly\feature-0\wow64_microsoft-windows-mccs-syncres.resources_31bf3856ad364e35_10.0.19041.1_lt-lt_5a424ebb3038f4a2\SyncRes.dll.mui to Extraction Queue
Adding C:\wim-uup-validation-1791090913159215058\assembly\feature-0\wow64_microsoft-windows-mccs-syncres.resources_31bf3856ad364e35_10.0.19041.1_lt-lt_5a424ebb3038f4a2.manifest to Extraction Queue
Adding C:\wim-uup-validation-1791090913159215058\assembly\feature-0\wow64_microsoft-windows-mccs-syncres.resources_31bf3856ad364e35_10.0.19041.1_lv-lv_5b0fbd3f2fb73592\SyncRes.dll.mui to Extraction Queue
Adding C:\wim-uup-validation-1791090913159215058\assembly\feature-0\wow64_microsoft-windows-mccs-syncres.resources_31bf3856ad364e35_10.0.19041.1_lv-lv_5b0fbd3f2fb73592.manifest to Extraction Queue
Adding C:\wim-uup-validation-1791090913159215058\assembly\feature-0\wow64_microsoft-windows-mccs-syncres.resources_31bf3856ad364e35_10.0.19041.1_nb-no_9f09a3ef163654c1\SyncRes.dll.mui to Extraction Queue
Adding C:\wim-uup-validation-1791090913159215058\assembly\feature-0\wow64_microsoft-windows-mccs-syncres.resources_31bf3856ad364e35_10.0.19041.1_nb-no_9f09a3ef163654c1.manifest to Extraction Queue
Adding C:\wim-uup-validation-1791090913159215058\assembly\feature-0\wow64_microsoft-windows-mccs-syncres.resources_31bf3856ad364e35_10.0.19041.1_nl-nl_9d48ef2d17625e96\SyncRes.dll.mui to Extraction Queue
Adding C:\wim-uup-validation-1791090913159215058\assembly\feature-0\wow64_microsoft-windows-mccs-syncres.resources_31bf3856ad364e35_10.0.19041.1_nl-nl_9d48ef2d17625e96.manifest to Extraction Queue
Adding C:\wim-uup-validation-1791090913159215058\assembly\feature-0\wow64_microsoft-windows-mccs-syncres.resources_31bf3856ad364e35_10.0.19041.1_pl-pl_e38549aefc84cc4a\SyncRes.dll.mui to Extraction Queue
Adding C:\wim-uup-validation-1791090913159215058\assembly\feature-0\wow64_microsoft-windows-mccs-syncres.resources_31bf3856ad364e35_10.0.19041.1_pl-pl_e38549aefc84cc4a.manifest to Extraction Queue
Adding C:\wim-uup-validation-1791090913159215058\assembly\feature-0\wow64_microsoft-windows-mccs-syncres.resources_31bf3856ad364e35_10.0.19041.1_pt-br_e5d93452fb0e602e\SyncRes.dll.mui to Extraction Queue
Adding C:\wim-uup-validation-1791090913159215058\assembly\feature-0\wow64_microsoft-windows-mccs-syncres.resources_31bf3856ad364e35_10.0.19041.1_pt-br_e5d93452fb0e602e.manifest to Extraction Queue
Adding C:\wim-uup-validation-1791090913159215058\assembly\feature-0\wow64_microsoft-windows-mccs-syncres.resources_31bf3856ad364e35_10.0.19041.1_pt-pt_e6bb03befa7dd00a\SyncRes.dll.mui to Extraction Queue
Adding C:\wim-uup-validation-1791090913159215058\assembly\feature-0\wow64_microsoft-windows-mccs-syncres.resources_31bf3856ad364e35_10.0.19041.1_pt-pt_e6bb03befa7dd00a.manifest to Extraction Queue
Adding C:\wim-uup-validation-1791090913159215058\assembly\feature-0\wow64_microsoft-windows-mccs-syncres.resources_31bf3856ad364e35_10.0.19041.1_ro-ro_2af5c9f6e0e49b66\SyncRes.dll.mui to Extraction Queue
Adding C:\wim-uup-validation-1791090913159215058\assembly\feature-0\wow64_microsoft-windows-mccs-syncres.resources_31bf3856ad364e35_10.0.19041.1_ro-ro_2af5c9f6e0e49b66.manifest to Extraction Queue
Adding C:\wim-uup-validation-1791090913159215058\assembly\feature-0\wow64_microsoft-windows-mccs-syncres.resources_31bf3856ad364e35_10.0.19041.1_ru-ru_2d5e1582df5f5e36\SyncRes.dll.mui to Extraction Queue
Adding C:\wim-uup-validation-1791090913159215058\assembly\feature-0\wow64_microsoft-windows-mccs-syncres.resources_31bf3856ad364e35_10.0.19041.1_ru-ru_2d5e1582df5f5e36.manifest to Extraction Queue
Adding C:\wim-uup-validation-1791090913159215058\assembly\feature-0\wow64_microsoft-windows-mccs-syncres.resources_31bf3856ad364e35_10.0.19041.1_sk-sk_cc791a2fd4795060\SyncRes.dll.mui to Extraction Queue
Adding C:\wim-uup-validation-1791090913159215058\assembly\feature-0\wow64_microsoft-windows-mccs-syncres.resources_31bf3856ad364e35_10.0.19041.1_sk-sk_cc791a2fd4795060.manifest to Extraction Queue
Adding C:\wim-uup-validation-1791090913159215058\assembly\feature-0\wow64_microsoft-windows-mccs-syncres.resources_31bf3856ad364e35_10.0.19041.1_sl-si_cb8b3be7d5136343\SyncRes.dll.mui to Extraction Queue
Adding C:\wim-uup-validation-1791090913159215058\assembly\feature-0\wow64_microsoft-windows-mccs-syncres.resources_31bf3856ad364e35_10.0.19041.1_sl-si_cb8b3be7d5136343.manifest to Extraction Queue
Adding C:\wim-uup-validation-1791090913159215058\assembly\feature-0\wow64_microsoft-windows-mccs-syncres.resources_31bf3856ad364e35_10.0.19041.1_sr-..-rs_71bba42c4a250a74\SyncRes.dll.mui to Extraction Queue
Adding C:\wim-uup-validation-1791090913159215058\assembly\feature-0\wow64_microsoft-windows-mccs-syncres.resources_31bf3856ad364e35_10.0.19041.1_sr-..-rs_71bba42c4a250a74.manifest to Extraction Queue
Adding C:\wim-uup-validation-1791090913159215058\assembly\feature-0\wow64_microsoft-windows-mccs-syncres.resources_31bf3856ad364e35_10.0.19041.1_sv-se_c958fff7d6886891\SyncRes.dll.mui to Extraction Queue
Adding C:\wim-uup-validation-1791090913159215058\assembly\feature-0\wow64_microsoft-windows-mccs-syncres.resources_31bf3856ad364e35_10.0.19041.1_sv-se_c958fff7d6886891.manifest to Extraction Queue
Adding C:\wim-uup-validation-1791090913159215058\assembly\feature-0\wow64_microsoft-windows-mccs-syncres.resources_31bf3856ad364e35_10.0.19041.1_th-th_6e6321aac7cd25d2\SyncRes.dll.mui to Extraction Queue
Adding C:\wim-uup-validation-1791090913159215058\assembly\feature-0\wow64_microsoft-windows-mccs-syncres.resources_31bf3856ad364e35_10.0.19041.1_th-th_6e6321aac7cd25d2.manifest to Extraction Queue
Adding C:\wim-uup-validation-1791090913159215058\assembly\feature-0\wow64_microsoft-windows-mccs-syncres.resources_31bf3856ad364e35_10.0.19041.1_tr-tr_72664a3ec5446a82\SyncRes.dll.mui to Extraction Queue
Adding C:\wim-uup-validation-1791090913159215058\assembly\feature-0\wow64_microsoft-windows-mccs-syncres.resources_31bf3856ad364e35_10.0.19041.1_tr-tr_72664a3ec5446a82.manifest to Extraction Queue
Adding C:\wim-uup-validation-1791090913159215058\assembly\feature-0\wow64_microsoft-windows-mccs-syncres.resources_31bf3856ad364e35_10.0.19041.1_uk-ua_0e462ce5bc7590ce\SyncRes.dll.mui to Extraction Queue
Adding C:\wim-uup-validation-1791090913159215058\assembly\feature-0\wow64_microsoft-windows-mccs-syncres.resources_31bf3856ad364e35_10.0.19041.1_uk-ua_0e462ce5bc7590ce.manifest to Extraction Queue
Adding C:\wim-uup-validation-1791090913159215058\assembly\feature-0\wow64_microsoft-windows-mccs-syncres.resources_31bf3856ad364e35_10.0.19041.1_zh-cn_43c3683c757c3ca1\SyncRes.dll.mui to Extraction Queue
Adding C:\wim-uup-validation-1791090913159215058\assembly\feature-0\wow64_microsoft-windows-mccs-syncres.resources_31bf3856ad364e35_10.0.19041.1_zh-cn_43c3683c757c3ca1.manifest to Extraction Queue
Adding C:\wim-uup-validation-1791090913159215058\assembly\feature-0\wow64_microsoft-windows-mccs-syncres.resources_31bf3856ad364e35_10.0.19041.1_zh-tw_47bfa59272ed1911\SyncRes.dll.mui to Extraction Queue
Adding C:\wim-uup-validation-1791090913159215058\assembly\feature-0\wow64_microsoft-windows-mccs-syncres.resources_31bf3856ad364e35_10.0.19041.1_zh-tw_47bfa59272ed1911.manifest to Extraction Queue
Adding C:\wim-uup-validation-1791090913159215058\assembly\feature-0\wow64_microsoft-windows-mccs-syncres_31bf3856ad364e35_10.0.19041.1_none_3c6edc646b45088e\SyncRes.dll to Extraction Queue
Adding C:\wim-uup-validation-1791090913159215058\assembly\feature-0\wow64_microsoft-windows-mccs-syncres_31bf3856ad364e35_10.0.19041.1_none_3c6edc646b45088e.manifest to Extraction Queue
Adding C:\wim-uup-validation-1791090913159215058\assembly\feature-0\wow64_microsoft-windows-mccs-syncutil_31bf3856ad364e35_10.0.19041.1_none_86cce7f676e99d52\LiveDomainList.txt to Extraction Queue
Adding C:\wim-uup-validation-1791090913159215058\assembly\feature-0\wow64_microsoft-windows-mccs-syncutil_31bf3856ad364e35_10.0.19041.1_none_86cce7f676e99d52\syncutil.dll to Extraction Queue
Adding C:\wim-uup-validation-1791090913159215058\assembly\feature-0\wow64_microsoft-windows-mccs-syncutil_31bf3856ad364e35_10.0.19041.1_none_86cce7f676e99d52.manifest to Extraction Queue

Expanding Files ....

Expanding Files Complete ...
356 files total.
