Microsoft (R) File Expansion Utility
Copyright (c) Microsoft Corporation. All rights reserved.

Adding C:\wim-uup-validation-1791090913159215058\assembly\feature-6\$filehashes$.dat to Extraction Queue
Adding C:\wim-uup-validation-1791090913159215058\assembly\feature-6\amd64_microsoft-windows-l..ng-en-us-deployment_31bf3856ad364e35_10.0.19041.1_none_6f4ce2d69bd7530d.manifest to Extraction Queue
Adding C:\wim-uup-validation-1791090913159215058\assembly\feature-6\amd64_microsoft-windows-t..nkrecognition.en-ca_31bf3856ad364e35_10.0.19041.1_none_799aed230997c7b3\hwrenclm.dat to Extraction Queue
Adding C:\wim-uup-validation-1791090913159215058\assembly\feature-6\amd64_microsoft-windows-t..nkrecognition.en-ca_31bf3856ad364e35_10.0.19041.1_none_799aed230997c7b3.manifest to Extraction Queue
Adding C:\wim-uup-validation-1791090913159215058\assembly\feature-6\amd64_microsoft-windows-t..nkrecognition.en-us_31bf3856ad364e35_10.0.19041.1_none_78ea53bf0a1986c3\hwrenUSlm.dat to Extraction Queue
Adding C:\wim-uup-validation-1791090913159215058\assembly\feature-6\amd64_microsoft-windows-t..nkrecognition.en-us_31bf3856ad364e35_10.0.19041.1_none_78ea53bf0a1986c3\hwrusash.dat to Extraction Queue
Adding C:\wim-uup-validation-1791090913159215058\assembly\feature-6\amd64_microsoft-windows-t..nkrecognition.en-us_31bf3856ad364e35_10.0.19041.1_none_78ea53bf0a1986c3.manifest to Extraction Queue
Adding C:\wim-uup-validation-1791090913159215058\assembly\feature-6\Microsoft-Windows-LanguageFeatures-Handwriting-en-us-Package~31bf3856ad364e35~amd64~~10.0.19041.1.cat to Extraction Queue
Adding C:\wim-uup-validation-1791090913159215058\assembly\feature-6\Microsoft-Windows-LanguageFeatures-Handwriting-en-us-Package~31bf3856ad364e35~amd64~~10.0.19041.1.mum to Extraction Queue
Adding C:\wim-uup-validation-1791090913159215058\assembly\feature-6\Microsoft-Windows-LanguageFeatures-Handwriting-en-us-Package~31bf3856ad364e35~wow64~~10.0.19041.1.cat to Extraction Queue
Adding C:\wim-uup-validation-1791090913159215058\assembly\feature-6\Microsoft-Windows-LanguageFeatures-Handwriting-en-us-Package~31bf3856ad364e35~wow64~~10.0.19041.1.mum to Extraction Queue
Adding C:\wim-uup-validation-1791090913159215058\assembly\feature-6\update.cat to Extraction Queue
Adding C:\wim-uup-validation-1791090913159215058\assembly\feature-6\update.mum to Extraction Queue
Adding C:\wim-uup-validation-1791090913159215058\assembly\feature-6\wow64_microsoft-windows-l..od-wow64-deployment_31bf3856ad364e35_10.0.19041.1_none_39b63e36356b7762.manifest to Extraction Queue
Adding C:\wim-uup-validation-1791090913159215058\assembly\feature-6\wow64_microsoft-windows-t..nkrecognition.en-ca_31bf3856ad364e35_10.0.19041.1_none_83ef97753df889ae.manifest to Extraction Queue
Adding C:\wim-uup-validation-1791090913159215058\assembly\feature-6\wow64_microsoft-windows-t..nkrecognition.en-us_31bf3856ad364e35_10.0.19041.1_none_833efe113e7a48be.manifest to Extraction Queue

Expanding Files ....

Expanding Files Complete ...
16 files total.
