Microsoft (R) File Expansion Utility
Copyright (c) Microsoft Corporation. All rights reserved.

Adding C:\wim-uup-validation-1791090913159215058\assembly\feature-16\$filehashes$.dat to Extraction Queue
Adding C:\wim-uup-validation-1791090913159215058\assembly\feature-16\amd64_microsoft-windows-quickassist-deployment_31bf3856ad364e35_10.0.19041.1_none_2ee30606e3427953.manifest to Extraction Queue
Adding C:\wim-uup-validation-1791090913159215058\assembly\feature-16\amd64_microsoft-windows-quickassist.resources_31bf3856ad364e35_10.0.19041.1_ar-sa_239ee5efa3cabed4\quickassist.exe.mui to Extraction Queue
Adding C:\wim-uup-validation-1791090913159215058\assembly\feature-16\amd64_microsoft-windows-quickassist.resources_31bf3856ad364e35_10.0.19041.1_ar-sa_239ee5efa3cabed4.manifest to Extraction Queue
Adding C:\wim-uup-validation-1791090913159215058\assembly\feature-16\amd64_microsoft-windows-quickassist.resources_31bf3856ad364e35_10.0.19041.1_bg-bg_c9dec778944b102b\quickassist.exe.mui to Extraction Queue
Adding C:\wim-uup-validation-1791090913159215058\assembly\feature-16\amd64_microsoft-windows-quickassist.resources_31bf3856ad364e35_10.0.19041.1_bg-bg_c9dec778944b102b.manifest to Extraction Queue
Adding C:\wim-uup-validation-1791090913159215058\assembly\feature-16\amd64_microsoft-windows-quickassist.resources_31bf3856ad364e35_10.0.19041.1_cs-cz_74e83e1381d2ec56\quickassist.exe.mui to Extraction Queue
Adding C:\wim-uup-validation-1791090913159215058\assembly\feature-16\amd64_microsoft-windows-quickassist.resources_31bf3856ad364e35_10.0.19041.1_cs-cz_74e83e1381d2ec56.manifest to Extraction Queue
Adding C:\wim-uup-validation-1791090913159215058\assembly\feature-16\amd64_microsoft-windows-quickassist.resources_31bf3856ad364e35_10.0.19041.1_da-dk_12221e3a7818e855\quickassist.exe.mui to Extraction Queue
Adding C:\wim-uup-validation-1791090913159215058\assembly\feature-16\amd64_microsoft-windows-quickassist.resources_31bf3856ad364e35_10.0.19041.1_da-dk_12221e3a7818e855.manifest to Extraction Queue
Adding C:\wim-uup-validation-1791090913159215058\assembly\feature-16\amd64_microsoft-windows-quickassist.resources_31bf3856ad364e35_10.0.19041.1_de-de_0f4db37679ef3cef\quickassist.exe.mui to Extraction Queue
Adding C:\wim-uup-validation-1791090913159215058\assembly\feature-16\amd64_microsoft-windows-quickassist.resources_31bf3856ad364e35_10.0.19041.1_de-de_0f4db37679ef3cef.manifest to Extraction Queue
Adding C:\wim-uup-validation-1791090913159215058\assembly\feature-16\amd64_microsoft-windows-quickassist.resources_31bf3856ad364e35_10.0.19041.1_el-gr_b7e3e1096904a57d\quickassist.exe.mui to Extraction Queue
Adding C:\wim-uup-validation-1791090913159215058\assembly\feature-16\amd64_microsoft-windows-quickassist.resources_31bf3856ad364e35_10.0.19041.1_el-gr_b7e3e1096904a57d.manifest to Extraction Queue
Adding C:\wim-uup-validation-1791090913159215058\assembly\feature-16\amd64_microsoft-windows-quickassist.resources_31bf3856ad364e35_10.0.19041.1_en-gb_b0b5ce516da494ef\quickassist.exe.mui to Extraction Queue
Adding C:\wim-uup-validation-1791090913159215058\assembly\feature-16\amd64_microsoft-windows-quickassist.resources_31bf3856ad364e35_10.0.19041.1_en-gb_b0b5ce516da494ef.manifest to Extraction Queue
Adding C:\wim-uup-validation-1791090913159215058\assembly\feature-16\amd64_microsoft-windows-quickassist.resources_31bf3856ad364e35_10.0.19041.1_en-us_b83e896f68cd48b4\quickassist.exe.mui to Extraction Queue
Adding C:\wim-uup-validation-1791090913159215058\assembly\feature-16\amd64_microsoft-windows-quickassist.resources_31bf3856ad364e35_10.0.19041.1_en-us_b83e896f68cd48b4.manifest to Extraction Queue
Adding C:\wim-uup-validation-1791090913159215058\assembly\feature-16\amd64_microsoft-windows-quickassist.resources_31bf3856ad364e35_10.0.19041.1_es-es_b809e65368f43a59\quickassist.exe.mui to Extraction Queue
Adding C:\wim-uup-validation-1791090913159215058\assembly\feature-16\amd64_microsoft-windows-quickassist.resources_31bf3856ad364e35_10.0.19041.1_es-es_b809e65368f43a59.manifest to Extraction Queue
Adding C:\wim-uup-validation-1791090913159215058\assembly\feature-16\amd64_microsoft-windows-quickassist.resources_31bf3856ad364e35_10.0.19041.1_es-mx_ba40d3f967881e04\quickassist.exe.mui to Extraction Queue
Adding C:\wim-uup-validation-1791090913159215058\assembly\feature-16\amd64_microsoft-windows-quickassist.resources_31bf3856ad364e35_10.0.19041.1_es-mx_ba40d3f967881e04.manifest to Extraction Queue
Adding C:\wim-uup-validation-1791090913159215058\assembly\feature-16\amd64_microsoft-windows-quickassist.resources_31bf3856ad364e35_10.0.19041.1_et-ee_b1c9b1e36cfa16e8\quickassist.exe.mui to Extraction Queue
Adding C:\wim-uup-validation-1791090913159215058\assembly\feature-16\amd64_microsoft-windows-quickassist.resources_31bf3856ad364e35_10.0.19041.1_et-ee_b1c9b1e36cfa16e8.manifest to Extraction Queue
Adding C:\wim-uup-validation-1791090913159215058\assembly\feature-16\amd64_microsoft-windows-quickassist.resources_31bf3856ad364e35_10.0.19041.1_fi-fi_5724eb005e0e2c83\quickassist.exe.mui to Extraction Queue
Adding C:\wim-uup-validation-1791090913159215058\assembly\feature-16\amd64_microsoft-windows-quickassist.resources_31bf3856ad364e35_10.0.19041.1_fi-fi_5724eb005e0e2c83.manifest to Extraction Queue
Adding C:\wim-uup-validation-1791090913159215058\assembly\feature-16\amd64_microsoft-windows-quickassist.resources_31bf3856ad364e35_10.0.19041.1_fr-ca_5337a69c609eb6e1\quickassist.exe.mui to Extraction Queue
Adding C:\wim-uup-validation-1791090913159215058\assembly\feature-16\amd64_microsoft-windows-quickassist.resources_31bf3856ad364e35_10.0.19041.1_fr-ca_5337a69c609eb6e1.manifest to Extraction Queue
Adding C:\wim-uup-validation-1791090913159215058\assembly\feature-16\amd64_microsoft-windows-quickassist.resources_31bf3856ad364e35_10.0.19041.1_fr-fr_5ac15c525bc650bb\quickassist.exe.mui to Extraction Queue
Adding C:\wim-uup-validation-1791090913159215058\assembly\feature-16\amd64_microsoft-windows-quickassist.resources_31bf3856ad364e35_10.0.19041.1_fr-fr_5ac15c525bc650bb.manifest to Extraction Queue
Adding C:\wim-uup-validation-1791090913159215058\assembly\feature-16\amd64_microsoft-windows-quickassist.resources_31bf3856ad364e35_10.0.19041.1_he-il_9ee103f4423551a9\quickassist.exe.mui to Extraction Queue
Adding C:\wim-uup-validation-1791090913159215058\assembly\feature-16\amd64_microsoft-windows-quickassist.resources_31bf3856ad364e35_10.0.19041.1_he-il_9ee103f4423551a9.manifest to Extraction Queue
Adding C:\wim-uup-validation-1791090913159215058\assembly\feature-16\amd64_microsoft-windows-quickassist.resources_31bf3856ad364e35_10.0.19041.1_hr-hr_a0fdb6d440e8be6f\quickassist.exe.mui to Extraction Queue
Adding C:\wim-uup-validation-1791090913159215058\assembly\feature-16\amd64_microsoft-windows-quickassist.resources_31bf3856ad364e35_10.0.19041.1_hr-hr_a0fdb6d440e8be6f.manifest to Extraction Queue
Adding C:\wim-uup-validation-1791090913159215058\assembly\feature-16\amd64_microsoft-windows-quickassist.resources_31bf3856ad364e35_10.0.19041.1_hu-hu_a231dc9a40261fd7\quickassist.exe.mui to Extraction Queue
Adding C:\wim-uup-validation-1791090913159215058\assembly\feature-16\amd64_microsoft-windows-quickassist.resources_31bf3856ad364e35_10.0.19041.1_hu-hu_a231dc9a40261fd7.manifest to Extraction Queue
Adding C:\wim-uup-validation-1791090913159215058\assembly\feature-16\amd64_microsoft-windows-quickassist.resources_31bf3856ad364e35_10.0.19041.1_it-it_44e9529932f83639\quickassist.exe.mui to Extraction Queue
Adding C:\wim-uup-validation-1791090913159215058\assembly\feature-16\amd64_microsoft-windows-quickassist.resources_31bf3856ad364e35_10.0.19041.1_it-it_44e9529932f83639.manifest to Extraction Queue
Adding C:\wim-uup-validation-1791090913159215058\assembly\feature-16\amd64_microsoft-windows-quickassist.resources_31bf3856ad364e35_10.0.19041.1_ja-jp_e70ed1a626134814\quickassist.exe.mui to Extraction Queue
Adding C:\wim-uup-validation-1791090913159215058\assembly\feature-16\amd64_microsoft-windows-quickassist.resources_31bf3856ad364e35_10.0.19041.1_ja-jp_e70ed1a626134814.manifest to Extraction Queue
Adding C:\wim-uup-validation-1791090913159215058\assembly\feature-16\amd64_microsoft-windows-quickassist.resources_31bf3856ad364e35_10.0.19041.1_ko-kr_8a78ae5b18840f2a\quickassist.exe.mui to Extraction Queue
Adding C:\wim-uup-validation-1791090913159215058\assembly\feature-16\amd64_microsoft-windows-quickassist.resources_31bf3856ad364e35_10.0.19041.1_ko-kr_8a78ae5b18840f2a.manifest to Extraction Queue
Adding C:\wim-uup-validation-1791090913159215058\assembly\feature-16\amd64_microsoft-windows-quickassist.resources_31bf3856ad364e35_10.0.19041.1_lt-lt_2e43da5c0aabdac7\quickassist.exe.mui to Extraction Queue
Adding C:\wim-uup-validation-1791090913159215058\assembly\feature-16\amd64_microsoft-windows-quickassist.resources_31bf3856ad364e35_10.0.19041.1_lt-lt_2e43da5c0aabdac7.manifest to Extraction Queue
Adding C:\wim-uup-validation-1791090913159215058\assembly\feature-16\amd64_microsoft-windows-quickassist.resources_31bf3856ad364e35_10.0.19041.1_lv-lv_2f1148e00a2a1bb7\quickassist.exe.mui to Extraction Queue
Adding C:\wim-uup-validation-1791090913159215058\assembly\feature-16\amd64_microsoft-windows-quickassist.resources_31bf3856ad364e35_10.0.19041.1_lv-lv_2f1148e00a2a1bb7.manifest to Extraction Queue
Adding C:\wim-uup-validation-1791090913159215058\assembly\feature-16\amd64_microsoft-windows-quickassist.resources_31bf3856ad364e35_10.0.19041.1_nb-no_730b2f8ff0a93ae6\quickassist.exe.mui to Extraction Queue
Adding C:\wim-uup-validation-1791090913159215058\assembly\feature-16\amd64_microsoft-windows-quickassist.resources_31bf3856ad364e35_10.0.19041.1_nb-no_730b2f8ff0a93ae6.manifest to Extraction Queue
Adding C:\wim-uup-validation-1791090913159215058\assembly\feature-16\amd64_microsoft-windows-quickassist.resources_31bf3856ad364e35_10.0.19041.1_nl-nl_714a7acdf1d544bb\quickassist.exe.mui to Extraction Queue
Adding C:\wim-uup-validation-1791090913159215058\assembly\feature-16\amd64_microsoft-windows-quickassist.resources_31bf3856ad364e35_10.0.19041.1_nl-nl_714a7acdf1d544bb.manifest to Extraction Queue
Adding C:\wim-uup-validation-1791090913159215058\assembly\feature-16\amd64_microsoft-windows-quickassist.resources_31bf3856ad364e35_10.0.19041.1_pl-pl_b786d54fd6f7b26f\quickassist.exe.mui to Extraction Queue
Adding C:\wim-uup-validation-1791090913159215058\assembly\feature-16\amd64_microsoft-windows-quickassist.resources_31bf3856ad364e35_10.0.19041.1_pl-pl_b786d54fd6f7b26f.manifest to Extraction Queue
Adding C:\wim-uup-validation-1791090913159215058\assembly\feature-16\amd64_microsoft-windows-quickassist.resources_31bf3856ad364e35_10.0.19041.1_pt-br_b9dabff3d5814653\quickassist.exe.mui to Extraction Queue
Adding C:\wim-uup-validation-1791090913159215058\assembly\feature-16\amd64_microsoft-windows-quickassist.resources_31bf3856ad364e35_10.0.19041.1_pt-br_b9dabff3d5814653.manifest to Extraction Queue
Adding C:\wim-uup-validation-1791090913159215058\assembly\feature-16\amd64_microsoft-windows-quickassist.resources_31bf3856ad364e35_10.0.19041.1_pt-pt_babc8f5fd4f0b62f\quickassist.exe.mui to Extraction Queue
Adding C:\wim-uup-validation-1791090913159215058\assembly\feature-16\amd64_microsoft-windows-quickassist.resources_31bf3856ad364e35_10.0.19041.1_pt-pt_babc8f5fd4f0b62f.manifest to Extraction Queue
Adding C:\wim-uup-validation-1791090913159215058\assembly\feature-16\amd64_microsoft-windows-quickassist.resources_31bf3856ad364e35_10.0.19041.1_ro-ro_fef75597bb57818b\quickassist.exe.mui to Extraction Queue
Adding C:\wim-uup-validation-1791090913159215058\assembly\feature-16\amd64_microsoft-windows-quickassist.resources_31bf3856ad364e35_10.0.19041.1_ro-ro_fef75597bb57818b.manifest to Extraction Queue
Adding C:\wim-uup-validation-1791090913159215058\assembly\feature-16\amd64_microsoft-windows-quickassist.resources_31bf3856ad364e35_10.0.19041.1_ru-ru_015fa123b9d2445b\quickassist.exe.mui to Extraction Queue
Adding C:\wim-uup-validation-1791090913159215058\assembly\feature-16\amd64_microsoft-windows-quickassist.resources_31bf3856ad364e35_10.0.19041.1_ru-ru_015fa123b9d2445b.manifest to Extraction Queue
Adding C:\wim-uup-validation-1791090913159215058\assembly\feature-16\amd64_microsoft-windows-quickassist.resources_31bf3856ad364e35_10.0.19041.1_sk-sk_a07aa5d0aeec3685\quickassist.exe.mui to Extraction Queue
Adding C:\wim-uup-validation-1791090913159215058\assembly\feature-16\amd64_microsoft-windows-quickassist.resources_31bf3856ad364e35_10.0.19041.1_sk-sk_a07aa5d0aeec3685.manifest to Extraction Queue
Adding C:\wim-uup-validation-1791090913159215058\assembly\feature-16\amd64_microsoft-windows-quickassist.resources_31bf3856ad364e35_10.0.19041.1_sl-si_9f8cc788af864968\quickassist.exe.mui to Extraction Queue
Adding C:\wim-uup-validation-1791090913159215058\assembly\feature-16\amd64_microsoft-windows-quickassist.resources_31bf3856ad364e35_10.0.19041.1_sl-si_9f8cc788af864968.manifest to Extraction Queue
Adding C:\wim-uup-validation-1791090913159215058\assembly\feature-16\amd64_microsoft-windows-quickassist.resources_31bf3856ad364e35_10.0.19041.1_sr-..-rs_45bd2fcd2497f099\quickassist.exe.mui to Extraction Queue
Adding C:\wim-uup-validation-1791090913159215058\assembly\feature-16\amd64_microsoft-windows-quickassist.resources_31bf3856ad364e35_10.0.19041.1_sr-..-rs_45bd2fcd2497f099.manifest to Extraction Queue
Adding C:\wim-uup-validation-1791090913159215058\assembly\feature-16\amd64_microsoft-windows-quickassist.resources_31bf3856ad364e35_10.0.19041.1_sv-se_9d5a8b98b0fb4eb6\quickassist.exe.mui to Extraction Queue
Adding C:\wim-uup-validation-1791090913159215058\assembly\feature-16\amd64_microsoft-windows-quickassist.resources_31bf3856ad364e35_10.0.19041.1_sv-se_9d5a8b98b0fb4eb6.manifest to Extraction Queue
Adding C:\wim-uup-validation-1791090913159215058\assembly\feature-16\amd64_microsoft-windows-quickassist.resources_31bf3856ad364e35_10.0.19041.1_th-th_4264ad4ba2400bf7\quickassist.exe.mui to Extraction Queue
Adding C:\wim-uup-validation-1791090913159215058\assembly\feature-16\amd64_microsoft-windows-quickassist.resources_31bf3856ad364e35_10.0.19041.1_th-th_4264ad4ba2400bf7.manifest to Extraction Queue
Adding C:\wim-uup-validation-1791090913159215058\assembly\feature-16\amd64_microsoft-windows-quickassist.resources_31bf3856ad364e35_10.0.19041.1_tr-tr_4667d5df9fb750a7\quickassist.exe.mui to Extraction Queue
Adding C:\wim-uup-validation-1791090913159215058\assembly\feature-16\amd64_microsoft-windows-quickassist.resources_31bf3856ad364e35_10.0.19041.1_tr-tr_4667d5df9fb750a7.manifest to Extraction Queue
Adding C:\wim-uup-validation-1791090913159215058\assembly\feature-16\amd64_microsoft-windows-quickassist.resources_31bf3856ad364e35_10.0.19041.1_uk-ua_e247b88696e876f3\quickassist.exe.mui to Extraction Queue
Adding C:\wim-uup-validation-1791090913159215058\assembly\feature-16\amd64_microsoft-windows-quickassist.resources_31bf3856ad364e35_10.0.19041.1_uk-ua_e247b88696e876f3.manifest to Extraction Queue
Adding C:\wim-uup-validation-1791090913159215058\assembly\feature-16\amd64_microsoft-windows-quickassist.resources_31bf3856ad364e35_10.0.19041.1_zh-cn_17c4f3dd4fef22c6\quickassist.exe.mui to Extraction Queue
Adding C:\wim-uup-validation-1791090913159215058\assembly\feature-16\amd64_microsoft-windows-quickassist.resources_31bf3856ad364e35_10.0.19041.1_zh-cn_17c4f3dd4fef22c6.manifest to Extraction Queue
Adding C:\wim-uup-validation-1791090913159215058\assembly\feature-16\amd64_microsoft-windows-quickassist.resources_31bf3856ad364e35_10.0.19041.1_zh-tw_1bc131334d5fff36\quickassist.exe.mui to Extraction Queue
Adding C:\wim-uup-validation-1791090913159215058\assembly\feature-16\amd64_microsoft-windows-quickassist.resources_31bf3856ad364e35_10.0.19041.1_zh-tw_1bc131334d5fff36.manifest to Extraction Queue
Adding C:\wim-uup-validation-1791090913159215058\assembly\feature-16\amd64_microsoft-windows-quickassist_31bf3856ad364e35_10.0.19041.1_none_b3f1d9ff0e206c99\Quick Assist.lnk to Extraction Queue
Adding C:\wim-uup-validation-1791090913159215058\assembly\feature-16\amd64_microsoft-windows-quickassist_31bf3856ad364e35_10.0.19041.1_none_b3f1d9ff0e206c99\quickassist.exe to Extraction Queue
Adding C:\wim-uup-validation-1791090913159215058\assembly\feature-16\amd64_microsoft-windows-quickassist_31bf3856ad364e35_10.0.19041.1_none_b3f1d9ff0e206c99.manifest to Extraction Queue
Adding C:\wim-uup-validation-1791090913159215058\assembly\feature-16\Microsoft-Windows-QuickAssist-Package~31bf3856ad364e35~amd64~~10.0.19041.1.cat to Extraction Queue
Adding C:\wim-uup-validation-1791090913159215058\assembly\feature-16\Microsoft-Windows-QuickAssist-Package~31bf3856ad364e35~amd64~~10.0.19041.1.mum to Extraction Queue
Adding C:\wim-uup-validation-1791090913159215058\assembly\feature-16\Microsoft-Windows-QuickAssist-Package~31bf3856ad364e35~wow64~~10.0.19041.1.cat to Extraction Queue
Adding C:\wim-uup-validation-1791090913159215058\assembly\feature-16\Microsoft-Windows-QuickAssist-Package~31bf3856ad364e35~wow64~~10.0.19041.1.mum to Extraction Queue
Adding C:\wim-uup-validation-1791090913159215058\assembly\feature-16\update.cat to Extraction Queue
Adding C:\wim-uup-validation-1791090913159215058\assembly\feature-16\update.mum to Extraction Queue
Adding C:\wim-uup-validation-1791090913159215058\assembly\feature-16\wow64_microsoft-windows-q..od-wow64-deployment_31bf3856ad364e35_10.0.19041.1_none_bf8b4248e5a66586.manifest to Extraction Queue
Adding C:\wim-uup-validation-1791090913159215058\assembly\feature-16\wow64_microsoft-windows-quickassist.resources_31bf3856ad364e35_10.0.19041.1_ar-sa_2df39041d82b80cf\quickassist.exe.mui to Extraction Queue
Adding C:\wim-uup-validation-1791090913159215058\assembly\feature-16\wow64_microsoft-windows-quickassist.resources_31bf3856ad364e35_10.0.19041.1_ar-sa_2df39041d82b80cf.manifest to Extraction Queue
Adding C:\wim-uup-validation-1791090913159215058\assembly\feature-16\wow64_microsoft-windows-quickassist.resources_31bf3856ad364e35_10.0.19041.1_bg-bg_d43371cac8abd226\quickassist.exe.mui to Extraction Queue
Adding C:\wim-uup-validation-1791090913159215058\assembly\feature-16\wow64_microsoft-windows-quickassist.resources_31bf3856ad364e35_10.0.19041.1_bg-bg_d43371cac8abd226.manifest to Extraction Queue
Adding C:\wim-uup-validation-1791090913159215058\assembly\feature-16\wow64_microsoft-windows-quickassist.resources_31bf3856ad364e35_10.0.19041.1_cs-cz_7f3ce865b633ae51\quickassist.exe.mui to Extraction Queue
Adding C:\wim-uup-validation-1791090913159215058\assembly\feature-16\wow64_microsoft-windows-quickassist.resources_31bf3856ad364e35_10.0.19041.1_cs-cz_7f3ce865b633ae51.manifest to Extraction Queue
Adding C:\wim-uup-validation-1791090913159215058\assembly\feature-16\wow64_microsoft-windows-quickassist.resources_31bf3856ad364e35_10.0.19041.1_da-dk_1c76c88cac79aa50\quickassist.exe.mui to Extraction Queue
Adding C:\wim-uup-validation-1791090913159215058\assembly\feature-16\wow64_microsoft-windows-quickassist.resources_31bf3856ad364e35_10.0.19041.1_da-dk_1c76c88cac79aa50.manifest to Extraction Queue
Adding C:\wim-uup-validation-1791090913159215058\assembly\feature-16\wow64_microsoft-windows-quickassist.resources_31bf3856ad364e35_10.0.19041.1_de-de_19a25dc8ae4ffeea\quickassist.exe.mui to Extraction Queue
Adding C:\wim-uup-validation-1791090913159215058\assembly\feature-16\wow64_microsoft-windows-quickassist.resources_31bf3856ad364e35_10.0.19041.1_de-de_19a25dc8ae4ffeea.manifest to Extraction Queue
Adding C:\wim-uup-validation-1791090913159215058\assembly\feature-16\wow64_microsoft-windows-quickassist.resources_31bf3856ad364e35_10.0.19041.1_el-gr_c2388b5b9d656778\quickassist.exe.mui to Extraction Queue
Adding C:\wim-uup-validation-1791090913159215058\assembly\feature-16\wow64_microsoft-windows-quickassist.resources_31bf3856ad364e35_10.0.19041.1_el-gr_c2388b5b9d656778.manifest to Extraction Queue
Adding C:\wim-uup-validation-1791090913159215058\assembly\feature-16\wow64_microsoft-windows-quickassist.resources_31bf3856ad364e35_10.0.19041.1_en-gb_bb0a78a3a20556ea\quickassist.exe.mui to Extraction Queue
Adding C:\wim-uup-validation-1791090913159215058\assembly\feature-16\wow64_microsoft-windows-quickassist.resources_31bf3856ad364e35_10.0.19041.1_en-gb_bb0a78a3a20556ea.manifest to Extraction Queue
Adding C:\wim-uup-validation-1791090913159215058\assembly\feature-16\wow64_microsoft-windows-quickassist.resources_31bf3856ad364e35_10.0.19041.1_en-us_c29333c19d2e0aaf\quickassist.exe.mui to Extraction Queue
Adding C:\wim-uup-validation-1791090913159215058\assembly\feature-16\wow64_microsoft-windows-quickassist.resources_31bf3856ad364e35_10.0.19041.1_en-us_c29333c19d2e0aaf.manifest to Extraction Queue
Adding C:\wim-uup-validation-1791090913159215058\assembly\feature-16\wow64_microsoft-windows-quickassist.resources_31bf3856ad364e35_10.0.19041.1_es-es_c25e90a59d54fc54\quickassist.exe.mui to Extraction Queue
Adding C:\wim-uup-validation-1791090913159215058\assembly\feature-16\wow64_microsoft-windows-quickassist.resources_31bf3856ad364e35_10.0.19041.1_es-es_c25e90a59d54fc54.manifest to Extraction Queue
Adding C:\wim-uup-validation-1791090913159215058\assembly\feature-16\wow64_microsoft-windows-quickassist.resources_31bf3856ad364e35_10.0.19041.1_es-mx_c4957e4b9be8dfff\quickassist.exe.mui to Extraction Queue
Adding C:\wim-uup-validation-1791090913159215058\assembly\feature-16\wow64_microsoft-windows-quickassist.resources_31bf3856ad364e35_10.0.19041.1_es-mx_c4957e4b9be8dfff.manifest to Extraction Queue
Adding C:\wim-uup-validation-1791090913159215058\assembly\feature-16\wow64_microsoft-windows-quickassist.resources_31bf3856ad364e35_10.0.19041.1_et-ee_bc1e5c35a15ad8e3\quickassist.exe.mui to Extraction Queue
Adding C:\wim-uup-validation-1791090913159215058\assembly\feature-16\wow64_microsoft-windows-quickassist.resources_31bf3856ad364e35_10.0.19041.1_et-ee_bc1e5c35a15ad8e3.manifest to Extraction Queue
Adding C:\wim-uup-validation-1791090913159215058\assembly\feature-16\wow64_microsoft-windows-quickassist.resources_31bf3856ad364e35_10.0.19041.1_fi-fi_61799552926eee7e\quickassist.exe.mui to Extraction Queue
Adding C:\wim-uup-validation-1791090913159215058\assembly\feature-16\wow64_microsoft-windows-quickassist.resources_31bf3856ad364e35_10.0.19041.1_fi-fi_61799552926eee7e.manifest to Extraction Queue
Adding C:\wim-uup-validation-1791090913159215058\assembly\feature-16\wow64_microsoft-windows-quickassist.resources_31bf3856ad364e35_10.0.19041.1_fr-ca_5d8c50ee94ff78dc\quickassist.exe.mui to Extraction Queue
Adding C:\wim-uup-validation-1791090913159215058\assembly\feature-16\wow64_microsoft-windows-quickassist.resources_31bf3856ad364e35_10.0.19041.1_fr-ca_5d8c50ee94ff78dc.manifest to Extraction Queue
Adding C:\wim-uup-validation-1791090913159215058\assembly\feature-16\wow64_microsoft-windows-quickassist.resources_31bf3856ad364e35_10.0.19041.1_fr-fr_651606a4902712b6\quickassist.exe.mui to Extraction Queue
Adding C:\wim-uup-validation-1791090913159215058\assembly\feature-16\wow64_microsoft-windows-quickassist.resources_31bf3856ad364e35_10.0.19041.1_fr-fr_651606a4902712b6.manifest to Extraction Queue
Adding C:\wim-uup-validation-1791090913159215058\assembly\feature-16\wow64_microsoft-windows-quickassist.resources_31bf3856ad364e35_10.0.19041.1_he-il_a935ae46769613a4\quickassist.exe.mui to Extraction Queue
Adding C:\wim-uup-validation-1791090913159215058\assembly\feature-16\wow64_microsoft-windows-quickassist.resources_31bf3856ad364e35_10.0.19041.1_he-il_a935ae46769613a4.manifest to Extraction Queue
Adding C:\wim-uup-validation-1791090913159215058\assembly\feature-16\wow64_microsoft-windows-quickassist.resources_31bf3856ad364e35_10.0.19041.1_hr-hr_ab5261267549806a\quickassist.exe.mui to Extraction Queue
Adding C:\wim-uup-validation-1791090913159215058\assembly\feature-16\wow64_microsoft-windows-quickassist.resources_31bf3856ad364e35_10.0.19041.1_hr-hr_ab5261267549806a.manifest to Extraction Queue
Adding C:\wim-uup-validation-1791090913159215058\assembly\feature-16\wow64_microsoft-windows-quickassist.resources_31bf3856ad364e35_10.0.19041.1_hu-hu_ac8686ec7486e1d2\quickassist.exe.mui to Extraction Queue
Adding C:\wim-uup-validation-1791090913159215058\assembly\feature-16\wow64_microsoft-windows-quickassist.resources_31bf3856ad364e35_10.0.19041.1_hu-hu_ac8686ec7486e1d2.manifest to Extraction Queue
Adding C:\wim-uup-validation-1791090913159215058\assembly\feature-16\wow64_microsoft-windows-quickassist.resources_31bf3856ad364e35_10.0.19041.1_it-it_4f3dfceb6758f834\quickassist.exe.mui to Extraction Queue
Adding C:\wim-uup-validation-1791090913159215058\assembly\feature-16\wow64_microsoft-windows-quickassist.resources_31bf3856ad364e35_10.0.19041.1_it-it_4f3dfceb6758f834.manifest to Extraction Queue
Adding C:\wim-uup-validation-1791090913159215058\assembly\feature-16\wow64_microsoft-windows-quickassist.resources_31bf3856ad364e35_10.0.19041.1_ja-jp_f1637bf85a740a0f\quickassist.exe.mui to Extraction Queue
Adding C:\wim-uup-validation-1791090913159215058\assembly\feature-16\wow64_microsoft-windows-quickassist.resources_31bf3856ad364e35_10.0.19041.1_ja-jp_f1637bf85a740a0f.manifest to Extraction Queue
Adding C:\wim-uup-validation-1791090913159215058\assembly\feature-16\wow64_microsoft-windows-quickassist.resources_31bf3856ad364e35_10.0.19041.1_ko-kr_94cd58ad4ce4d125\quickassist.exe.mui to Extraction Queue
Adding C:\wim-uup-validation-1791090913159215058\assembly\feature-16\wow64_microsoft-windows-quickassist.resources_31bf3856ad364e35_10.0.19041.1_ko-kr_94cd58ad4ce4d125.manifest to Extraction Queue
Adding C:\wim-uup-validation-1791090913159215058\assembly\feature-16\wow64_microsoft-windows-quickassist.resources_31bf3856ad364e35_10.0.19041.1_lt-lt_389884ae3f0c9cc2\quickassist.exe.mui to Extraction Queue
Adding C:\wim-uup-validation-1791090913159215058\assembly\feature-16\wow64_microsoft-windows-quickassist.resources_31bf3856ad364e35_10.0.19041.1_lt-lt_389884ae3f0c9cc2.manifest to Extraction Queue
Adding C:\wim-uup-validation-1791090913159215058\assembly\feature-16\wow64_microsoft-windows-quickassist.resources_31bf3856ad364e35_10.0.19041.1_lv-lv_3965f3323e8addb2\quickassist.exe.mui to Extraction Queue
Adding C:\wim-uup-validation-1791090913159215058\assembly\feature-16\wow64_microsoft-windows-quickassist.resources_31bf3856ad364e35_10.0.19041.1_lv-lv_3965f3323e8addb2.manifest to Extraction Queue
Adding C:\wim-uup-validation-1791090913159215058\assembly\feature-16\wow64_microsoft-windows-quickassist.resources_31bf3856ad364e35_10.0.19041.1_nb-no_7d5fd9e22509fce1\quickassist.exe.mui to Extraction Queue
Adding C:\wim-uup-validation-1791090913159215058\assembly\feature-16\wow64_microsoft-windows-quickassist.resources_31bf3856ad364e35_10.0.19041.1_nb-no_7d5fd9e22509fce1.manifest to Extraction Queue
Adding C:\wim-uup-validation-1791090913159215058\assembly\feature-16\wow64_microsoft-windows-quickassist.resources_31bf3856ad364e35_10.0.19041.1_nl-nl_7b9f2520263606b6\quickassist.exe.mui to Extraction Queue
Adding C:\wim-uup-validation-1791090913159215058\assembly\feature-16\wow64_microsoft-windows-quickassist.resources_31bf3856ad364e35_10.0.19041.1_nl-nl_7b9f2520263606b6.manifest to Extraction Queue
Adding C:\wim-uup-validation-1791090913159215058\assembly\feature-16\wow64_microsoft-windows-quickassist.resources_31bf3856ad364e35_10.0.19041.1_pl-pl_c1db7fa20b58746a\quickassist.exe.mui to Extraction Queue
Adding C:\wim-uup-validation-1791090913159215058\assembly\feature-16\wow64_microsoft-windows-quickassist.resources_31bf3856ad364e35_10.0.19041.1_pl-pl_c1db7fa20b58746a.manifest to Extraction Queue
Adding C:\wim-uup-validation-1791090913159215058\assembly\feature-16\wow64_microsoft-windows-quickassist.resources_31bf3856ad364e35_10.0.19041.1_pt-br_c42f6a4609e2084e\quickassist.exe.mui to Extraction Queue
Adding C:\wim-uup-validation-1791090913159215058\assembly\feature-16\wow64_microsoft-windows-quickassist.resources_31bf3856ad364e35_10.0.19041.1_pt-br_c42f6a4609e2084e.manifest to Extraction Queue
Adding C:\wim-uup-validation-1791090913159215058\assembly\feature-16\wow64_microsoft-windows-quickassist.resources_31bf3856ad364e35_10.0.19041.1_pt-pt_c51139b20951782a\quickassist.exe.mui to Extraction Queue
Adding C:\wim-uup-validation-1791090913159215058\assembly\feature-16\wow64_microsoft-windows-quickassist.resources_31bf3856ad364e35_10.0.19041.1_pt-pt_c51139b20951782a.manifest to Extraction Queue
Adding C:\wim-uup-validation-1791090913159215058\assembly\feature-16\wow64_microsoft-windows-quickassist.resources_31bf3856ad364e35_10.0.19041.1_ro-ro_094bffe9efb84386\quickassist.exe.mui to Extraction Queue
Adding C:\wim-uup-validation-1791090913159215058\assembly\feature-16\wow64_microsoft-windows-quickassist.resources_31bf3856ad364e35_10.0.19041.1_ro-ro_094bffe9efb84386.manifest to Extraction Queue
Adding C:\wim-uup-validation-1791090913159215058\assembly\feature-16\wow64_microsoft-windows-quickassist.resources_31bf3856ad364e35_10.0.19041.1_ru-ru_0bb44b75ee330656\quickassist.exe.mui to Extraction Queue
Adding C:\wim-uup-validation-1791090913159215058\assembly\feature-16\wow64_microsoft-windows-quickassist.resources_31bf3856ad364e35_10.0.19041.1_ru-ru_0bb44b75ee330656.manifest to Extraction Queue
Adding C:\wim-uup-validation-1791090913159215058\assembly\feature-16\wow64_microsoft-windows-quickassist.resources_31bf3856ad364e35_10.0.19041.1_sk-sk_aacf5022e34cf880\quickassist.exe.mui to Extraction Queue
Adding C:\wim-uup-validation-1791090913159215058\assembly\feature-16\wow64_microsoft-windows-quickassist.resources_31bf3856ad364e35_10.0.19041.1_sk-sk_aacf5022e34cf880.manifest to Extraction Queue
Adding C:\wim-uup-validation-1791090913159215058\assembly\feature-16\wow64_microsoft-windows-quickassist.resources_31bf3856ad364e35_10.0.19041.1_sl-si_a9e171dae3e70b63\quickassist.exe.mui to Extraction Queue
Adding C:\wim-uup-validation-1791090913159215058\assembly\feature-16\wow64_microsoft-windows-quickassist.resources_31bf3856ad364e35_10.0.19041.1_sl-si_a9e171dae3e70b63.manifest to Extraction Queue
Adding C:\wim-uup-validation-1791090913159215058\assembly\feature-16\wow64_microsoft-windows-quickassist.resources_31bf3856ad364e35_10.0.19041.1_sr-..-rs_5011da1f58f8b294\quickassist.exe.mui to Extraction Queue
Adding C:\wim-uup-validation-1791090913159215058\assembly\feature-16\wow64_microsoft-windows-quickassist.resources_31bf3856ad364e35_10.0.19041.1_sr-..-rs_5011da1f58f8b294.manifest to Extraction Queue
Adding C:\wim-uup-validation-1791090913159215058\assembly\feature-16\wow64_microsoft-windows-quickassist.resources_31bf3856ad364e35_10.0.19041.1_sv-se_a7af35eae55c10b1\quickassist.exe.mui to Extraction Queue
Adding C:\wim-uup-validation-1791090913159215058\assembly\feature-16\wow64_microsoft-windows-quickassist.resources_31bf3856ad364e35_10.0.19041.1_sv-se_a7af35eae55c10b1.manifest to Extraction Queue
Adding C:\wim-uup-validation-1791090913159215058\assembly\feature-16\wow64_microsoft-windows-quickassist.resources_31bf3856ad364e35_10.0.19041.1_th-th_4cb9579dd6a0cdf2\quickassist.exe.mui to Extraction Queue
Adding C:\wim-uup-validation-1791090913159215058\assembly\feature-16\wow64_microsoft-windows-quickassist.resources_31bf3856ad364e35_10.0.19041.1_th-th_4cb9579dd6a0cdf2.manifest to Extraction Queue
Adding C:\wim-uup-validation-1791090913159215058\assembly\feature-16\wow64_microsoft-windows-quickassist.resources_31bf3856ad364e35_10.0.19041.1_tr-tr_50bc8031d41812a2\quickassist.exe.mui to Extraction Queue
Adding C:\wim-uup-validation-1791090913159215058\assembly\feature-16\wow64_microsoft-windows-quickassist.resources_31bf3856ad364e35_10.0.19041.1_tr-tr_50bc8031d41812a2.manifest to Extraction Queue
Adding C:\wim-uup-validation-1791090913159215058\assembly\feature-16\wow64_microsoft-windows-quickassist.resources_31bf3856ad364e35_10.0.19041.1_uk-ua_ec9c62d8cb4938ee\quickassist.exe.mui to Extraction Queue
Adding C:\wim-uup-validation-1791090913159215058\assembly\feature-16\wow64_microsoft-windows-quickassist.resources_31bf3856ad364e35_10.0.19041.1_uk-ua_ec9c62d8cb4938ee.manifest to Extraction Queue
Adding C:\wim-uup-validation-1791090913159215058\assembly\feature-16\wow64_microsoft-windows-quickassist.resources_31bf3856ad364e35_10.0.19041.1_zh-cn_22199e2f844fe4c1\quickassist.exe.mui to Extraction Queue
Adding C:\wim-uup-validation-1791090913159215058\assembly\feature-16\wow64_microsoft-windows-quickassist.resources_31bf3856ad364e35_10.0.19041.1_zh-cn_22199e2f844fe4c1.manifest to Extraction Queue
Adding C:\wim-uup-validation-1791090913159215058\assembly\feature-16\wow64_microsoft-windows-quickassist.resources_31bf3856ad364e35_10.0.19041.1_zh-tw_2615db8581c0c131\quickassist.exe.mui to Extraction Queue
Adding C:\wim-uup-validation-1791090913159215058\assembly\feature-16\wow64_microsoft-windows-quickassist.resources_31bf3856ad364e35_10.0.19041.1_zh-tw_2615db8581c0c131.manifest to Extraction Queue
Adding C:\wim-uup-validation-1791090913159215058\assembly\feature-16\wow64_microsoft-windows-quickassist_31bf3856ad364e35_10.0.19041.1_none_be46845142812e94\quickassist.exe to Extraction Queue
Adding C:\wim-uup-validation-1791090913159215058\assembly\feature-16\wow64_microsoft-windows-quickassist_31bf3856ad364e35_10.0.19041.1_none_be46845142812e94.manifest to Extraction Queue

Expanding Files ....

Expanding Files Complete ...
166 files total.
