2026-10-04 06:37:37, Info                  DISM   PID=7528 TID=2272 Scratch directory set to 'C:\WINDOWS\SystemTemp\'. - CDISMManager::put_ScratchDir
2026-10-04 06:37:37, Info                  DISM   PID=7528 TID=2272 DismCore.dll version: 10.0.26100.7920 - CDISMManager::FinalConstruct
2026-10-04 06:37:37, Info                  DISM   Initialized Panther logging at C:\wim-uup-validation-1791090913159215058\assembly\logs\dism-43.log
2026-10-04 06:37:37, Info                  DISM   PID=7528 TID=2272 Successfully loaded the ImageSession at "C:\WINDOWS\system32\Dism" - CDISMManager::LoadLocalImageSession
2026-10-04 06:37:37, Info                  DISM   Initialized Panther logging at C:\wim-uup-validation-1791090913159215058\assembly\logs\dism-43.log
2026-10-04 06:37:37, Info                  DISM   DISM Provider Store: PID=7528 TID=2272 Found and Initialized the DISM Logger. - CDISMProviderStore::Internal_InitializeLogger
2026-10-04 06:37:37, Info                  DISM   Initialized Panther logging at C:\wim-uup-validation-1791090913159215058\assembly\logs\dism-43.log
2026-10-04 06:37:37, Info                  DISM   DISM Manager: PID=7528 TID=2272 Successfully created the local image session and provider store. - CDISMManager::CreateLocalImageSession
2026-10-04 06:37:37, Info                  DISM   DISM.EXE: 
2026-10-04 06:37:37, Info                  DISM   DISM.EXE: <----- Starting Dism.exe session ----->
2026-10-04 06:37:37, Info                  DISM   DISM.EXE: 
2026-10-04 06:37:37, Info                  DISM   DISM.EXE: Host machine information: OS Version=10.0.26200, Running architecture=amd64, Number of processors=4
2026-10-04 06:37:37, Info                  DISM   DISM.EXE: Instance information: Parent process=C:\wim-uup-validation-1791090913159215058\windows-uup-fixed.exe, Parent process PID=5192
2026-10-04 06:37:37, Info                  DISM   DISM.EXE: Dism.exe version: 10.0.26100.5074
2026-10-04 06:37:37, Info                  DISM   DISM.EXE: Executing command line: "dism.exe" /Mount-Image /ImageFile:C:\wim-uup-validation-1791090913159215058\assembly\base-media\sources\boot.wim /Index:1 /MountDir:C:\wim-uup-validation-1791090913159215058\assembly\mount /CheckIntegrity /LogPath:C:\wim-uup-validation-1791090913159215058\assembly\logs\dism-43.log /English /NoRestart
2026-10-04 06:37:37, Info                  DISM   DISM Imaging Provider: PID=7528 TID=2272 WIM image specified - CGenericImagingManager::GetImageInfoCollection
[7528.2272] Mounting new image.
Wim:         [C:\wim-uup-validation-1791090913159215058\assembly\base-media\sources\boot.wim]
Image Index: [1]
Mount Guid:  [f375b105-a3b2-4e9e-b099-b18e80d9b113]
Mount Path:  [C:\wim-uup-validation-1791090913159215058\assembly\mount]
[7528.2272] Wimserv process started for mount guid f375b105-a3b2-4e9e-b099-b18e80d9b113; PID is 5144
[5144.3824] Registered log file(s) for mount of wim at C:\wim-uup-validation-1791090913159215058\assembly\base-media\sources\boot.wim.
[5144.3824] Mount complete.
2026-10-04 06:37:45, Info                  DISM   DISM.EXE: Image session has been closed. Reboot required=no.
2026-10-04 06:37:45, Info                  DISM   DISM.EXE: 
2026-10-04 06:37:45, Info                  DISM   DISM.EXE: <----- Ending Dism.exe session ----->
2026-10-04 06:37:45, Info                  DISM   DISM.EXE: 
[5144.7684] Received unmount request.
[5144.7684] Unmount complete.
[5144.3144] Wimserv exiting per terminate event.
[5144.3144] Wimserv stopped.
